01-28 15:37:57.177 19501 19610 I flutter : tournament collection start :: 259 syncWithRegisteredPlayersCount 23
01-28 15:37:57.180 19501 19610 I flutter : tournament collection end :: 259 syncWithRegisteredPlayersCount 23
01-28 15:37:58.209 19501 19610 I flutter : tournament collection start :: 186 syncWithRegisteredPlayersCount 23
01-28 15:37:58.217 19501 19610 I flutter : tournament collection end :: 186 syncWithRegisteredPlayersCount 23
01-28 15:37:58.427 19501 19861 I Unity   : [3:37:58 PM] [***********] Sending request to server {"_id":"p260","f1":"greyed_out_leave_cta_clicked","f2":"Player kabyjg001 has clicked on leave table when it is disabled in last secs of game start countdown","f3":"2024-01-28 15:37:58.420","socketid":0}
01-28 15:37:58.427 19501 19861 I Unity   : UnityEngine.Logger:Log(LogType, Object)
01-28 15:37:58.427 19501 19861 I Unity   : JungleeGames.Networking.CmdClientRequestToServer:Execute()
01-28 15:37:58.427 19501 19861 I Unity   : XcelerateGames.IOC.SignalSequencer:Execute(AbstractCommand, Boolean)
01-28 15:37:58.427 19501 19861 I Unity   : XcelerateGames.IOC.CommandBinder:OnSignal(AbstractSignal)
01-28 15:37:58.427 19501 19861 I Unity   : XcelerateGames.IOC.Signal`3:Dispatch(T, U, V)
01-28 15:37:58.427 19501 19861 I Unity   : JungleeGames.Rummy.CmdSendAnalyticsEvent:Execute()
01-28 15:37:58.427 19501 19861 I Unity   : XcelerateGames.IOC.SignalSequencer:Execute(AbstractCommand, Boolean)
01-28 15:37:58.427 19501 19861 I Unity   : XcelerateGames.IOC.CommandBinder:OnSignal(AbstractSignal)
01-28 15:37:58.427 19501 19861 I Unity   : XcelerateGames.IOC.Signal`3:Dispatch(T, U, V)
01-28 15:37:58.427 19501 19861 I Unity   : JungleeGames.Rummy.UiHud:ToggleLeaveDisableMsg(Boolean)
01-28 15:37:58.427 19501 19861 I Unity   : UnityEngine.Events.UnityEvent`1:Invoke(T0)
01-28 15:37:58.427 19501 19861 I Unity   : 
01-28 15:37:58.894 19501 19610 I flutter : tournament collection start :: 42 syncWithUpdates 23
01-28 15:37:58.897 19501 19610 I flutter : tournament collection end :: 42 syncWithUpdates 23
01-28 15:37:58.965 19501 19610 I flutter : tournament collection start :: 869 syncWithUpdates 23
01-28 15:37:58.972 19501 19610 I flutter : tournament collection end :: 869 syncWithUpdates 23
01-28 15:37:59.088 19501 19610 I flutter : tournament collection start :: 265 syncWithUpdates 23
01-28 15:37:59.090 19501 19610 I flutter : tournament collection end :: 265 syncWithUpdates 23
01-28 15:37:59.091 19501 19610 I flutter : tournament collection start :: 462 syncWithUpdates 23
01-28 15:37:59.093 19501 19610 I flutter : tournament collection end :: 462 syncWithUpdates 23
01-28 15:37:59.094 19501 19610 I flutter : tournament collection start :: 987 syncWithUpdates 23
01-28 15:37:59.097 19501 19610 I flutter : tournament collection end :: 987 syncWithUpdates 23
01-28 15:37:59.108 19501 19861 I Unity   : [3:37:59 PM] [***********] Sending request to server {"_id":"p260","f1":"greyed_out_leave_cta_clicked","f2":"Player kabyjg001 has clicked on leave table when it is disabled in last secs of game start countdown","f3":"2024-01-28 15:37:59.102","socketid":0}
01-28 15:37:59.108 19501 19861 I Unity   : UnityEngine.Logger:Log(LogType, Object)
01-28 15:37:59.108 19501 19861 I Unity   : JungleeGames.Networking.CmdClientRequestToServer:Execute()
01-28 15:37:59.108 19501 19861 I Unity   : XcelerateGames.IOC.SignalSequencer:Execute(AbstractCommand, Boolean)
01-28 15:37:59.108 19501 19861 I Unity   : XcelerateGames.IOC.CommandBinder:OnSignal(AbstractSignal)
01-28 15:37:59.108 19501 19861 I Unity   : XcelerateGames.IOC.Signal`3:Dispatch(T, U, V)
01-28 15:37:59.108 19501 19861 I Unity   : JungleeGames.Rummy.CmdSendAnalyticsEvent:Execute()
01-28 15:37:59.108 19501 19861 I Unity   : XcelerateGames.IOC.SignalSequencer:Execute(AbstractCommand, Boolean)
01-28 15:37:59.108 19501 19861 I Unity   : XcelerateGames.IOC.CommandBinder:OnSignal(AbstractSignal)
01-28 15:37:59.108 19501 19861 I Unity   : XcelerateGames.IOC.Signal`3:Dispatch(T, U, V)
01-28 15:37:59.108 19501 19861 I Unity   : JungleeGames.Rummy.UiHud:ToggleLeaveDisableMsg(Boolean)
01-28 15:37:59.108 19501 19861 I Unity   : UnityEngine.Events.UnityEvent`1:Invoke(T0)
01-28 15:37:59.108 19501 19861 I Unity   : 
01-28 15:37:59.309 19501 19610 I flutter : tournament collection start :: 23 syncWithUpdates 23
01-28 15:37:59.317 19501 19610 I flutter : tournament collection end :: 23 syncWithUpdates 23
01-28 15:37:59.319 19501 19610 I flutter : tournament collection start :: 686 syncWithUpdates 23
01-28 15:37:59.326 19501 19610 I flutter : tournament collection end :: 686 syncWithUpdates 23
01-28 15:37:59.327 19501 19610 I flutter : tournament collection start :: 750 syncWithUpdates 23
01-28 15:37:59.333 19501 19610 I flutter : tournament collection end :: 750 syncWithUpdates 23
01-28 15:37:59.336 19501 19610 I flutter : tournament collection start :: 451 syncWithUpdates 23
01-28 15:37:59.342 19501 19610 I flutter : tournament collection end :: 451 syncWithUpdates 23
01-28 15:37:59.700 19501 19610 I flutter : tournament collection start :: 971 syncWithRegisteredPlayersCount 23
01-28 15:37:59.709 19501 19610 I flutter : tournament collection end :: 971 syncWithRegisteredPlayersCount 23
01-28 15:37:59.712 19501 19610 I flutter : tournament collection start :: 30 syncWithUpdates 23
01-28 15:37:59.721 19501 19610 I flutter : tournament collection end :: 30 syncWithUpdates 23
01-28 15:38:00.059 19501 19861 I Unity   : Tournament state change on table id *********** is NONE
01-28 15:38:00.059 19501 19861 I Unity   : UnityEngine.Logger:Log(LogType, Object)
01-28 15:38:00.059 19501 19861 I Unity   : JungleeGames.Rummy.CmdChangeTournamentStatus:Execute()
01-28 15:38:00.059 19501 19861 I Unity   : XcelerateGames.IOC.SignalSequencer:Execute(AbstractCommand, Boolean)
01-28 15:38:00.059 19501 19861 I Unity   : XcelerateGames.IOC.CommandBinder:OnSignal(AbstractSignal)
01-28 15:38:00.059 19501 19861 I Unity   : XcelerateGames.IOC.Signal`2:Dispatch(T, U)
01-28 15:38:00.059 19501 19861 I Unity   : JungleeGames.Rummy.UiTable:ResetTournamnetVariables()
01-28 15:38:00.059 19501 19861 I Unity   : JungleeGames.Rummy.UiTable:OnBeginNewGame(SM_BEGIN_NEW_GAME)
01-28 15:38:00.059 19501 19861 I Unity   : JungleeGames.Rummy.UiTablePoints:OnBeginNewGame(SM_BEGIN_NEW_GAME)
01-28 15:38:00.059 19501 19861 I Unity   : XcelerateGames.IOC.Signal`1:Dispatch(T)
01-28 15:38:00.059 19501 19861 I Unity   : JungleeGames.Rummy.MessageProcessor:OnMessage(String, Int64)
01-28 15:38:00.059 19501 19861 I Unity   : XcelerateGames.IOC.Signal`2:Dispatch(T, U)
01-28 15:38:00.059 19501 19861 I Unity   : JungleeGames.Networking.SocketManager:Update()
01-28 15:38:00.059 19501 19861 I Unity   : 
01-28 15:38:00.065 19501 19861 I Unity   : Game state change on table id *********** is DEAL_STARTED
01-28 15:38:00.065 19501 19861 I Unity   : UnityEngine.Logger:Log(LogType, Object)
01-28 15:38:00.065 19501 19861 I Unity   : CmdChangeGameState:Execute()
01-28 15:38:00.065 19501 19861 I Unity   : XcelerateGames.IOC.SignalSequencer:Execute(AbstractCommand, Boolean)
01-28 15:38:00.065 19501 19861 I Unity   : XcelerateGames.IOC.CommandBinder:OnSignal(AbstractSignal)
01-28 15:38:00.065 19501 19861 I Unity   : XcelerateGames.IOC.Signal`2:Dispatch(T, U)
01-28 15:38:00.065 19501 19861 I Unity   : JungleeGames.Rummy.UiTable:OnBeginNewGame(SM_BEGIN_NEW_GAME)
01-28 15:38:00.065 19501 19861 I Unity   : JungleeGames.Rummy.UiTablePoints:OnBeginNewGame(SM_BEGIN_NEW_GAME)
01-28 15:38:00.065 19501 19861 I Unity   : XcelerateGames.IOC.Signal`1:Dispatch(T)
01-28 15:38:00.065 19501 19861 I Unity   : JungleeGames.Rummy.MessageProcessor:OnMessage(String, Int64)
01-28 15:38:00.065 19501 19861 I Unity   : XcelerateGames.IOC.Signal`2:Dispatch(T, U)
01-28 15:38:00.065 19501 19861 I Unity   : JungleeGames.Networking.SocketManager:Update()
01-28 15:38:00.065 19501 19861 I Unity   : 
01-28 15:38:00.073 19501 19861 I Unity   : hiding all notification on table13282778801
01-28 15:38:00.073 19501 19861 I Unity   : UnityEngine.Logger:Log(LogType, Object)
01-28 15:38:00.073 19501 19861 I Unity   : JungleeGames.Rummy.RummyNotificationController:OnSigHideAllNotificationofTable(Int64)
01-28 15:38:00.073 19501 19861 I Unity   : XcelerateGames.IOC.Signal`1:Dispatch(T)
01-28 15:38:00.073 19501 19861 I Unity   : JungleeGames.Rummy.UiTable:OnBeginNewGame(SM_BEGIN_NEW_GAME)
01-28 15:38:00.073 19501 19861 I Unity   : JungleeGames.Rummy.UiTablePoints:OnBeginNewGame(SM_BEGIN_NEW_GAME)
01-28 15:38:00.073 19501 19861 I Unity   : XcelerateGames.IOC.Signal`1:Dispatch(T)
01-28 15:38:00.073 19501 19861 I Unity   : JungleeGames.Rummy.MessageProcessor:OnMessage(String, Int64)
01-28 15:38:00.073 19501 19861 I Unity   : XcelerateGames.IOC.Signal`2:Dispatch(T, U)
01-28 15:38:00.073 19501 19861 I Unity   : JungleeGames.Networking.SocketManager:Update()
01-28 15:38:00.073 19501 19861 I Unity   : 
01-28 15:38:00.077 19501 19861 I Unity   : Game state change on table id *********** is TOSS_IN_PROGRESS
01-28 15:38:00.077 19501 19861 I Unity   : UnityEngine.Logger:Log(LogType, Object)
01-28 15:38:00.077 19501 19861 I Unity   : CmdChangeGameState:Execute()
01-28 15:38:00.077 19501 19861 I Unity   : XcelerateGames.IOC.SignalSequencer:Execute(AbstractCommand, Boolean)
01-28 15:38:00.077 19501 19861 I Unity   : XcelerateGames.IOC.CommandBinder:OnSignal(AbstractSignal)
01-28 15:38:00.077 19501 19861 I Unity   : XcelerateGames.IOC.Signal`2:Dispatch(T, U)
01-28 15:38:00.077 19501 19861 I Unity   : JungleeGames.Rummy.UiTable:OnBeginNewGame(SM_BEGIN_NEW_GAME)
01-28 15:38:00.077 19501 19861 I Unity   : JungleeGames.Rummy.UiTablePoints:OnBeginNewGame(SM_BEGIN_NEW_GAME)
01-28 15:38:00.077 19501 19861 I Unity   : XcelerateGames.IOC.Signal`1:Dispatch(T)
01-28 15:38:00.077 19501 19861 I Unity   : JungleeGames.Rummy.MessageProcessor:OnMessage(String, Int64)
01-28 15:38:00.077 19501 19861 I Unity   : XcelerateGames.IOC.Signal`2:Dispatch(T, U)
01-28 15:38:00.077 19501 19861 I Unity   : JungleeGames.Networking.SocketManager:Update()
01-28 15:38:00.077 19501 19861 I Unity   : 
01-28 15:38:00.097 19501 19861 I Unity   : [3:38:00 PM] [***********] Sending request to server {"_id":"p260","f1":"TossCard","f2":"TossCard 7♠","f3":"2024-01-28 15:38:00.093","socketid":0}
01-28 15:38:00.097 19501 19861 I Unity   : UnityEngine.Logger:Log(LogType, Object)
01-28 15:38:00.097 19501 19861 I Unity   : JungleeGames.Networking.CmdClientRequestToServer:Execute()
01-28 15:38:00.097 19501 19861 I Unity   : XcelerateGames.IOC.SignalSequencer:Execute(AbstractCommand, Boolean)
01-28 15:38:00.097 19501 19861 I Unity   : XcelerateGames.IOC.CommandBinder:OnSignal(AbstractSignal)
01-28 15:38:00.097 19501 19861 I Unity   : XcelerateGames.IOC.Signal`3:Dispatch(T, U, V)
01-28 15:38:00.097 19501 19861 I Unity   : JungleeGames.Rummy.CmdSendAnalyticsEvent:Execute()
01-28 15:38:00.097 19501 19861 I Unity   : XcelerateGames.IOC.SignalSequencer:Execute(AbstractCommand, Boolean)
01-28 15:38:00.097 19501 19861 I Unity   : XcelerateGames.IOC.CommandBinder:OnSignal(AbstractSignal)
01-28 15:38:00.097 19501 19861 I Unity   : XcelerateGames.IOC.Signal`3:Dispatch(T, U, V)
01-28 15:38:00.097 19501 19861 I Unity   : JungleeGames.Rummy.UiTable:TossAnimationSequence(PLAYER_TOSS_CARD_SEAT_INFO_PD[])
01-28 15:38:00.097 19501 19861 I Unity   : JungleeGames.Rummy.UiTable:PlayTossAnim(PLAYER_TOSS_CARD_SEAT_INFO_PD[])
01-28 15:38:00.097 19501 19861 I Unity   : JungleeGames.Rummy.UiTable:OnBeginNewGame(SM_BEGIN_NEW_GAME)
01-28 15:38:00.097 19501 19861 I Unity   : JungleeGames.Rummy.UiTablePoints:OnBeginNewGame(SM_BEGIN_NEW_GAME)
01-28 15:38:00.097 19501 19861 I Unity   : XcelerateGames.IOC.Signal`1:Dispatch(T)
01-28 15:38:00.097 19501 19861 I Unity   : JungleeGames.Rummy.MessageProcessor:OnMessage(String, I
01-28 15:38:00.103 19501 19861 I Unity   : 3:38:00 PM : SendMessageToFlutter: GameTableState "{"type":"GameTableState","data":"{\"tableId\":\"***********\",\"gameState\":\"TOSS_ANIMATION\"}"}"
01-28 15:38:00.103 19501 19861 I Unity   : UnityEngine.Logger:Log(LogType, Object)
01-28 15:38:00.103 19501 19861 I Unity   : XcelerateGames.FlutterWidget.UnityMessageManager:SendMessageToFlutter(FlutterMessage)
01-28 15:38:00.103 19501 19861 I Unity   : XcelerateGames.IOC.Signal`1:Dispatch(T)
01-28 15:38:00.103 19501 19861 I Unity   : JungleeGames.Rummy.CmdSendGameStateToFlutter:SendStateToFlutter()
01-28 15:38:00.103 19501 19861 I Unity   : JungleeGames.Rummy.CmdSendGameStateToFlutter:Execute()
01-28 15:38:00.103 19501 19861 I Unity   : XcelerateGames.IOC.SignalSequencer:Execute(AbstractCommand, Boolean)
01-28 15:38:00.103 19501 19861 I Unity   : XcelerateGames.IOC.CommandBinder:OnSignal(AbstractSignal)
01-28 15:38:00.103 19501 19861 I Unity   : XcelerateGames.IOC.Signal`2:Dispatch(T, U)
01-28 15:38:00.103 19501 19861 I Unity   : CmdGameLogGameState:Execute()
01-28 15:38:00.103 19501 19861 I Unity   : XcelerateGames.IOC.SignalSequencer:Execute(AbstractCommand, Boolean)
01-28 15:38:00.103 19501 19861 I Unity   : XcelerateGames.IOC.CommandBinder:OnSignal(AbstractSignal)
01-28 15:38:00.103 19501 19861 I Unity   : XcelerateGames.IOC.Signal`2:Dispatch(T, U)
01-28 15:38:00.103 19501 19861 I Unity   : JungleeGames.Rummy.UiTable:PlayTossAnim(PLAYER_TOSS_CARD_SEAT_INFO_PD[])
01-28 15:38:00.103 19501 19861 I Unity   : JungleeGames.Rummy.UiTable:OnBeginNewGame(SM_BEGIN_NEW_GAME)
01-28 15:38:00.103 19501 19861 I Unity   : JungleeGames.Rummy.UiTablePoints:OnBeginNewGame(SM_BEGIN_NEW_GAME)
01-28 15:38:00.103 19501 19861 I Unity   : XcelerateGames.
01-28 15:38:00.104 19501 19861 D UnityListener: total listeners are 1
01-28 15:38:00.506 19501 19610 I flutter : tournament collection start :: 36 syncWithRegisteredPlayersCount 23
01-28 15:38:00.509 19501 19610 I flutter : tournament collection end :: 36 syncWithRegisteredPlayersCount 23
01-28 15:38:01.576 19501 19610 I flutter : tournament collection start :: 758 syncWithRegisteredPlayersCount 23
01-28 15:38:01.580 19501 19610 I flutter : tournament collection end :: 758 syncWithRegisteredPlayersCount 23
01-28 15:38:02.486 19501 19610 I flutter : tournament collection start :: 543 syncWithRegisteredPlayersCount 23
01-28 15:38:02.488 19501 19610 I flutter : tournament collection end :: 543 syncWithRegisteredPlayersCount 23
01-28 15:38:03.087 19501 19861 I Unity   : Tournament state change on table id *********** is NONE
01-28 15:38:03.087 19501 19861 I Unity   : UnityEngine.Logger:Log(LogType, Object)
01-28 15:38:03.087 19501 19861 I Unity   : JungleeGames.Rummy.CmdChangeTournamentStatus:Execute()
01-28 15:38:03.087 19501 19861 I Unity   : XcelerateGames.IOC.SignalSequencer:Execute(AbstractCommand, Boolean)
01-28 15:38:03.087 19501 19861 I Unity   : XcelerateGames.IOC.CommandBinder:OnSignal(AbstractSignal)
01-28 15:38:03.087 19501 19861 I Unity   : XcelerateGames.IOC.Signal`2:Dispatch(T, U)
01-28 15:38:03.087 19501 19861 I Unity   : JungleeGames.Rummy.UiTable:ResetTournamnetVariables()
01-28 15:38:03.087 19501 19861 I Unity   : JungleeGames.Rummy.UiTable:OnBeginNewDeal(SM_BEGIN_NEW_DEAL)
01-28 15:38:03.087 19501 19861 I Unity   : JungleeGames.Rummy.UiTablePoints:OnBeginNewDeal(SM_BEGIN_NEW_DEAL)
01-28 15:38:03.087 19501 19861 I Unity   : XcelerateGames.IOC.Signal`1:Dispatch(T)
01-28 15:38:03.087 19501 19861 I Unity   : JungleeGames.Rummy.MessageProcessor:OnMessage(String, Int64)
01-28 15:38:03.087 19501 19861 I Unity   : XcelerateGames.IOC.Signal`2:Dispatch(T, U)
01-28 15:38:03.087 19501 19861 I Unity   : JungleeGames.Networking.SocketManager:Update()
01-28 15:38:03.087 19501 19861 I Unity   : 
01-28 15:38:03.093 19501 19861 I Unity   : hiding all notification on table13282778801
01-28 15:38:03.093 19501 19861 I Unity   : UnityEngine.Logger:Log(LogType, Object)
01-28 15:38:03.093 19501 19861 I Unity   : JungleeGames.Rummy.RummyNotificationController:OnSigHideAllNotificationofTable(Int64)
01-28 15:38:03.093 19501 19861 I Unity   : XcelerateGames.IOC.Signal`1:Dispatch(T)
01-28 15:38:03.093 19501 19861 I Unity   : JungleeGames.Rummy.UiTable:OnBeginNewDeal(SM_BEGIN_NEW_DEAL)
01-28 15:38:03.093 19501 19861 I Unity   : JungleeGames.Rummy.UiTablePoints:OnBeginNewDeal(SM_BEGIN_NEW_DEAL)
01-28 15:38:03.093 19501 19861 I Unity   : XcelerateGames.IOC.Signal`1:Dispatch(T)
01-28 15:38:03.093 19501 19861 I Unity   : JungleeGames.Rummy.MessageProcessor:OnMessage(String, Int64)
01-28 15:38:03.093 19501 19861 I Unity   : XcelerateGames.IOC.Signal`2:Dispatch(T, U)
01-28 15:38:03.093 19501 19861 I Unity   : JungleeGames.Networking.SocketManager:Update()
01-28 15:38:03.093 19501 19861 I Unity   : 
01-28 15:38:03.139 19501 19861 I Unity   : 3:38:03 PM : SendMessageToFlutter: GameTableState "{"type":"GameTableState","data":"{\"tableId\":\"***********\",\"gameState\":\"DEAL_ANIMATION\"}"}"
01-28 15:38:03.139 19501 19861 I Unity   : UnityEngine.Logger:Log(LogType, Object)
01-28 15:38:03.139 19501 19861 I Unity   : XcelerateGames.FlutterWidget.UnityMessageManager:SendMessageToFlutter(FlutterMessage)
01-28 15:38:03.139 19501 19861 I Unity   : XcelerateGames.IOC.Signal`1:Dispatch(T)
01-28 15:38:03.139 19501 19861 I Unity   : JungleeGames.Rummy.CmdSendGameStateToFlutter:SendStateToFlutter()
01-28 15:38:03.139 19501 19861 I Unity   : JungleeGames.Rummy.CmdSendGameStateToFlutter:Execute()
01-28 15:38:03.139 19501 19861 I Unity   : XcelerateGames.IOC.SignalSequencer:Execute(AbstractCommand, Boolean)
01-28 15:38:03.139 19501 19861 I Unity   : XcelerateGames.IOC.CommandBinder:OnSignal(AbstractSignal)
01-28 15:38:03.139 19501 19861 I Unity   : XcelerateGames.IOC.Signal`2:Dispatch(T, U)
01-28 15:38:03.139 19501 19861 I Unity   : CmdGameLogGameState:Execute()
01-28 15:38:03.139 19501 19861 I Unity   : XcelerateGames.IOC.SignalSequencer:Execute(AbstractCommand, Boolean)
01-28 15:38:03.139 19501 19861 I Unity   : XcelerateGames.IOC.CommandBinder:OnSignal(AbstractSignal)
01-28 15:38:03.139 19501 19861 I Unity   : XcelerateGames.IOC.Signal`2:Dispatch(T, U)
01-28 15:38:03.139 19501 19861 I Unity   : JungleeGames.Rummy.UiTable:OnBeginNewDeal(SM_BEGIN_NEW_DEAL)
01-28 15:38:03.139 19501 19861 I Unity   : JungleeGames.Rummy.UiTablePoints:OnBeginNewDeal(SM_BEGIN_NEW_DEAL)
01-28 15:38:03.139 19501 19861 I Unity   : XcelerateGames.IOC.Signal`1:Dispatch(T)
01-28 15:38:03.139 19501 19861 I Unity   : JungleeGames.Rummy.MessageProcessor:OnMessage(St
01-28 15:38:03.139 19501 19861 D UnityListener: total listeners are 1
01-28 15:38:03.191 19501 19861 I Unity   : Game state change on table id *********** is TOSS_COMPLETED
01-28 15:38:03.191 19501 19861 I Unity   : UnityEngine.Logger:Log(LogType, Object)
01-28 15:38:03.191 19501 19861 I Unity   : CmdChangeGameState:Execute()
01-28 15:38:03.191 19501 19861 I Unity   : XcelerateGames.IOC.SignalSequencer:Execute(AbstractCommand, Boolean)
01-28 15:38:03.191 19501 19861 I Unity   : XcelerateGames.IOC.CommandBinder:OnSignal(AbstractSignal)
01-28 15:38:03.191 19501 19861 I Unity   : XcelerateGames.IOC.Signal`2:Dispatch(T, U)
01-28 15:38:03.191 19501 19861 I Unity   : JungleeGames.Rummy.UiTable:TossDone()
01-28 15:38:03.191 19501 19861 I Unity   : JungleeGames.Rummy.<GenerateCardsOnTable>d__278:MoveNext()
01-28 15:38:03.191 19501 19861 I Unity   : UnityEngine.SetupCoroutine:InvokeMoveNext(IEnumerator, IntPtr)
01-28 15:38:03.191 19501 19861 I Unity   : XcelerateGames.IOC.Signal`1:Dispatch(T)
01-28 15:38:03.191 19501 19861 I Unity   : JungleeGames.Rummy.MessageProcessor:OnMessage(String, Int64)
01-28 15:38:03.191 19501 19861 I Unity   : XcelerateGames.IOC.Signal`2:Dispatch(T, U)
01-28 15:38:03.191 19501 19861 I Unity   : JungleeGames.Networking.SocketManager:Update()
01-28 15:38:03.191 19501 19861 I Unity   : 
01-28 15:38:03.395 19501 19861 I Unity   : [3:38:03 PM] [***********] Sending request to server {"_id":"p009","f1":[{"f1":1,"f2":0,"f4":0},{"f1":34,"f2":0,"f4":1},{"f1":4,"f2":0,"f4":2},{"f1":7,"f2":0,"f4":3},{"f1":41,"f2":0,"f4":4},{"f1":12,"f2":0,"f4":5},{"f1":14,"f2":0,"f4":6},{"f1":50,"f2":0,"f4":7},{"f1":20,"f2":0,"f4":8},{"f1":21,"f2":0,"f4":9},{"f1":26,"f2":0,"f4":10},{"f1":27,"f2":0,"f4":11},{"f1":0,"f2":0,"f4":12}],"socketid":0}
01-28 15:38:03.395 19501 19861 I Unity   : UnityEngine.Logger:Log(LogType, Object)
01-28 15:38:03.395 19501 19861 I Unity   : JungleeGames.Networking.CmdClientRequestToServer:Execute()
01-28 15:38:03.395 19501 19861 I Unity   : XcelerateGames.IOC.SignalSequencer:Execute(AbstractCommand, Boolean)
01-28 15:38:03.395 19501 19861 I Unity   : XcelerateGames.IOC.CommandBinder:OnSignal(AbstractSignal)
01-28 15:38:03.395 19501 19861 I Unity   : XcelerateGames.IOC.Signal`3:Dispatch(T, U, V)
01-28 15:38:03.395 19501 19861 I Unity   : JungleeGames.Rummy.<ValidateGroups>d__288:MoveNext()
01-28 15:38:03.395 19501 19861 I Unity   : UnityEngine.SetupCoroutine:InvokeMoveNext(IEnumerator, IntPtr)
01-28 15:38:03.395 19501 19861 I Unity   : 
01-28 15:38:03.399 19501 19861 I Unity   : [3:38:03 PM] [***********] Sending request to server {"_id":"p260","f1":"GroupCards","f2":"Player kabyjg001 has closed Sorted Card by Grouping.","f3":"2024-01-28 15:38:03.396","socketid":0}
01-28 15:38:03.399 19501 19861 I Unity   : UnityEngine.Logger:Log(LogType, Object)
01-28 15:38:03.399 19501 19861 I Unity   : JungleeGames.Networking.CmdClientRequestToServer:Execute()
01-28 15:38:03.399 19501 19861 I Unity   : XcelerateGames.IOC.SignalSequencer:Execute(AbstractCommand, Boolean)
01-28 15:38:03.399 19501 19861 I Unity   : XcelerateGames.IOC.CommandBinder:OnSignal(AbstractSignal)
01-28 15:38:03.399 19501 19861 I Unity   : XcelerateGames.IOC.Signal`3:Dispatch(T, U, V)
01-28 15:38:03.399 19501 19861 I Unity   : JungleeGames.Rummy.CmdSendAnalyticsEvent:Execute()
01-28 15:38:03.399 19501 19861 I Unity   : XcelerateGames.IOC.SignalSequencer:Execute(AbstractCommand, Boolean)
01-28 15:38:03.399 19501 19861 I Unity   : XcelerateGames.IOC.CommandBinder:OnSignal(AbstractSignal)
01-28 15:38:03.399 19501 19861 I Unity   : XcelerateGames.IOC.Signal`3:Dispatch(T, U, V)
01-28 15:38:03.399 19501 19861 I Unity   : JungleeGames.Rummy.<ValidateGroups>d__288:MoveNext()
01-28 15:38:03.399 19501 19861 I Unity   : UnityEngine.SetupCoroutine:InvokeMoveNext(IEnumerator, IntPtr)
01-28 15:38:03.399 19501 19861 I Unity   : 
01-28 15:38:03.502 19501 19610 I flutter : tournament collection start :: 630 syncWithRegisteredPlayersCount 23
01-28 15:38:03.509 19501 19610 I flutter : tournament collection end :: 630 syncWithRegisteredPlayersCount 23
01-28 15:38:03.928 19501 19610 I flutter : tournament collection start :: 416 syncWithRejoinUpdates 23
01-28 15:38:03.938 19501 19610 I flutter : tournament collection start :: 844 syncFiltersUpdated 23
01-28 15:38:03.994 19501 19610 I flutter : tournament collection end :: 844 syncFiltersUpdated 23
01-28 15:38:03.994 19501 19610 I flutter : tournament collection end :: 416 syncWithRejoinUpdates 23
01-28 15:38:04.499 19501 19610 I flutter : tournament collection start :: 23 syncWithRegisteredPlayersCount 23
01-28 15:38:04.505 19501 19610 I flutter : tournament collection end :: 23 syncWithRegisteredPlayersCount 23
01-28 15:38:05.053 19501 19861 I Unity   : Game state change on table id *********** is RUNNING
01-28 15:38:05.053 19501 19861 I Unity   : UnityEngine.Logger:Log(LogType, Object)
01-28 15:38:05.053 19501 19861 I Unity   : CmdChangeGameState:Execute()
01-28 15:38:05.053 19501 19861 I Unity   : XcelerateGames.IOC.SignalSequencer:Execute(AbstractCommand, Boolean)
01-28 15:38:05.053 19501 19861 I Unity   : XcelerateGames.IOC.CommandBinder:OnSignal(AbstractSignal)
01-28 15:38:05.053 19501 19861 I Unity   : XcelerateGames.IOC.Signal`2:Dispatch(T, U)
01-28 15:38:05.053 19501 19861 I Unity   : JungleeGames.Rummy.<GenerateCardsOnTable>d__278:MoveNext()
01-28 15:38:05.053 19501 19861 I Unity   : UnityEngine.SetupCoroutine:InvokeMoveNext(IEnumerator, IntPtr)
01-28 15:38:05.053 19501 19861 I Unity   : 
01-28 15:38:05.061 19501 19861 I Unity   : 3:38:05 PM : SendMessageToFlutter: GameTableState "{"type":"GameTableState","data":"{\"tableId\":\"***********\",\"gameState\":\"GAME_IN_PROGRESS\"}"}"
01-28 15:38:05.061 19501 19861 I Unity   : UnityEngine.Logger:Log(LogType, Object)
01-28 15:38:05.061 19501 19861 I Unity   : XcelerateGames.FlutterWidget.UnityMessageManager:SendMessageToFlutter(FlutterMessage)
01-28 15:38:05.061 19501 19861 I Unity   : XcelerateGames.IOC.Signal`1:Dispatch(T)
01-28 15:38:05.061 19501 19861 I Unity   : JungleeGames.Rummy.CmdSendGameStateToFlutter:SendStateToFlutter()
01-28 15:38:05.061 19501 19861 I Unity   : JungleeGames.Rummy.CmdSendGameStateToFlutter:Execute()
01-28 15:38:05.061 19501 19861 I Unity   : XcelerateGames.IOC.SignalSequencer:Execute(AbstractCommand, Boolean)
01-28 15:38:05.061 19501 19861 I Unity   : XcelerateGames.IOC.CommandBinder:OnSignal(AbstractSignal)
01-28 15:38:05.061 19501 19861 I Unity   : XcelerateGames.IOC.Signal`2:Dispatch(T, U)
01-28 15:38:05.061 19501 19861 I Unity   : CmdGameLogGameState:Execute()
01-28 15:38:05.061 19501 19861 I Unity   : XcelerateGames.IOC.SignalSequencer:Execute(AbstractCommand, Boolean)
01-28 15:38:05.061 19501 19861 I Unity   : XcelerateGames.IOC.CommandBinder:OnSignal(AbstractSignal)
01-28 15:38:05.061 19501 19861 I Unity   : XcelerateGames.IOC.Signal`2:Dispatch(T, U)
01-28 15:38:05.061 19501 19861 I Unity   : JungleeGames.Rummy.<GenerateCardsOnTable>d__278:MoveNext()
01-28 15:38:05.061 19501 19861 I Unity   : UnityEngine.SetupCoroutine:InvokeMoveNext(IEnumerator, IntPtr)
01-28 15:38:05.061 19501 19861 I Unity   : 
01-28 15:38:05.062 19501 19861 D UnityListener: total listeners are 1
01-28 15:38:05.526 19501 19610 I flutter : tournament collection start :: 293 syncWithRegisteredPlayersCount 23
01-28 15:38:05.533 19501 19610 I flutter : tournament collection end :: 293 syncWithRegisteredPlayersCount 23
01-28 15:38:05.607 19501 19861 I Unity   : [3:38:05 PM] [***********] Sending request to server {"_id":"p260","f1":"CardSorted","f2":"Player kabyjg001 sorted cards auto","f3":"2024-01-28 15:38:05.602","socketid":0}
01-28 15:38:05.607 19501 19861 I Unity   : UnityEngine.Logger:Log(LogType, Object)
01-28 15:38:05.607 19501 19861 I Unity   : JungleeGames.Networking.CmdClientRequestToServer:Execute()
01-28 15:38:05.607 19501 19861 I Unity   : XcelerateGames.IOC.SignalSequencer:Execute(AbstractCommand, Boolean)
01-28 15:38:05.607 19501 19861 I Unity   : XcelerateGames.IOC.CommandBinder:OnSignal(AbstractSignal)
01-28 15:38:05.607 19501 19861 I Unity   : XcelerateGames.IOC.Signal`3:Dispatch(T, U, V)
01-28 15:38:05.607 19501 19861 I Unity   : JungleeGames.Rummy.CmdSendAnalyticsEvent:Execute()
01-28 15:38:05.607 19501 19861 I Unity   : XcelerateGames.IOC.SignalSequencer:Execute(AbstractCommand, Boolean)
01-28 15:38:05.607 19501 19861 I Unity   : XcelerateGames.IOC.CommandBinder:OnSignal(AbstractSignal)
01-28 15:38:05.607 19501 19861 I Unity   : XcelerateGames.IOC.Signal`3:Dispatch(T, U, V)
01-28 15:38:05.607 19501 19861 I Unity   : JungleeGames.Rummy.UiTable:OnSortBtnClicked(UiItem)
01-28 15:38:05.607 19501 19861 I Unity   : JungleeGames.Rummy.<GenerateCardsOnTable>d__278:MoveNext()
01-28 15:38:05.607 19501 19861 I Unity   : UnityEngine.SetupCoroutine:InvokeMoveNext(IEnumerator, IntPtr)
01-28 15:38:05.607 19501 19861 I Unity   : 
01-28 15:38:05.644 19501 19861 I Unity   : [3:38:05 PM] [***********] Sending request to server {"_id":"p009","f1":[{"f1":1,"f2":0,"f4":0},{"f1":21,"f2":0,"f4":1},{"f1":41,"f2":0,"f4":2},{"f1":0,"f2":1,"f4":0},{"f1":4,"f2":1,"f4":1},{"f1":12,"f2":1,"f4":2},{"f1":20,"f2":1,"f4":3},{"f1":7,"f2":2,"f4":0},{"f1":27,"f2":2,"f4":1},{"f1":14,"f2":3,"f4":0},{"f1":26,"f2":3,"f4":1},{"f1":34,"f2":3,"f4":2},{"f1":50,"f2":3,"f4":3}],"socketid":0}
01-28 15:38:05.644 19501 19861 I Unity   : UnityEngine.Logger:Log(LogType, Object)
01-28 15:38:05.644 19501 19861 I Unity   : JungleeGames.Networking.CmdClientRequestToServer:Execute()
01-28 15:38:05.644 19501 19861 I Unity   : XcelerateGames.IOC.SignalSequencer:Execute(AbstractCommand, Boolean)
01-28 15:38:05.644 19501 19861 I Unity   : XcelerateGames.IOC.CommandBinder:OnSignal(AbstractSignal)
01-28 15:38:05.644 19501 19861 I Unity   : XcelerateGames.IOC.Signal`3:Dispatch(T, U, V)
01-28 15:38:05.644 19501 19861 I Unity   : JungleeGames.Rummy.<ValidateGroups>d__288:MoveNext()
01-28 15:38:05.644 19501 19861 I Unity   : UnityEngine.SetupCoroutine:InvokeMoveNext(IEnumerator, IntPtr)
01-28 15:38:05.644 19501 19861 I Unity   : 
01-28 15:38:06.057 19501 19861 I Unity   : [3:38:06 PM] [***********] Sending request to server {"_id":"p260","f1":"LeaveTableFrmGame","f2":"Player kabyjg001 has clicked leave table from game table","f3":"2024-01-28 15:38:06.051","socketid":0}
01-28 15:38:06.057 19501 19861 I Unity   : UnityEngine.Logger:Log(LogType, Object)
01-28 15:38:06.057 19501 19861 I Unity   : JungleeGames.Networking.CmdClientRequestToServer:Execute()
01-28 15:38:06.057 19501 19861 I Unity   : XcelerateGames.IOC.SignalSequencer:Execute(AbstractCommand, Boolean)
01-28 15:38:06.057 19501 19861 I Unity   : XcelerateGames.IOC.CommandBinder:OnSignal(AbstractSignal)
01-28 15:38:06.057 19501 19861 I Unity   : XcelerateGames.IOC.Signal`3:Dispatch(T, U, V)
01-28 15:38:06.057 19501 19861 I Unity   : JungleeGames.Rummy.CmdSendAnalyticsEvent:Execute()
01-28 15:38:06.057 19501 19861 I Unity   : XcelerateGames.IOC.SignalSequencer:Execute(AbstractCommand, Boolean)
01-28 15:38:06.057 19501 19861 I Unity   : XcelerateGames.IOC.CommandBinder:OnSignal(AbstractSignal)
01-28 15:38:06.057 19501 19861 I Unity   : XcelerateGames.IOC.Signal`3:Dispatch(T, U, V)
01-28 15:38:06.057 19501 19861 I Unity   : JungleeGames.Rummy.UiHud:OpenLeaveConfirmPopUp()
01-28 15:38:06.057 19501 19861 I Unity   : JungleeGames.Rummy.UiHud:OnGameExit(UiItem)
01-28 15:38:06.057 19501 19861 I Unity   : UnityEngine.Events.UnityEvent`1:Invoke(T0)
01-28 15:38:06.057 19501 19861 I Unity   : 
01-28 15:38:06.064 19501 19861 I Unity   : 3:38:06 PM : SendMessageToFlutter: CloseAddTablePopup "{"type":"CloseAddTablePopup"}"
01-28 15:38:06.064 19501 19861 I Unity   : UnityEngine.Logger:Log(LogType, Object)
01-28 15:38:06.064 19501 19861 I Unity   : XcelerateGames.FlutterWidget.UnityMessageManager:SendMessageToFlutter(FlutterMessage)
01-28 15:38:06.064 19501 19861 I Unity   : XcelerateGames.IOC.Signal`1:Dispatch(T)
01-28 15:38:06.064 19501 19861 I Unity   : XcelerateGames.IOC.Signal:Dispatch()
01-28 15:38:06.064 19501 19861 I Unity   : JungleeGames.Rummy.PopUpManager:LoadDialogBox(Int64, DialogBoxWithCustomHeaderParameters, DialogBoxWithPredefinedHeaderParameters, Action`1)
01-28 15:38:06.064 19501 19861 I Unity   : XcelerateGames.IOC.Signal`4:Dispatch(T, U, V, W)
01-28 15:38:06.064 19501 19861 I Unity   : JungleeGames.Rummy.UiHud:OpenLeaveConfirmPopUp()
01-28 15:38:06.064 19501 19861 I Unity   : JungleeGames.Rummy.UiHud:OnGameExit(UiItem)
01-28 15:38:06.064 19501 19861 I Unity   : UnityEngine.Events.UnityEvent`1:Invoke(T0)
01-28 15:38:06.064 19501 19861 I Unity   : 
01-28 15:38:06.064 19501 19861 D UnityListener: total listeners are 1
01-28 15:38:06.558 19501 19610 I flutter : tournament collection start :: 924 syncWithRegisteredPlayersCount 23
01-28 15:38:06.565 19501 19610 I flutter : tournament collection end :: 924 syncWithRegisteredPlayersCount 23
01-28 15:38:06.959 19501 19861 I Unity   : [3:38:06 PM] [***********] Sending request to server {"_id":"p260","f1":"Drop_And_Leave_clicked","f2":"Playerkabyjg001 clicked on DROP AND LEAVE from Leave table pop up on table *********** and game state is GAME_IN_PROGRESS","f3":"2024-01-28 15:38:06.952","socketid":0}
01-28 15:38:06.959 19501 19861 I Unity   : UnityEngine.Logger:Log(LogType, Object)
01-28 15:38:06.959 19501 19861 I Unity   : JungleeGames.Networking.CmdClientRequestToServer:Execute()
01-28 15:38:06.959 19501 19861 I Unity   : XcelerateGames.IOC.SignalSequencer:Execute(AbstractCommand, Boolean)
01-28 15:38:06.959 19501 19861 I Unity   : XcelerateGames.IOC.CommandBinder:OnSignal(AbstractSignal)
01-28 15:38:06.959 19501 19861 I Unity   : XcelerateGames.IOC.Signal`3:Dispatch(T, U, V)
01-28 15:38:06.959 19501 19861 I Unity   : JungleeGames.Rummy.CmdSendAnalyticsEvent:Execute()
01-28 15:38:06.959 19501 19861 I Unity   : XcelerateGames.IOC.SignalSequencer:Execute(AbstractCommand, Boolean)
01-28 15:38:06.959 19501 19861 I Unity   : XcelerateGames.IOC.CommandBinder:OnSignal(AbstractSignal)
01-28 15:38:06.959 19501 19861 I Unity   : XcelerateGames.IOC.Signal`3:Dispatch(T, U, V)
01-28 15:38:06.959 19501 19861 I Unity   : JungleeGames.Rummy.UiHud:DoLeaveTable()
01-28 15:38:06.959 19501 19861 I Unity   : XcelerateGames.UI.UiDialogBox:OnItemClicked(UiItem)
01-28 15:38:06.959 19501 19861 I Unity   : UnityEngine.Events.UnityEvent`1:Invoke(T0)
01-28 15:38:06.959 19501 19861 I Unity   : 
01-28 15:38:06.967 19501 19861 I Unity   : [3:38:06 PM] [***********] Sending request to server {"_id":"p260","f1":"LeaveTableYesClick","f2":"Player kabyjg001 has clicked on leave table Yes Button when game state is GAME_IN_PROGRESS","f3":"2024-01-28 15:38:06.960","socketid":0}
01-28 15:38:06.967 19501 19861 I Unity   : UnityEngine.Logger:Log(LogType, Object)
01-28 15:38:06.967 19501 19861 I Unity   : JungleeGames.Networking.CmdClientRequestToServer:Execute()
01-28 15:38:06.967 19501 19861 I Unity   : XcelerateGames.IOC.SignalSequencer:Execute(AbstractCommand, Boolean)
01-28 15:38:06.967 19501 19861 I Unity   : XcelerateGames.IOC.CommandBinder:OnSignal(AbstractSignal)
01-28 15:38:06.967 19501 19861 I Unity   : XcelerateGames.IOC.Signal`3:Dispatch(T, U, V)
01-28 15:38:06.967 19501 19861 I Unity   : JungleeGames.Rummy.CmdSendAnalyticsEvent:Execute()
01-28 15:38:06.967 19501 19861 I Unity   : XcelerateGames.IOC.SignalSequencer:Execute(AbstractCommand, Boolean)
01-28 15:38:06.967 19501 19861 I Unity   : XcelerateGames.IOC.CommandBinder:OnSignal(AbstractSignal)
01-28 15:38:06.967 19501 19861 I Unity   : XcelerateGames.IOC.Signal`3:Dispatch(T, U, V)
01-28 15:38:06.967 19501 19861 I Unity   : JungleeGames.Rummy.UiTable:SendLeaveTable(Int64, AnalyticEvent, Boolean)
01-28 15:38:06.967 19501 19861 I Unity   : XcelerateGames.IOC.Signal`3:Dispatch(T, U, V)
01-28 15:38:06.967 19501 19861 I Unity   : JungleeGames.Rummy.UiHud:DoLeaveTable()
01-28 15:38:06.967 19501 19861 I Unity   : XcelerateGames.UI.UiDialogBox:OnItemClicked(UiItem)
01-28 15:38:06.967 19501 19861 I Unity   : UnityEngine.Events.UnityEvent`1:Invoke(T0)
01-28 15:38:06.967 19501 19861 I Unity   : 
01-28 15:38:06.976 19501 19861 I Unity   : [3:38:06 PM] [***********] Sending request to server {"_id":"p260","f1":"LeftTable","f2":"Player kabyjg001 left table.","f3":"2024-01-28 15:38:06.968","socketid":0}
01-28 15:38:06.976 19501 19861 I Unity   : UnityEngine.Logger:Log(LogType, Object)
01-28 15:38:06.976 19501 19861 I Unity   : JungleeGames.Networking.CmdClientRequestToServer:Execute()
01-28 15:38:06.976 19501 19861 I Unity   : XcelerateGames.IOC.SignalSequencer:Execute(AbstractCommand, Boolean)
01-28 15:38:06.976 19501 19861 I Unity   : XcelerateGames.IOC.CommandBinder:OnSignal(AbstractSignal)
01-28 15:38:06.976 19501 19861 I Unity   : XcelerateGames.IOC.Signal`3:Dispatch(T, U, V)
01-28 15:38:06.976 19501 19861 I Unity   : JungleeGames.Rummy.CmdSendAnalyticsEvent:Execute()
01-28 15:38:06.976 19501 19861 I Unity   : XcelerateGames.IOC.SignalSequencer:Execute(AbstractCommand, Boolean)
01-28 15:38:06.976 19501 19861 I Unity   : XcelerateGames.IOC.CommandBinder:OnSignal(AbstractSignal)
01-28 15:38:06.976 19501 19861 I Unity   : XcelerateGames.IOC.Signal`3:Dispatch(T, U, V)
01-28 15:38:06.976 19501 19861 I Unity   : JungleeGames.Rummy.CmdInitiateLeaveTable:Execute()
01-28 15:38:06.976 19501 19861 I Unity   : XcelerateGames.IOC.SignalSequencer:Execute(AbstractCommand, Boolean)
01-28 15:38:06.976 19501 19861 I Unity   : XcelerateGames.IOC.CommandBinder:OnSignal(AbstractSignal)
01-28 15:38:06.976 19501 19861 I Unity   : XcelerateGames.IOC.Signal`2:Dispatch(T, U)
01-28 15:38:06.976 19501 19861 I Unity   : JungleeGames.Rummy.UiTable:SendLeaveTable(Int64, AnalyticEvent, Boolean)
01-28 15:38:06.976 19501 19861 I Unity   : XcelerateGames.IOC.Signal`3:Dispatch(T, U, V)
01-28 15:38:06.976 19501 19861 I Unity   : JungleeGames.Rummy.UiH
01-28 15:38:06.986 19501 19861 I Unity   : [3:38:06 PM] [***********] Sending request to server {"_id":"p253","f1":true,"f2":***********,"socketid":0}
01-28 15:38:06.986 19501 19861 I Unity   : UnityEngine.Logger:Log(LogType, Object)
01-28 15:38:06.986 19501 19861 I Unity   : JungleeGames.Networking.CmdClientRequestToServer:Execute()
01-28 15:38:06.986 19501 19861 I Unity   : XcelerateGames.IOC.SignalSequencer:Execute(AbstractCommand, Boolean)
01-28 15:38:06.986 19501 19861 I Unity   : XcelerateGames.IOC.CommandBinder:OnSignal(AbstractSignal)
01-28 15:38:06.986 19501 19861 I Unity   : XcelerateGames.IOC.Signal`3:Dispatch(T, U, V)
01-28 15:38:06.986 19501 19861 I Unity   : JungleeGames.Rummy.CmdInitiateLeaveTable:Execute()
01-28 15:38:06.986 19501 19861 I Unity   : XcelerateGames.IOC.SignalSequencer:Execute(AbstractCommand, Boolean)
01-28 15:38:06.986 19501 19861 I Unity   : XcelerateGames.IOC.CommandBinder:OnSignal(AbstractSignal)
01-28 15:38:06.986 19501 19861 I Unity   : XcelerateGames.IOC.Signal`2:Dispatch(T, U)
01-28 15:38:06.986 19501 19861 I Unity   : JungleeGames.Rummy.UiTable:SendLeaveTable(Int64, AnalyticEvent, Boolean)
01-28 15:38:06.986 19501 19861 I Unity   : XcelerateGames.IOC.Signal`3:Dispatch(T, U, V)
01-28 15:38:06.986 19501 19861 I Unity   : JungleeGames.Rummy.UiHud:DoLeaveTable()
01-28 15:38:06.986 19501 19861 I Unity   : XcelerateGames.UI.UiDialogBox:OnItemClicked(UiItem)
01-28 15:38:06.986 19501 19861 I Unity   : UnityEngine.Events.UnityEvent`1:Invoke(T0)
01-28 15:38:06.986 19501 19861 I Unity   : 
01-28 15:38:06.987 19501 19861 I Unity   : NAP-4105 popup 1 hiding :  False
01-28 15:38:06.987 19501 19861 I Unity   : UnityEngine.Logger:Log(LogType, Object)
01-28 15:38:06.987 19501 19861 I Unity   : JungleeGames.Rummy.UiRummyDialogBox:Hide()
01-28 15:38:06.987 19501 19861 I Unity   : UnityEngine.Events.UnityEvent`1:Invoke(T0)
01-28 15:38:06.987 19501 19861 I Unity   : 
01-28 15:38:07.064 19501 20187 E Unity   : SocketClose => Bye:Normal :: ***********
01-28 15:38:07.064 19501 20187 E Unity   : UnityEngine.Logger:Log(LogType, Object)
01-28 15:38:07.064 19501 20187 E Unity   : JungleeGames.Networking.SocketManager:OnSocketClose(Object, CloseEventArgs)
01-28 15:38:07.064 19501 20187 E Unity   : WebSocketSharp.WebSocket:close(PayloadData, Boolean, Boolean, Boolean)
01-28 15:38:07.064 19501 20187 E Unity   : WebSocketSharp.WebSocket:processCloseFrame(WebSocketFrame)
01-28 15:38:07.064 19501 20187 E Unity   : WebSocketSharp.WebSocket:processReceivedFrame(WebSocketFrame)
01-28 15:38:07.064 19501 20187 E Unity   : WebSocketSharp.<>c__DisplayClass214_0:<startReceiving>b__1(WebSocketFrame)
01-28 15:38:07.064 19501 20187 E Unity   : WebSocketSharp.<>c__DisplayClass57_0:<ReadBytesAsync>b__0(IAsyncResult)
01-28 15:38:07.064 19501 20187 E Unity   : System.Threading.Tasks.TaskToApm:Begin(Task, AsyncCallback, Object)
01-28 15:38:07.064 19501 20187 E Unity   : WebSocketSharp.Ext:ReadBytesAsync(Stream, Int32, Action`1, Action`1)
01-28 15:38:07.064 19501 20187 E Unity   : WebSocketSharp.WebSocketFrame:readPayloadDataAsync(Stream, WebSocketFrame, Action`1, Action`1)
01-28 15:38:07.064 19501 20187 E Unity   : WebSocketSharp.<>c__DisplayClass84_0:<ReadFrameAsync>b__2(WebSocketFrame)
01-28 15:38:07.064 19501 20187 E Unity   : WebSocketSharp.<>c__DisplayClass84_0:<ReadFrameAsync>b__1(WebSocketFrame)
01-28 15:38:07.064 19501 20187 E Unity   : WebSocketSharp.<>c__DisplayClass84_0:<ReadFrameAsync>b__0(WebSocketFrame)
01-28 15:38:07.064 19501 20187 E Unity   : WebSocketSharp.<>c__DisplayClass57_0:<ReadBytesAsync>b__0(IAsyncResult)
01-28 15:38:07.064 19501 20187 E Unity   : S
01-28 15:38:07.078 19501 19861 I Unity   : 3:38:07 PM : SendMessageToFlutter: GameTableState "{"type":"GameTableState","data":"{\"tableId\":\"***********\",\"gameState\":\"LEAVE_TABLE\"}"}"
01-28 15:38:07.078 19501 19861 I Unity   : UnityEngine.Logger:Log(LogType, Object)
01-28 15:38:07.078 19501 19861 I Unity   : XcelerateGames.FlutterWidget.UnityMessageManager:SendMessageToFlutter(FlutterMessage)
01-28 15:38:07.078 19501 19861 I Unity   : XcelerateGames.IOC.Signal`1:Dispatch(T)
01-28 15:38:07.078 19501 19861 I Unity   : JungleeGames.Rummy.CmdSendGameStateToFlutter:SendStateToFlutter()
01-28 15:38:07.078 19501 19861 I Unity   : JungleeGames.Rummy.CmdSendGameStateToFlutter:Execute()
01-28 15:38:07.078 19501 19861 I Unity   : XcelerateGames.IOC.SignalSequencer:Execute(AbstractCommand, Boolean)
01-28 15:38:07.078 19501 19861 I Unity   : XcelerateGames.IOC.CommandBinder:OnSignal(AbstractSignal)
01-28 15:38:07.078 19501 19861 I Unity   : XcelerateGames.IOC.Signal`2:Dispatch(T, U)
01-28 15:38:07.078 19501 19861 I Unity   : JungleeGames.Rummy.CmdLeaveTable:Execute()
01-28 15:38:07.078 19501 19861 I Unity   : XcelerateGames.IOC.SignalSequencer:Execute(AbstractCommand, Boolean)
01-28 15:38:07.078 19501 19861 I Unity   : XcelerateGames.IOC.CommandBinder:OnSignal(AbstractSignal)
01-28 15:38:07.078 19501 19861 I Unity   : XcelerateGames.IOC.Signal`1:Dispatch(T)
01-28 15:38:07.078 19501 19861 I Unity   : JungleeGames.Rummy.MessageProcessor:OnMessage(String, Int64)
01-28 15:38:07.078 19501 19861 I Unity   : XcelerateGames.IOC.Signal`2:Dispatch(T, U)
01-28 15:38:07.078 19501 19861 I Unity   : JungleeGames.Networking.SocketManager:Update()
01-28 15:38:07.078 19501 19861 I Unity   : 
01-28 15:38:07.078 19501 19861 D UnityListener: total listeners are 1
01-28 15:38:07.087 19501 19861 I Unity   : Closing socket connection to 1 : ***********
01-28 15:38:07.087 19501 19861 I Unity   : UnityEngine.Logger:Log(LogType, Object)
01-28 15:38:07.087 19501 19861 I Unity   : JungleeGames.Networking.CmdDisconnectionHandler:Execute()
01-28 15:38:07.087 19501 19861 I Unity   : XcelerateGames.IOC.SignalSequencer:Execute(AbstractCommand, Boolean)
01-28 15:38:07.087 19501 19861 I Unity   : XcelerateGames.IOC.CommandBinder:OnSignal(AbstractSignal)
01-28 15:38:07.087 19501 19861 I Unity   : XcelerateGames.IOC.Signal`1:Dispatch(T)
01-28 15:38:07.087 19501 19861 I Unity   : JungleeGames.Rummy.CmdLeaveTable:Execute()
01-28 15:38:07.087 19501 19861 I Unity   : XcelerateGames.IOC.SignalSequencer:Execute(AbstractCommand, Boolean)
01-28 15:38:07.087 19501 19861 I Unity   : XcelerateGames.IOC.CommandBinder:OnSignal(AbstractSignal)
01-28 15:38:07.087 19501 19861 I Unity   : XcelerateGames.IOC.Signal`1:Dispatch(T)
01-28 15:38:07.087 19501 19861 I Unity   : JungleeGames.Rummy.MessageProcessor:OnMessage(String, Int64)
01-28 15:38:07.087 19501 19861 I Unity   : XcelerateGames.IOC.Signal`2:Dispatch(T, U)
01-28 15:38:07.087 19501 19861 I Unity   : JungleeGames.Networking.SocketManager:Update()
01-28 15:38:07.087 19501 19861 I Unity   : 
01-28 15:38:07.122 19501 19861 I Unity   : RemoveSocketManagerInstance
01-28 15:38:07.122 19501 19861 I Unity   : UnityEngine.Logger:Log(LogType, Object)
01-28 15:38:07.122 19501 19861 I Unity   : JungleeGames.Networking.CmdDisconnectionHandler:RemoveSocketManagerInstance()
01-28 15:38:07.122 19501 19861 I Unity   : JungleeGames.Networking.CmdDisconnectionHandler:Execute()
01-28 15:38:07.122 19501 19861 I Unity   : XcelerateGames.IOC.SignalSequencer:Execute(AbstractCommand, Boolean)
01-28 15:38:07.122 19501 19861 I Unity   : XcelerateGames.IOC.CommandBinder:OnSignal(AbstractSignal)
01-28 15:38:07.122 19501 19861 I Unity   : XcelerateGames.IOC.Signal`1:Dispatch(T)
01-28 15:38:07.122 19501 19861 I Unity   : JungleeGames.Rummy.CmdLeaveTable:Execute()
01-28 15:38:07.122 19501 19861 I Unity   : XcelerateGames.IOC.SignalSequencer:Execute(AbstractCommand, Boolean)
01-28 15:38:07.122 19501 19861 I Unity   : XcelerateGames.IOC.CommandBinder:OnSignal(AbstractSignal)
01-28 15:38:07.122 19501 19861 I Unity   : XcelerateGames.IOC.Signal`1:Dispatch(T)
01-28 15:38:07.122 19501 19861 I Unity   : JungleeGames.Rummy.MessageProcessor:OnMessage(String, Int64)
01-28 15:38:07.122 19501 19861 I Unity   : XcelerateGames.IOC.Signal`2:Dispatch(T, U)
01-28 15:38:07.122 19501 19861 I Unity   : JungleeGames.Networking.SocketManager:Update()
01-28 15:38:07.122 19501 19861 I Unity   : 
01-28 15:38:07.127 19501 19861 I Unity   : hiding all notification on table13282778801
01-28 15:38:07.127 19501 19861 I Unity   : UnityEngine.Logger:Log(LogType, Object)
01-28 15:38:07.127 19501 19861 I Unity   : JungleeGames.Rummy.RummyNotificationController:OnSigHideAllNotificationofTable(Int64)
01-28 15:38:07.127 19501 19861 I Unity   : XcelerateGames.IOC.Signal`1:Dispatch(T)
01-28 15:38:07.127 19501 19861 I Unity   : JungleeGames.Rummy.UiTable:OnGameQuitBtnClicked(Int64)
01-28 15:38:07.127 19501 19861 I Unity   : XcelerateGames.IOC.Signal`1:Dispatch(T)
01-28 15:38:07.127 19501 19861 I Unity   : JungleeGames.Rummy.CmdLeaveTable:Execute()
01-28 15:38:07.127 19501 19861 I Unity   : XcelerateGames.IOC.SignalSequencer:Execute(AbstractCommand, Boolean)
01-28 15:38:07.127 19501 19861 I Unity   : XcelerateGames.IOC.CommandBinder:OnSignal(AbstractSignal)
01-28 15:38:07.127 19501 19861 I Unity   : XcelerateGames.IOC.Signal`1:Dispatch(T)
01-28 15:38:07.127 19501 19861 I Unity   : JungleeGames.Rummy.MessageProcessor:OnMessage(String, Int64)
01-28 15:38:07.127 19501 19861 I Unity   : XcelerateGames.IOC.Signal`2:Dispatch(T, U)
01-28 15:38:07.127 19501 19861 I Unity   : JungleeGames.Networking.SocketManager:Update()
01-28 15:38:07.127 19501 19861 I Unity   : 
01-28 15:38:07.162 19501 19861 I Unity   : 3:38:07 PM : SendMessageToFlutter: TableIDToRemove "{"type":"TableIDToRemove","data":"{\"tableId\":\"***********\"}"}"
01-28 15:38:07.162 19501 19861 I Unity   : UnityEngine.Logger:Log(LogType, Object)
01-28 15:38:07.162 19501 19861 I Unity   : XcelerateGames.FlutterWidget.UnityMessageManager:SendMessageToFlutter(FlutterMessage)
01-28 15:38:07.162 19501 19861 I Unity   : XcelerateGames.IOC.Signal`1:Dispatch(T)
01-28 15:38:07.162 19501 19861 I Unity   : JungleeGames.Rummy.CmdLeaveTable:Execute()
01-28 15:38:07.162 19501 19861 I Unity   : XcelerateGames.IOC.SignalSequencer:Execute(AbstractCommand, Boolean)
01-28 15:38:07.162 19501 19861 I Unity   : XcelerateGames.IOC.CommandBinder:OnSignal(AbstractSignal)
01-28 15:38:07.162 19501 19861 I Unity   : XcelerateGames.IOC.Signal`1:Dispatch(T)
01-28 15:38:07.162 19501 19861 I Unity   : JungleeGames.Rummy.MessageProcessor:OnMessage(String, Int64)
01-28 15:38:07.162 19501 19861 I Unity   : XcelerateGames.IOC.Signal`2:Dispatch(T, U)
01-28 15:38:07.162 19501 19861 I Unity   : JungleeGames.Networking.SocketManager:Update()
01-28 15:38:07.162 19501 19861 I Unity   : 
01-28 15:38:07.162 19501 19861 D UnityListener: total listeners are 1
01-28 15:38:07.164 19501 19861 I Unity   : SocketClose => Bye:Normal :: 13282778801Logged  Time:3:38:07 PM
01-28 15:38:07.164 19501 19861 I Unity   : UnityEngine.Logger:Log(LogType, Object)
01-28 15:38:07.164 19501 19861 I Unity   : JungleeGames.Networking.SocketManager:Update()
01-28 15:38:07.164 19501 19861 I Unity   : 
01-28 15:38:07.171 19501 19861 I Unity   : [***********]table destroyed, Table Count is : 0
01-28 15:38:07.171 19501 19861 I Unity   : UnityEngine.Logger:Log(LogType, Object)
01-28 15:38:07.171 19501 19861 I Unity   : JungleeGames.Rummy.UiTable:OnDestroy()
01-28 15:38:07.171 19501 19861 I Unity   : 
01-28 15:38:07.173 19501 19861 I Unity   : Stopping all SFX
01-28 15:38:07.173 19501 19861 I Unity   : UnityEngine.Logger:Log(LogType, Object)
01-28 15:38:07.173 19501 19861 I Unity   : JungleeGames.Rummy.UiTable:OnDestroy()
01-28 15:38:07.173 19501 19861 I Unity   : 
01-28 15:38:07.176 19501 19861 I Unity   : 3:38:07 PM : SendMessageToFlutter: GameTableState "{"type":"GameTableState","data":"{\"tableId\":\"***********\",\"gameState\":\"SEND_TO_LOBBY\"}"}"
01-28 15:38:07.176 19501 19861 I Unity   : UnityEngine.Logger:Log(LogType, Object)
01-28 15:38:07.176 19501 19861 I Unity   : XcelerateGames.FlutterWidget.UnityMessageManager:SendMessageToFlutter(FlutterMessage)
01-28 15:38:07.176 19501 19861 I Unity   : XcelerateGames.IOC.Signal`1:Dispatch(T)
01-28 15:38:07.176 19501 19861 I Unity   : JungleeGames.Rummy.CmdSendGameStateToFlutter:SendStateToFlutter()
01-28 15:38:07.176 19501 19861 I Unity   : JungleeGames.Rummy.CmdSendGameStateToFlutter:Execute()
01-28 15:38:07.176 19501 19861 I Unity   : XcelerateGames.IOC.SignalSequencer:Execute(AbstractCommand, Boolean)
01-28 15:38:07.176 19501 19861 I Unity   : XcelerateGames.IOC.CommandBinder:OnSignal(AbstractSignal)
01-28 15:38:07.176 19501 19861 I Unity   : XcelerateGames.IOC.Signal`2:Dispatch(T, U)
01-28 15:38:07.176 19501 19861 I Unity   : JungleeGames.Rummy.GameManager:OnSendToLobby(Int64, Boolean)
01-28 15:38:07.176 19501 19861 I Unity   : XcelerateGames.IOC.Signal`2:Dispatch(T, U)
01-28 15:38:07.176 19501 19861 I Unity   : JungleeGames.Rummy.UiTable:OnDestroy()
01-28 15:38:07.176 19501 19861 I Unity   : 
01-28 15:38:07.177 19501 19861 D UnityListener: total listeners are 1
01-28 15:38:07.178 19501 19861 I Unity   : Changing orientation from Game Table current Orientation LandscapeLeft change to Portrait, deviceOrientation: FaceUp
01-28 15:38:07.178 19501 19861 I Unity   : UnityEngine.Logger:Log(LogType, Object)
01-28 15:38:07.178 19501 19861 I Unity   : JungleeGames.Rummy.RummyGameUtilities:SetGameOrientation(ScreenOrientation)
01-28 15:38:07.178 19501 19861 I Unity   : JungleeGames.Rummy.GameManager:OnSendToLobby(Int64, Boolean)
01-28 15:38:07.178 19501 19861 I Unity   : XcelerateGames.IOC.Signal`2:Dispatch(T, U)
01-28 15:38:07.178 19501 19861 I Unity   : JungleeGames.Rummy.UiTable:OnDestroy()
01-28 15:38:07.178 19501 19861 I Unity   : 
01-28 15:38:07.179 19501 19861 I Unity   : Setting full screen from Game Table currently isfullscreen True change to isfullscreen False
01-28 15:38:07.179 19501 19861 I Unity   : UnityEngine.Logger:Log(LogType, Object)
01-28 15:38:07.179 19501 19861 I Unity   : JungleeGames.Rummy.RummyGameUtilities:ToggleFullScreen(Boolean)
