02-16 19:41:20.822  4891  5330 I Unity   : XcelerateGames.FlutterWidget.UnityMessageManager:onMessage(String)
02-16 19:41:20.822  4891  5330 I Unity   : 
02-16 19:41:20.828  4891  5330 I Unity   : 7:41:20 PM : SendMessageToFlutter: GetAvatarList "{"type":"GetAvatarList"}"
02-16 19:41:20.828  4891  5330 I Unity   : XcelerateGames.FlutterWidget.UnityMessageManager:SendMessageToFlutter(FlutterMessage)
02-16 19:41:20.828  4891  5330 I Unity   : XcelerateGames.IOC.Signal`1:Dispatch(T)
02-16 19:41:20.828  4891  5330 I Unity   : JungleeGames.Rummy.CmdOnFlutterMessage:Execute()
02-16 19:41:20.828  4891  5330 I Unity   : XcelerateGames.IOC.SignalSequencer:Execute(AbstractCommand, Boolean)
02-16 19:41:20.828  4891  5330 I Unity   : XcelerateGames.IOC.CommandBinder:OnSignal(AbstractSignal)
02-16 19:41:20.828  4891  5330 I Unity   : XcelerateGames.IOC.Signal`1:Dispatch(T)
02-16 19:41:20.828  4891  5330 I Unity   : XcelerateGames.FlutterWidget.UnityMessageManager:onMessage(String)
02-16 19:41:20.828  4891  5330 I Unity   : 
02-16 19:41:20.828  4891  5330 D UnityListener: total listeners are 1
02-16 19:41:20.994  4891  4891 I CustomUnityPlayer: ORIENTATION CHANGED
02-16 19:41:21.202  4891  5330 I Unity   : Leaderboared created with instance id : -8246
02-16 19:41:21.202  4891  5330 I Unity   : JungleeGames.Rummy.CmdOnFlutterMessage:<LoadLeaderBoardWidget>b__31_0(GameObject)
02-16 19:41:21.202  4891  5330 I Unity   : XcelerateGames.CmdLoadAssetFromBundle:OnBundleLoaded(ResourceEvent, String, Object, Object)
02-16 19:41:21.202  4891  5330 I Unity   : XcelerateGames.AssetLoading.Resource:SendEvent(ResourceEvent, AssetInfo, Object, Boolean)
02-16 19:41:21.202  4891  5330 I Unity   : XcelerateGames.AssetLoading.Resource:OnResourceLoaded(UnityWebRequest, Single, Boolean)
02-16 19:41:21.202  4891  5330 I Unity   : XcelerateGames.AssetLoading.<LoadAssetBundle>d__5:MoveNext()
02-16 19:41:21.202  4891  5330 I Unity   : UnityEngine.SetupCoroutine:InvokeMoveNext(IEnumerator, IntPtr)
02-16 19:41:21.202  4891  5330 I Unity   : 
02-16 19:41:21.208  4891  4891 E flutter : [ERROR:flutter/shell/platform/android/android_egl_surface.cc(133)] Could not make the context current
02-16 19:41:21.208  4891  4891 E flutter : [ERROR:flutter/shell/platform/android/android_egl_surface.cc(52)] EGL Error: EGL_BAD_MATCH (12297)
02-16 19:41:21.208  4891  4891 E flutter : [ERROR:flutter/shell/gpu/gpu_surface_gl_skia.cc(98)] Could not make the context current to destroy the GrDirectContext resources.
02-16 19:41:21.211  4891  5330 I Unity   : 7:41:21 PM : SendMessageToFlutter: GetRumbleLBListMsg "{"type":"GetRumbleLBListMsg"}"
02-16 19:41:21.211  4891  5330 I Unity   : XcelerateGames.FlutterWidget.UnityMessageManager:SendMessageToFlutter(FlutterMessage)
02-16 19:41:21.211  4891  5330 I Unity   : XcelerateGames.IOC.Signal`1:Dispatch(T)
02-16 19:41:21.211  4891  5330 I Unity   : XcelerateGames.IOC.Signal:Dispatch()
02-16 19:41:21.211  4891  5330 I Unity   : JungleeGames.Rummy.<FetchRumbleLBList>d__62:MoveNext()
02-16 19:41:21.211  4891  5330 I Unity   : UnityEngine.SetupCoroutine:InvokeMoveNext(IEnumerator, IntPtr)
02-16 19:41:21.211  4891  5330 I Unity   : JungleeGames.Rummy.CmdOnFlutterMessage:<LoadLeaderBoardWidget>b__31_0(GameObject)
02-16 19:41:21.211  4891  5330 I Unity   : XcelerateGames.CmdLoadAssetFromBundle:OnBundleLoaded(ResourceEvent, String, Object, Object)
02-16 19:41:21.211  4891  5330 I Unity   : XcelerateGames.AssetLoading.Resource:SendEvent(ResourceEvent, AssetInfo, Object, Boolean)
02-16 19:41:21.211  4891  5330 I Unity   : XcelerateGames.AssetLoading.Resource:OnResourceLoaded(UnityWebRequest, Single, Boolean)
02-16 19:41:21.211  4891  5330 I Unity   : XcelerateGames.AssetLoading.<LoadAssetBundle>d__5:MoveNext()
02-16 19:41:21.211  4891  5330 I Unity   : UnityEngine.SetupCoroutine:InvokeMoveNext(IEnumerator, IntPtr)
02-16 19:41:21.211  4891  5330 I Unity   : 
02-16 19:41:21.212  4891  5330 D UnityListener: total listeners are 1
02-16 19:41:21.226  4891  5025 I flutter : tournament collection start :: 366 syncWithRegisteredPlayersCount 24
02-16 19:41:21.235  4891  5025 I flutter : tournament collection end :: 366 syncWithRegisteredPlayersCount 24
02-16 19:41:21.343  4891  5025 I flutter : tournament collection start :: 182 syncWithRejoinUpdates 24
02-16 19:41:21.348  4891  5025 I flutter : tournament collection start :: 273 syncFiltersUpdated 24
02-16 19:41:21.372  4891  5025 I flutter : tournament collection end :: 273 syncFiltersUpdated 24
02-16 19:41:21.372  4891  5025 I flutter : tournament collection end :: 182 syncWithRejoinUpdates 24
02-16 19:41:21.379  4891  5330 I Unity   : CmdLoadCards:OnCardsLoaded : ***********
02-16 19:41:21.379  4891  5330 I Unity   : JungleeGames.Rummy.CmdLoadCards:OnCardsAtlasLoaded(ResourceEvent, String, Object, Object)
02-16 19:41:21.379  4891  5330 I Unity   : XcelerateGames.AssetLoading.Resource:SendEvent(ResourceEvent, AssetInfo, Object, Boolean)
02-16 19:41:21.379  4891  5330 I Unity   : XcelerateGames.AssetLoading.Resource:OnResourceLoaded(UnityWebRequest, Single, Boolean)
02-16 19:41:21.379  4891  5330 I Unity   : XcelerateGames.AssetLoading.<LoadAssetBundle>d__5:MoveNext()
02-16 19:41:21.379  4891  5330 I Unity   : UnityEngine.SetupCoroutine:InvokeMoveNext(IEnumerator, IntPtr)
02-16 19:41:21.379  4891  5330 I Unity   : 
02-16 19:41:21.402  4891  5025 I flutter : tournament collection start :: 438 syncWithRejoinUpdates 24
02-16 19:41:21.403  4891  5025 I flutter : tournament collection start :: 409 syncFiltersUpdated 24
02-16 19:41:21.421  4891  5025 I flutter : tournament collection end :: 409 syncFiltersUpdated 24
02-16 19:41:21.421  4891  5025 I flutter : tournament collection end :: 438 syncWithRejoinUpdates 24
02-16 19:41:21.838  4891  5330 I Unity   : Loaded SpriteAtlas with 59 sprites & created 1 cards.
02-16 19:41:21.838  4891  5330 I Unity   : JungleeGames.Rummy.CmdLoadCards:OnCardsAtlasLoaded(ResourceEvent, String, Object, Object)
02-16 19:41:21.838  4891  5330 I Unity   : XcelerateGames.AssetLoading.Resource:SendEvent(ResourceEvent, AssetInfo, Object, Boolean)
02-16 19:41:21.838  4891  5330 I Unity   : XcelerateGames.AssetLoading.Resource:OnResourceLoaded(UnityWebRequest, Single, Boolean)
02-16 19:41:21.838  4891  5330 I Unity   : XcelerateGames.AssetLoading.<LoadAssetBundle>d__5:MoveNext()
02-16 19:41:21.838  4891  5330 I Unity   : UnityEngine.SetupCoroutine:InvokeMoveNext(IEnumerator, IntPtr)
02-16 19:41:21.838  4891  5330 I Unity   : 
02-16 19:41:21.843  4891  5330 I Unity   : CmdCreateTable:Execute : ***********, tablepoints
02-16 19:41:21.843  4891  5330 I Unity   : JungleeGames.Rummy.CmdCreateTable:Execute()
02-16 19:41:21.843  4891  5330 I Unity   : XcelerateGames.IOC.SignalSequencer:Execute(AbstractCommand, Boolean)
02-16 19:41:21.843  4891  5330 I Unity   : XcelerateGames.IOC.SignalSequencer:ExecuteNext()
02-16 19:41:21.843  4891  5330 I Unity   : JungleeGames.Rummy.CmdLoadCards:OnCardsAtlasLoaded(ResourceEvent, String, Object, Object)
02-16 19:41:21.843  4891  5330 I Unity   : XcelerateGames.AssetLoading.Resource:SendEvent(ResourceEvent, AssetInfo, Object, Boolean)
02-16 19:41:21.843  4891  5330 I Unity   : XcelerateGames.AssetLoading.Resource:OnResourceLoaded(UnityWebRequest, Single, Boolean)
02-16 19:41:21.843  4891  5330 I Unity   : XcelerateGames.AssetLoading.<LoadAssetBundle>d__5:MoveNext()
02-16 19:41:21.843  4891  5330 I Unity   : UnityEngine.SetupCoroutine:InvokeMoveNext(IEnumerator, IntPtr)
02-16 19:41:21.843  4891  5330 I Unity   : 
02-16 19:41:21.852  4891  5330 I Unity   : 7:41:21 PM : MessageFromFlutter: "{"type":"AvatarList","data":"{\"avatars\":[\"1.png\",\"2.png\",\"3.png\",\"4.png\",\"5.png\",\"6.png\",\"7.png\",\"8.png\",\"9.png\",\"11.png\",\"12.png\",\"13.png\",\"14.png\",\"15.png\",\"16.png\",\"17.png\",\"18.png\",\"19.png\",\"21.png\",\"22.png\",\"23.png\",\"24.png\",\"25.png\",\"26.png\",\"27.png\",\"28.png\",\"29.png\",\"32.png\",\"33.png\",\"34.png\",\"35.png\",\"36.png\",\"37.png\",\"38.png\",\"41.png\",\"42.png\",\"43.png\",\"44.png\",\"45.png\",\"46.png\",\"47.png\",\"48.png\",\"51.png\",\"52.png\",\"53.png\",\"54.png\",\"56.png\",\"57.png\",\"58.png\",\"62.png\",\"63.png\"],\"baseURL\":\"*************************************************************************
02-16 19:41:21.852  4891  5330 I Unity   : XcelerateGames.FlutterWidget.UnityMessageManager:onMessage(String)
02-16 19:41:21.852  4891  5330 I Unity   : 
02-16 19:41:21.863  4891  5330 I Unity   : 7:41:21 PM : MessageFromFlutter: "{"type":"SetRumbleLBListMsg","data":"{\"leaderboards\":[{\"leaderboardName\":\"Daily Leaderboard-16\",\"leaderboardId\":4361,\"startDate\":\"2024-02-16 00:01:00.0\",\"endDate\":\"2024-02-16 23:59:00.0\",\"scheduleType\":\"DAILY\",\"optIn\":true,\"entryFee\":0.0,\"prizePool\":20000}],\"type\":\"sm-rumble-leaderboard-list-msg\"}"}"
02-16 19:41:21.863  4891  5330 I Unity   : XcelerateGames.FlutterWidget.UnityMessageManager:onMessage(String)
02-16 19:41:21.863  4891  5330 I Unity   : 
02-16 19:41:21.908  4891  5330 I Unity   : 7:41:21 PM : SendMessageToFlutter: GetRumbleLBResponseMsg "{"type":"GetRumbleLBResponseMsg","data":"{\"leaderboardId\":4361}"}"
02-16 19:41:21.908  4891  5330 I Unity   : XcelerateGames.FlutterWidget.UnityMessageManager:SendMessageToFlutter(FlutterMessage)
02-16 19:41:21.908  4891  5330 I Unity   : XcelerateGames.IOC.Signal`1:Dispatch(T)
02-16 19:41:21.908  4891  5330 I Unity   : XcelerateGames.IOC.Signal`1:Dispatch(T)
02-16 19:41:21.908  4891  5330 I Unity   : JungleeGames.Rummy.UiLeaderBoardManager:OnLBListMessage(SM_RUMBLE_LEADERBOARD_LIST_MESSAGE)
02-16 19:41:21.908  4891  5330 I Unity   : XcelerateGames.IOC.Signal`1:Dispatch(T)
02-16 19:41:21.908  4891  5330 I Unity   : JungleeGames.Rummy.CmdOnFlutterMessage:Execute()
02-16 19:41:21.908  4891  5330 I Unity   : XcelerateGames.IOC.SignalSequencer:Execute(AbstractCommand, Boolean)
02-16 19:41:21.908  4891  5330 I Unity   : XcelerateGames.IOC.CommandBinder:OnSignal(AbstractSignal)
02-16 19:41:21.908  4891  5330 I Unity   : XcelerateGames.IOC.Signal`1:Dispatch(T)
02-16 19:41:21.908  4891  5330 I Unity   : XcelerateGames.FlutterWidget.UnityMessageManager:onMessage(String)
02-16 19:41:21.908  4891  5330 I Unity   : 
02-16 19:41:21.908  4891  5330 D UnityListener: total listeners are 1
02-16 19:41:22.084  4891  5025 I flutter : tournament collection start :: 620 syncWithRegisteredPlayersCount 24
02-16 19:41:22.087  4891  5025 I flutter : tournament collection end :: 620 syncWithRegisteredPlayersCount 24
02-16 19:41:22.105  4891  5330 W Unity   : The referenced script (Coffee.UIExtensions.UIParticle) on this Behaviour is missing!
02-16 19:41:22.105  4891  5330 W Unity   : XcelerateGames.AssetLoading.Resource:OnResourceLoaded(UnityWebRequest, Single, Boolean)
02-16 19:41:22.105  4891  5330 W Unity   : XcelerateGames.AssetLoading.<LoadAssetBundle>d__5:MoveNext()
02-16 19:41:22.105  4891  5330 W Unity   : UnityEngine.SetupCoroutine:InvokeMoveNext(IEnumerator, IntPtr)
02-16 19:41:22.105  4891  5330 W Unity   : 
02-16 19:41:22.105  4891  5330 W Unity   : [ line -1301768264]
02-16 19:41:22.105  4891  5330 W Unity   : 
02-16 19:41:22.107  4891  5330 W Unity   : The referenced script on this Behaviour (Game Object '') is missing!
02-16 19:41:22.107  4891  5330 W Unity   : XcelerateGames.AssetLoading.Resource:OnResourceLoaded(UnityWebRequest, Single, Boolean)
02-16 19:41:22.107  4891  5330 W Unity   : XcelerateGames.AssetLoading.<LoadAssetBundle>d__5:MoveNext()
02-16 19:41:22.107  4891  5330 W Unity   : UnityEngine.SetupCoroutine:InvokeMoveNext(IEnumerator, IntPtr)
02-16 19:41:22.107  4891  5330 W Unity   : 
02-16 19:41:22.107  4891  5330 W Unity   : [ line -1301768472]
02-16 19:41:22.107  4891  5330 W Unity   : 
02-16 19:41:22.429  4891  5330 I Unity   : 7:41:22 PM : SendMessageToFlutter: GameTableState "{"type":"GameTableState","data":"{\"tableId\":\"***********\",\"gameState\":\"TABLE_LOADED\"}"}"
02-16 19:41:22.429  4891  5330 I Unity   : XcelerateGames.FlutterWidget.UnityMessageManager:SendMessageToFlutter(FlutterMessage)
02-16 19:41:22.429  4891  5330 I Unity   : XcelerateGames.IOC.Signal`1:Dispatch(T)
02-16 19:41:22.429  4891  5330 I Unity   : JungleeGames.Rummy.CmdSendGameStateToFlutter:SendStateToFlutter()
02-16 19:41:22.429  4891  5330 I Unity   : JungleeGames.Rummy.CmdSendGameStateToFlutter:Execute()
02-16 19:41:22.429  4891  5330 I Unity   : XcelerateGames.IOC.SignalSequencer:Execute(AbstractCommand, Boolean)
02-16 19:41:22.429  4891  5330 I Unity   : XcelerateGames.IOC.CommandBinder:OnSignal(AbstractSignal)
02-16 19:41:22.429  4891  5330 I Unity   : XcelerateGames.IOC.Signal`2:Dispatch(T, U)
02-16 19:41:22.429  4891  5330 I Unity   : JungleeGames.Rummy.CmdCreateTable:OnAssetBundleLoaded(ResourceEvent, String, Object, Object)
02-16 19:41:22.429  4891  5330 I Unity   : XcelerateGames.AssetLoading.Resource:SendEvent(ResourceEvent, AssetInfo, Object, Boolean)
02-16 19:41:22.429  4891  5330 I Unity   : XcelerateGames.AssetLoading.Resource:OnResourceLoaded(UnityWebRequest, Single, Boolean)
02-16 19:41:22.429  4891  5330 I Unity   : XcelerateGames.AssetLoading.<LoadAssetBundle>d__5:MoveNext()
02-16 19:41:22.429  4891  5330 I Unity   : UnityEngine.SetupCoroutine:InvokeMoveNext(IEnumerator, IntPtr)
02-16 19:41:22.429  4891  5330 I Unity   : 
02-16 19:41:22.429  4891  5330 D UnityListener: total listeners are 1
02-16 19:41:22.435  4891  5330 I Unity   : 7:41:22 PM : SendMessageToFlutter: ClickStream "{"type":"ClickStream","data":"{\"key\":\"table_loaded\",\"source\":\"game_table_load\",\"journey\":\"game_table\",\"metadata\":{\"userId\":86240959,\"timeStamp\":\"2024-02-16T19:41:22.429769+05:30\",\"tableid\":***********}}"}"
02-16 19:41:22.435  4891  5330 I Unity   : XcelerateGames.FlutterWidget.UnityMessageManager:SendMessageToFlutter(FlutterMessage)
02-16 19:41:22.435  4891  5330 I Unity   : XcelerateGames.IOC.Signal`1:Dispatch(T)
02-16 19:41:22.435  4891  5330 I Unity   : JungleeGames.Rummy.CmdSendClickStreamEvent:SendClickStreamData()
02-16 19:41:22.435  4891  5330 I Unity   : JungleeGames.Rummy.CmdSendClickStreamEvent:Execute()
02-16 19:41:22.435  4891  5330 I Unity   : XcelerateGames.IOC.SignalSequencer:Execute(AbstractCommand, Boolean)
02-16 19:41:22.435  4891  5330 I Unity   : XcelerateGames.IOC.CommandBinder:OnSignal(AbstractSignal)
02-16 19:41:22.435  4891  5330 I Unity   : XcelerateGames.IOC.Signal`3:Dispatch(T, U, V)
02-16 19:41:22.435  4891  5330 I Unity   : JungleeGames.Rummy.CmdCreateTable:SendTableloaded()
02-16 19:41:22.435  4891  5330 I Unity   : JungleeGames.Rummy.CmdCreateTable:OnAssetBundleLoaded(ResourceEvent, String, Object, Object)
02-16 19:41:22.435  4891  5330 I Unity   : XcelerateGames.AssetLoading.Resource:SendEvent(ResourceEvent, AssetInfo, Object, Boolean)
02-16 19:41:22.435  4891  5330 I Unity   : XcelerateGames.AssetLoading.Resource:OnResourceLoaded(UnityWebRequest, Single, Boolean)
02-16 19:41:22.435  4891  5330 I Unity   : Xcelera
02-16 19:41:22.435  4891  5330 D UnityListener: total listeners are 1
02-16 19:41:22.462  4891  5330 W Unity   : The referenced script on this Behaviour (Game Object '<null>') is missing!
02-16 19:41:22.462  4891  5330 W Unity   : UnityEngine.Object:Internal_InstantiateSingle(Object, Vector3, Quaternion)
02-16 19:41:22.462  4891  5330 W Unity   : UnityEngine.Object:Instantiate(Object, Vector3, Quaternion)
02-16 19:41:22.462  4891  5330 W Unity   : UnityEngine.Object:Instantiate(T, Vector3, Quaternion, Transform)
02-16 19:41:22.462  4891  5330 W Unity   : XcelerateGames.Utilities:AddChild(Transform, GameObject)
02-16 19:41:22.462  4891  5330 W Unity   : XcelerateGames.Utilities:Instantiate(Object, String, Transform)
02-16 19:41:22.462  4891  5330 W Unity   : JungleeGames.Rummy.CmdCreateTable:OnAssetBundleLoaded(ResourceEvent, String, Object, Object)
02-16 19:41:22.462  4891  5330 W Unity   : XcelerateGames.AssetLoading.Resource:SendEvent(ResourceEvent, AssetInfo, Object, Boolean)
02-16 19:41:22.462  4891  5330 W Unity   : XcelerateGames.AssetLoading.Resource:OnResourceLoaded(UnityWebRequest, Single, Boolean)
02-16 19:41:22.462  4891  5330 W Unity   : XcelerateGames.AssetLoading.<LoadAssetBundle>d__5:MoveNext()
02-16 19:41:22.462  4891  5330 W Unity   : UnityEngine.SetupCoroutine:InvokeMoveNext(IEnumerator, IntPtr)
02-16 19:41:22.462  4891  5330 W Unity   : 
02-16 19:41:22.462  4891  5330 W Unity   : [ line -1301769864]
02-16 19:41:22.462  4891  5330 W Unity   : 
02-16 19:41:22.471  4891  5330 W Unity   : The referenced script (Coffee.UIExtensions.UIParticle) on this Behaviour is missing!
02-16 19:41:22.471  4891  5330 W Unity   : UnityEngine.Object:Internal_InstantiateSingle(Object, Vector3, Quaternion)
02-16 19:41:22.471  4891  5330 W Unity   : UnityEngine.Object:Instantiate(Object, Vector3, Quaternion)
02-16 19:41:22.471  4891  5330 W Unity   : UnityEngine.Object:Instantiate(T, Vector3, Quaternion, Transform)
02-16 19:41:22.471  4891  5330 W Unity   : XcelerateGames.Utilities:AddChild(Transform, GameObject)
02-16 19:41:22.471  4891  5330 W Unity   : XcelerateGames.Utilities:Instantiate(Object, String, Transform)
02-16 19:41:22.471  4891  5330 W Unity   : JungleeGames.Rummy.CmdCreateTable:OnAssetBundleLoaded(ResourceEvent, String, Object, Object)
02-16 19:41:22.471  4891  5330 W Unity   : XcelerateGames.AssetLoading.Resource:SendEvent(ResourceEvent, AssetInfo, Object, Boolean)
02-16 19:41:22.471  4891  5330 W Unity   : XcelerateGames.AssetLoading.Resource:OnResourceLoaded(UnityWebRequest, Single, Boolean)
02-16 19:41:22.471  4891  5330 W Unity   : XcelerateGames.AssetLoading.<LoadAssetBundle>d__5:MoveNext()
02-16 19:41:22.471  4891  5330 W Unity   : UnityEngine.SetupCoroutine:InvokeMoveNext(IEnumerator, IntPtr)
02-16 19:41:22.471  4891  5330 W Unity   : 
02-16 19:41:22.471  4891  5330 W Unity   : [ line -1301768744]
02-16 19:41:22.471  4891  5330 W Unity   : 
02-16 19:41:22.473  4891  5330 W Unity   : The referenced script on this Behaviour (Game Object 'UIParticle') is missing!
02-16 19:41:22.473  4891  5330 W Unity   : UnityEngine.Object:Internal_InstantiateSingle(Object, Vector3, Quaternion)
02-16 19:41:22.473  4891  5330 W Unity   : UnityEngine.Object:Instantiate(Object, Vector3, Quaternion)
02-16 19:41:22.473  4891  5330 W Unity   : UnityEngine.Object:Instantiate(T, Vector3, Quaternion, Transform)
02-16 19:41:22.473  4891  5330 W Unity   : XcelerateGames.Utilities:AddChild(Transform, GameObject)
02-16 19:41:22.473  4891  5330 W Unity   : XcelerateGames.Utilities:Instantiate(Object, String, Transform)
02-16 19:41:22.473  4891  5330 W Unity   : JungleeGames.Rummy.CmdCreateTable:OnAssetBundleLoaded(ResourceEvent, String, Object, Object)
02-16 19:41:22.473  4891  5330 W Unity   : XcelerateGames.AssetLoading.Resource:SendEvent(ResourceEvent, AssetInfo, Object, Boolean)
02-16 19:41:22.473  4891  5330 W Unity   : XcelerateGames.AssetLoading.Resource:OnResourceLoaded(UnityWebRequest, Single, Boolean)
02-16 19:41:22.473  4891  5330 W Unity   : XcelerateGames.AssetLoading.<LoadAssetBundle>d__5:MoveNext()
02-16 19:41:22.473  4891  5330 W Unity   : UnityEngine.SetupCoroutine:InvokeMoveNext(IEnumerator, IntPtr)
02-16 19:41:22.473  4891  5330 W Unity   : 
02-16 19:41:22.473  4891  5330 W Unity   : [ line -1301768360]
02-16 19:41:22.473  4891  5330 W Unity   : 
02-16 19:41:22.524  4891  5330 I Unity   : table created 1
02-16 19:41:22.524  4891  5330 I Unity   : JungleeGames.Rummy.UiTable:Awake()
02-16 19:41:22.524  4891  5330 I Unity   : JungleeGames.Rummy.UiTablePoints:Awake()
02-16 19:41:22.524  4891  5330 I Unity   : UnityEngine.Object:Internal_InstantiateSingle(Object, Vector3, Quaternion)
02-16 19:41:22.524  4891  5330 I Unity   : UnityEngine.Object:Instantiate(Object, Vector3, Quaternion)
02-16 19:41:22.524  4891  5330 I Unity   : UnityEngine.Object:Instantiate(T, Vector3, Quaternion, Transform)
02-16 19:41:22.524  4891  5330 I Unity   : XcelerateGames.Utilities:AddChild(Transform, GameObject)
02-16 19:41:22.524  4891  5330 I Unity   : XcelerateGames.Utilities:Instantiate(Object, String, Transform)
02-16 19:41:22.524  4891  5330 I Unity   : JungleeGames.Rummy.CmdCreateTable:OnAssetBundleLoaded(ResourceEvent, String, Object, Object)
02-16 19:41:22.524  4891  5330 I Unity   : XcelerateGames.AssetLoading.Resource:SendEvent(ResourceEvent, AssetInfo, Object, Boolean)
02-16 19:41:22.524  4891  5330 I Unity   : XcelerateGames.AssetLoading.Resource:OnResourceLoaded(UnityWebRequest, Single, Boolean)
02-16 19:41:22.524  4891  5330 I Unity   : XcelerateGames.AssetLoading.<LoadAssetBundle>d__5:MoveNext()
02-16 19:41:22.524  4891  5330 I Unity   : UnityEngine.SetupCoroutine:InvokeMoveNext(IEnumerator, IntPtr)
02-16 19:41:22.524  4891  5330 I Unity   : 
02-16 19:41:22.569  4891  5330 I Unity   : CmdCreateTable:OnAssetBundleLoaded : ***********, tablepoints.rnd/PfUiTablePoints, PfUiTablePoints-***********
02-16 19:41:22.569  4891  5330 I Unity   : JungleeGames.Rummy.CmdCreateTable:OnAssetBundleLoaded(ResourceEvent, String, Object, Object)
02-16 19:41:22.569  4891  5330 I Unity   : XcelerateGames.AssetLoading.Resource:SendEvent(ResourceEvent, AssetInfo, Object, Boolean)
02-16 19:41:22.569  4891  5330 I Unity   : XcelerateGames.AssetLoading.Resource:OnResourceLoaded(UnityWebRequest, Single, Boolean)
02-16 19:41:22.569  4891  5330 I Unity   : XcelerateGames.AssetLoading.<LoadAssetBundle>d__5:MoveNext()
02-16 19:41:22.569  4891  5330 I Unity   : UnityEngine.SetupCoroutine:InvokeMoveNext(IEnumerator, IntPtr)
02-16 19:41:22.569  4891  5330 I Unity   : 
02-16 19:41:22.599  4891  5330 I Unity   : Set View on lb insance id -8246
02-16 19:41:22.599  4891  5330 I Unity   : JungleeGames.Rummy.UiLeaderBoardManager:SetView()
02-16 19:41:22.599  4891  5330 I Unity   : XcelerateGames.IOC.Signal`2:Dispatch(T, U)
02-16 19:41:22.599  4891  5330 I Unity   : JungleeGames.Rummy.CmdTableLoaded:Execute()
02-16 19:41:22.599  4891  5330 I Unity   : XcelerateGames.IOC.SignalSequencer:Execute(AbstractCommand, Boolean)
02-16 19:41:22.599  4891  5330 I Unity   : XcelerateGames.IOC.CommandBinder:OnSignal(AbstractSignal)
02-16 19:41:22.599  4891  5330 I Unity   : XcelerateGames.IOC.Signal`1:Dispatch(T)
02-16 19:41:22.599  4891  5330 I Unity   : JungleeGames.Rummy.UiTable:Init(Int64, Int32, List`1)
02-16 19:41:22.599  4891  5330 I Unity   : JungleeGames.Rummy.CmdCreateTable:OnAssetBundleLoaded(ResourceEvent, String, Object, Object)
02-16 19:41:22.599  4891  5330 I Unity   : XcelerateGames.AssetLoading.Resource:SendEvent(ResourceEvent, AssetInfo, Object, Boolean)
02-16 19:41:22.599  4891  5330 I Unity   : XcelerateGames.AssetLoading.Resource:OnResourceLoaded(UnityWebRequest, Single, Boolean)
02-16 19:41:22.599  4891  5330 I Unity   : XcelerateGames.AssetLoading.<LoadAssetBundle>d__5:MoveNext()
02-16 19:41:22.599  4891  5330 I Unity   : UnityEngine.SetupCoroutine:InvokeMoveNext(IEnumerator, IntPtr)
02-16 19:41:22.599  4891  5330 I Unity   : 
02-16 19:41:22.608  4891  5330 I Unity   : Connectivity Monitor Status :  Online
02-16 19:41:22.608  4891  5330 I Unity   : JungleeGames.Networking.SocketManager:OnNetworkStateChange(Status)
02-16 19:41:22.608  4891  5330 I Unity   : UnityEngine.GameObject:AddComponent()
02-16 19:41:22.608  4891  5330 I Unity   : JungleeGames.Rummy.CmdTableLoaded:AddSocket(Int64)
02-16 19:41:22.608  4891  5330 I Unity   : JungleeGames.Rummy.CmdTableLoaded:Execute()
02-16 19:41:22.608  4891  5330 I Unity   : XcelerateGames.IOC.SignalSequencer:Execute(AbstractCommand, Boolean)
02-16 19:41:22.608  4891  5330 I Unity   : XcelerateGames.IOC.CommandBinder:OnSignal(AbstractSignal)
02-16 19:41:22.608  4891  5330 I Unity   : XcelerateGames.IOC.Signal`1:Dispatch(T)
02-16 19:41:22.608  4891  5330 I Unity   : JungleeGames.Rummy.UiTable:Init(Int64, Int32, List`1)
02-16 19:41:22.608  4891  5330 I Unity   : JungleeGames.Rummy.CmdCreateTable:OnAssetBundleLoaded(ResourceEvent, String, Object, Object)
02-16 19:41:22.608  4891  5330 I Unity   : XcelerateGames.AssetLoading.Resource:SendEvent(ResourceEvent, AssetInfo, Object, Boolean)
02-16 19:41:22.608  4891  5330 I Unity   : XcelerateGames.AssetLoading.Resource:OnResourceLoaded(UnityWebRequest, Single, Boolean)
02-16 19:41:22.608  4891  5330 I Unity   : XcelerateGames.AssetLoading.<LoadAssetBundle>d__5:MoveNext()
02-16 19:41:22.608  4891  5330 I Unity   : UnityEngine.SetupCoroutine:InvokeMoveNext(IEnumerator, IntPtr)
02-16 19:41:22.608  4891  5330 I Unity   : 
02-16 19:41:22.624  4891  5330 I Unity   : CmdConnectionHandler _GameStateEnum: NONE
02-16 19:41:22.624  4891  5330 I Unity   : JungleeGames.Networking.CmdConnectionHandler:Execute()
02-16 19:41:22.624  4891  5330 I Unity   : XcelerateGames.IOC.SignalSequencer:Execute(AbstractCommand, Boolean)
02-16 19:41:22.624  4891  5330 I Unity   : XcelerateGames.IOC.CommandBinder:OnSignal(AbstractSignal)
02-16 19:41:22.624  4891  5330 I Unity   : XcelerateGames.IOC.Signal`3:Dispatch(T, U, V)
02-16 19:41:22.624  4891  5330 I Unity   : JungleeGames.Rummy.CmdTableLoaded:AddSocket(Int64)
02-16 19:41:22.624  4891  5330 I Unity   : JungleeGames.Rummy.CmdTableLoaded:Execute()
02-16 19:41:22.624  4891  5330 I Unity   : XcelerateGames.IOC.SignalSequencer:Execute(AbstractCommand, Boolean)
02-16 19:41:22.624  4891  5330 I Unity   : XcelerateGames.IOC.CommandBinder:OnSignal(AbstractSignal)
02-16 19:41:22.624  4891  5330 I Unity   : XcelerateGames.IOC.Signal`1:Dispatch(T)
02-16 19:41:22.624  4891  5330 I Unity   : JungleeGames.Rummy.UiTable:Init(Int64, Int32, List`1)
02-16 19:41:22.624  4891  5330 I Unity   : JungleeGames.Rummy.CmdCreateTable:OnAssetBundleLoaded(ResourceEvent, String, Object, Object)
02-16 19:41:22.624  4891  5330 I Unity   : XcelerateGames.AssetLoading.Resource:SendEvent(ResourceEvent, AssetInfo, Object, Boolean)
02-16 19:41:22.624  4891  5330 I Unity   : XcelerateGames.AssetLoading.Resource:OnResourceLoaded(UnityWebRequest, Single, Boolean)
02-16 19:41:22.624  4891  5330 I Unity   : XcelerateGames.AssetLoading.<LoadAssetBundle>d__5:MoveNext()
02-16 19:41:22.624  4891  5330 I Unity   : UnityEngine.SetupCoroutine:InvokeMoveNext(IEnumerator, IntPtr)
02-16 19:41:22.624  4891  5330 I Unity   : 
02-16 19:41:22.629  4891  5330 I Unity   : Initiating socket connections at url: wss://gsj.jungleerummy.com/************, table Id: *********** at time: 19:41:22.624, on *****************************************, Network reachable via: ReachableViaLocalAreaNetwork
02-16 19:41:22.629  4891  5330 I Unity   : JungleeGames.Networking.CmdConnectionHandler:Execute()
02-16 19:41:22.629  4891  5330 I Unity   : XcelerateGames.IOC.SignalSequencer:Execute(AbstractCommand, Boolean)
02-16 19:41:22.629  4891  5330 I Unity   : XcelerateGames.IOC.CommandBinder:OnSignal(AbstractSignal)
02-16 19:41:22.629  4891  5330 I Unity   : XcelerateGames.IOC.Signal`3:Dispatch(T, U, V)
02-16 19:41:22.629  4891  5330 I Unity   : JungleeGames.Rummy.CmdTableLoaded:AddSocket(Int64)
02-16 19:41:22.629  4891  5330 I Unity   : JungleeGames.Rummy.CmdTableLoaded:Execute()
02-16 19:41:22.629  4891  5330 I Unity   : XcelerateGames.IOC.SignalSequencer:Execute(AbstractCommand, Boolean)
02-16 19:41:22.629  4891  5330 I Unity   : XcelerateGames.IOC.CommandBinder:OnSignal(AbstractSignal)
02-16 19:41:22.629  4891  5330 I Unity   : XcelerateGames.IOC.Signal`1:Dispatch(T)
02-16 19:41:22.629  4891  5330 I Unity   : JungleeGames.Rummy.UiTable:Init(Int64, Int32, List`1)
02-16 19:41:22.629  4891  5330 I Unity   : JungleeGames.Rummy.CmdCreateTable:OnAssetBundleLoaded(ResourceEvent, String, Object, Object)
02-16 19:41:22.629  4891  5330 I Unity   : XcelerateGames.AssetLoading.Resource:SendEvent(ResourceEvent, AssetInfo, Object, Boolean)
02-16 19:41:22.629  4891  5330 I Unity   : XcelerateGames.AssetLoading.Resource:OnResourceLoaded(UnityWebRequest, Sin
02-16 19:41:22.649  4891  5330 I Unity   : CmdConnectionHanlder wss://gsj.jungleerummy.com/************: *********** => Executed!  7:41:22 PM
02-16 19:41:22.649  4891  5330 I Unity   : JungleeGames.Networking.CmdConnectionHandler:Execute()
02-16 19:41:22.649  4891  5330 I Unity   : XcelerateGames.IOC.SignalSequencer:Execute(AbstractCommand, Boolean)
02-16 19:41:22.649  4891  5330 I Unity   : XcelerateGames.IOC.CommandBinder:OnSignal(AbstractSignal)
02-16 19:41:22.649  4891  5330 I Unity   : XcelerateGames.IOC.Signal`3:Dispatch(T, U, V)
02-16 19:41:22.649  4891  5330 I Unity   : JungleeGames.Rummy.CmdTableLoaded:AddSocket(Int64)
02-16 19:41:22.649  4891  5330 I Unity   : JungleeGames.Rummy.CmdTableLoaded:Execute()
02-16 19:41:22.649  4891  5330 I Unity   : XcelerateGames.IOC.SignalSequencer:Execute(AbstractCommand, Boolean)
02-16 19:41:22.649  4891  5330 I Unity   : XcelerateGames.IOC.CommandBinder:OnSignal(AbstractSignal)
02-16 19:41:22.649  4891  5330 I Unity   : XcelerateGames.IOC.Signal`1:Dispatch(T)
02-16 19:41:22.649  4891  5330 I Unity   : JungleeGames.Rummy.UiTable:Init(Int64, Int32, List`1)
02-16 19:41:22.649  4891  5330 I Unity   : JungleeGames.Rummy.CmdCreateTable:OnAssetBundleLoaded(ResourceEvent, String, Object, Object)
02-16 19:41:22.649  4891  5330 I Unity   : XcelerateGames.AssetLoading.Resource:SendEvent(ResourceEvent, AssetInfo, Object, Boolean)
02-16 19:41:22.649  4891  5330 I Unity   : XcelerateGames.AssetLoading.Resource:OnResourceLoaded(UnityWebRequest, Single, Boolean)
02-16 19:41:22.649  4891  5330 I Unity   : XcelerateGames.AssetLoading.<LoadAssetBundle>d__5:MoveNext()
02-16 19:41:22.649  4891  5330 I Unity   : UnityEngine.SetupCoroutine:InvokeMoveNext(IEnume
02-16 19:41:22.657  4891  5330 I Unity   : 7:41:22 PM : SendMessageToFlutter: GameTableState "{"type":"GameTableState","data":"{\"tableId\":\"***********\",\"gameState\":\"WAITING_TO_JOIN_GAME\"}"}"
02-16 19:41:22.657  4891  5330 I Unity   : XcelerateGames.FlutterWidget.UnityMessageManager:SendMessageToFlutter(FlutterMessage)
02-16 19:41:22.657  4891  5330 I Unity   : XcelerateGames.IOC.Signal`1:Dispatch(T)
02-16 19:41:22.657  4891  5330 I Unity   : JungleeGames.Rummy.CmdSendGameStateToFlutter:SendStateToFlutter()
02-16 19:41:22.657  4891  5330 I Unity   : JungleeGames.Rummy.CmdSendGameStateToFlutter:Execute()
02-16 19:41:22.657  4891  5330 I Unity   : XcelerateGames.IOC.SignalSequencer:Execute(AbstractCommand, Boolean)
02-16 19:41:22.657  4891  5330 I Unity   : XcelerateGames.IOC.CommandBinder:OnSignal(AbstractSignal)
02-16 19:41:22.657  4891  5330 I Unity   : XcelerateGames.IOC.Signal`2:Dispatch(T, U)
02-16 19:41:22.657  4891  5330 I Unity   : JungleeGames.Rummy.CmdTableLoaded:AddSocket(Int64)
02-16 19:41:22.657  4891  5330 I Unity   : JungleeGames.Rummy.CmdTableLoaded:Execute()
02-16 19:41:22.657  4891  5330 I Unity   : XcelerateGames.IOC.SignalSequencer:Execute(AbstractCommand, Boolean)
02-16 19:41:22.657  4891  5330 I Unity   : XcelerateGames.IOC.CommandBinder:OnSignal(AbstractSignal)
02-16 19:41:22.657  4891  5330 I Unity   : XcelerateGames.IOC.Signal`1:Dispatch(T)
02-16 19:41:22.657  4891  5330 I Unity   : JungleeGames.Rummy.UiTable:Init(Int64, Int32, List`1)
02-16 19:41:22.657  4891  5330 I Unity   : JungleeGames.Rummy.CmdCreateTable:OnAssetBundleLoaded(ResourceEvent, String, Object, Object)
02-16 19:41:22.657  4891  5330 I Unity   : XcelerateGames.AssetLoading.Resource:Send
02-16 19:41:22.657  4891  5330 D UnityListener: total listeners are 1
02-16 19:41:22.666  4891  5330 I Unity   : Can show score indicator True
02-16 19:41:22.666  4891  5330 I Unity   : JungleeGames.Rummy.UiTable:Init(Int64, Int32, List`1)
02-16 19:41:22.666  4891  5330 I Unity   : JungleeGames.Rummy.CmdCreateTable:OnAssetBundleLoaded(ResourceEvent, String, Object, Object)
02-16 19:41:22.666  4891  5330 I Unity   : XcelerateGames.AssetLoading.Resource:SendEvent(ResourceEvent, AssetInfo, Object, Boolean)
02-16 19:41:22.666  4891  5330 I Unity   : XcelerateGames.AssetLoading.Resource:OnResourceLoaded(UnityWebRequest, Single, Boolean)
02-16 19:41:22.666  4891  5330 I Unity   : XcelerateGames.AssetLoading.<LoadAssetBundle>d__5:MoveNext()
02-16 19:41:22.666  4891  5330 I Unity   : UnityEngine.SetupCoroutine:InvokeMoveNext(IEnumerator, IntPtr)
02-16 19:41:22.666  4891  5330 I Unity   : 
02-16 19:41:22.691  4891  5330 I Unity   : 7:41:22 PM : MessageFromFlutter: "{"type":"SetRumbleLBResponseMsg","data":"{\"individualResult\":{\"userId\":86240959,\"rank\":-1,\"playerName\":\"anus217695\",\"points\":0,\"prizes\":0.0},\"results\":[{\"userId\":1143871,\"rank\":1,\"playerName\":\"JOKER496\",\"points\":79120,\"prizes\":5000.0},{\"userId\":4283585,\"rank\":2,\"playerName\":\"starsaif\",\"points\":48306,\"prizes\":4000.0},{\"userId\":3630623,\"rank\":3,\"playerName\":\"Jijuuuu\",\"points\":32862,\"prizes\":3000.0},{\"userId\":24244635,\"rank\":4,\"playerName\":\"satheeshbnpp\",\"points\":28354,\"prizes\":2000.0},{\"userId\":20921615,\"rank\":5,\"playerName\":\"Rohit-Virat\",\"points\":21940,\"prizes\":1500.0}],\"prizePool\":20000,\"startDate\":\"2024-02-16 00:01:00.0\",\"endDate\":\"2024-02-16 23:59:00.0\",\"scheduleType\":\"DAILY\",\"optIn\":true,\"entryFee\":0.0,\"leaderboardId\":4361,\"leaderboardName\":\"Daily Leaderboard-16\",\"minAmount\":500.0,\"type\":\"sm-rumble-leaderboard-response-msg\"}"}"
02-16 19:41:22.691  4891  5330 I Unity   : XcelerateGames.FlutterWidget.UnityMessag
02-16 19:41:23.012  4891  5589 I Unity   : SocketOpen => System.EventArgs
02-16 19:41:23.012  4891  5589 I Unity   : WebSocketSharp.WebSocket:open()
02-16 19:41:23.012  4891  5589 I Unity   : System.Threading.ThreadPoolWorkQueue:Dispatch()
02-16 19:41:23.012  4891  5589 I Unity   : 
02-16 19:41:23.149  4891  5025 I flutter : tournament collection start :: 640 syncWithRegisteredPlayersCount 24
02-16 19:41:23.151  4891  5025 I flutter : tournament collection end :: 640 syncWithRegisteredPlayersCount 24
02-16 19:41:23.200  4891  5330 I Unity   : Hiding transition layer
02-16 19:41:23.200  4891  5330 I Unity   : JungleeGames.Rummy.UiTransitionScreen:Hide()
02-16 19:41:23.200  4891  5330 I Unity   : JungleeGames.Rummy.<CheckOrientation>d__10:MoveNext()
02-16 19:41:23.200  4891  5330 I Unity   : UnityEngine.SetupCoroutine:InvokeMoveNext(IEnumerator, IntPtr)
02-16 19:41:23.200  4891  5330 I Unity   : 
02-16 19:41:23.246  4891  5330 I Unity   : Game state change on table id *********** is INITIALIZED
02-16 19:41:23.246  4891  5330 I Unity   : CmdChangeGameState:Execute()
02-16 19:41:23.246  4891  5330 I Unity   : XcelerateGames.IOC.SignalSequencer:Execute(AbstractCommand, Boolean)
02-16 19:41:23.246  4891  5330 I Unity   : XcelerateGames.IOC.CommandBinder:OnSignal(AbstractSignal)
02-16 19:41:23.246  4891  5330 I Unity   : XcelerateGames.IOC.Signal`2:Dispatch(T, U)
02-16 19:41:23.246  4891  5330 I Unity   : JungleeGames.Rummy.UiTable:OnSocketInit(SM_INIT)
02-16 19:41:23.246  4891  5330 I Unity   : XcelerateGames.IOC.Signal`1:Dispatch(T)
02-16 19:41:23.246  4891  5330 I Unity   : JungleeGames.Rummy.MessageProcessor:ProcessInit(String, Int64)
02-16 19:41:23.246  4891  5330 I Unity   : JungleeGames.Rummy.MessageProcessor:OnMessage(String, Int64)
02-16 19:41:23.246  4891  5330 I Unity   : XcelerateGames.IOC.Signal`2:Dispatch(T, U)
02-16 19:41:23.246  4891  5330 I Unity   : JungleeGames.Networking.SocketManager:Update()
02-16 19:41:23.246  4891  5330 I Unity   : 
02-16 19:41:23.252  4891  5330 I Unity   : 7:41:23 PM : SendMessageToFlutter: GameTableState "{"type":"GameTableState","data":"{\"tableId\":\"***********\",\"gameState\":\"JOINED_GAME\"}"}"
02-16 19:41:23.252  4891  5330 I Unity   : XcelerateGames.FlutterWidget.UnityMessageManager:SendMessageToFlutter(FlutterMessage)
02-16 19:41:23.252  4891  5330 I Unity   : XcelerateGames.IOC.Signal`1:Dispatch(T)
02-16 19:41:23.252  4891  5330 I Unity   : JungleeGames.Rummy.CmdSendGameStateToFlutter:SendStateToFlutter()
02-16 19:41:23.252  4891  5330 I Unity   : JungleeGames.Rummy.CmdSendGameStateToFlutter:Execute()
02-16 19:41:23.252  4891  5330 I Unity   : XcelerateGames.IOC.SignalSequencer:Execute(AbstractCommand, Boolean)
02-16 19:41:23.252  4891  5330 I Unity   : XcelerateGames.IOC.CommandBinder:OnSignal(AbstractSignal)
02-16 19:41:23.252  4891  5330 I Unity   : XcelerateGames.IOC.Signal`2:Dispatch(T, U)
02-16 19:41:23.252  4891  5330 I Unity   : JungleeGames.Networking.SocketManager:OnSocketInit(SM_INIT)
02-16 19:41:23.252  4891  5330 I Unity   : XcelerateGames.IOC.Signal`1:Dispatch(T)
02-16 19:41:23.252  4891  5330 I Unity   : JungleeGames.Rummy.MessageProcessor:ProcessInit(String, Int64)
02-16 19:41:23.252  4891  5330 I Unity   : JungleeGames.Rummy.MessageProcessor:OnMessage(String, Int64)
02-16 19:41:23.252  4891  5330 I Unity   : XcelerateGames.IOC.Signal`2:Dispatch(T, U)
02-16 19:41:23.252  4891  5330 I Unity   : JungleeGames.Networking.SocketManager:Update()
02-16 19:41:23.252  4891  5330 I Unity   : 
02-16 19:41:23.252  4891  5330 D UnityListener: total listeners are 1
02-16 19:41:23.268  4891  5330 I Unity   : [7:41:23 PM] [***********] Sending request to server {"_id":"p194","f1":***********,"f2":"0","f3":"psrmg","f4":false,"f5":"vivo Y16","f6":"5.1.59","f8":"Android","f9":"Android 12","f12":false,"f13":"28.494986","f14":"77.0872009","f15":false,"f16":false,"f17":"anus217695","pid":86240959,"at":"eyJhbGciOiJIUzI1NiJ9.eyJzdWIiOiI4NjI0MDk1OSIsImV4cCI6MTcwODM1MTg3Mn0.OnFNaDEPYbxQmF75Y7T8MajRX2bxfg8zgssb2T0LY1E","socketid":0}
02-16 19:41:23.268  4891  5330 I Unity   : JungleeGames.Networking.CmdClientRequestToServer:Execute()
02-16 19:41:23.268  4891  5330 I Unity   : XcelerateGames.IOC.SignalSequencer:Execute(AbstractCommand, Boolean)
02-16 19:41:23.268  4891  5330 I Unity   : XcelerateGames.IOC.CommandBinder:OnSignal(AbstractSignal)
02-16 19:41:23.268  4891  5330 I Unity   : XcelerateGames.IOC.Signal`3:Dispatch(T, U, V)
02-16 19:41:23.268  4891  5330 I Unity   : XcelerateGames.IOC.Signal`1:Dispatch(T)
02-16 19:41:23.268  4891  5330 I Unity   : JungleeGames.Rummy.MessageProcessor:ProcessInit(String, Int64)
02-16 19:41:23.268  4891  5330 I Unity   : JungleeGames.Rummy.MessageProcessor:OnMessage(String, Int64)
02-16 19:41:23.268  4891  5330 I Unity   : XcelerateGames.IOC.Signal`2:Dispatch(T, U)
02-16 19:41:23.268  4891  5330 I Unity   : JungleeGames.Networking.SocketManager:Update()
02-16 19:41:23.268  4891  5330 I Unity   : 
02-16 19:41:23.272  4891  5330 I Unity   : hiding all notification on table13476583085
02-16 19:41:23.272  4891  5330 I Unity   : JungleeGames.Rummy.RummyNotificationController:OnSigHideAllNotificationofTable(Int64)
02-16 19:41:23.272  4891  5330 I Unity   : XcelerateGames.IOC.Signal`1:Dispatch(T)
02-16 19:41:23.272  4891  5330 I Unity   : JungleeGames.Rummy.RummyServerConnectionMonitor:OnSocketConnect(SM_INIT)
02-16 19:41:23.272  4891  5330 I Unity   : XcelerateGames.IOC.Signal`1:Dispatch(T)
02-16 19:41:23.272  4891  5330 I Unity   : JungleeGames.Rummy.MessageProcessor:ProcessInit(String, Int64)
02-16 19:41:23.272  4891  5330 I Unity   : JungleeGames.Rummy.MessageProcessor:OnMessage(String, Int64)
02-16 19:41:23.272  4891  5330 I Unity   : XcelerateGames.IOC.Signal`2:Dispatch(T, U)
02-16 19:41:23.272  4891  5330 I Unity   : JungleeGames.Networking.SocketManager:Update()
02-16 19:41:23.272  4891  5330 I Unity   : 
02-16 19:41:23.275  4891  5330 I Unity   : Is Socket Connected?: True
02-16 19:41:23.275  4891  5330 I Unity   : XcelerateGames.Socket.ServerConnectionMonitor:OnSocketConnect(Boolean, WebSocketStatus)
02-16 19:41:23.275  4891  5330 I Unity   : XcelerateGames.IOC.Signal`1:Dispatch(T)
02-16 19:41:23.275  4891  5330 I Unity   : JungleeGames.Rummy.MessageProcessor:ProcessInit(String, Int64)
02-16 19:41:23.275  4891  5330 I Unity   : JungleeGames.Rummy.MessageProcessor:OnMessage(String, Int64)
02-16 19:41:23.275  4891  5330 I Unity   : XcelerateGames.IOC.Signal`2:Dispatch(T, U)
02-16 19:41:23.275  4891  5330 I Unity   : JungleeGames.Networking.SocketManager:Update()
02-16 19:41:23.275  4891  5330 I Unity   : 
02-16 19:41:23.349  4891  5330 I Unity   : Game state change on table id *********** is INITIALIZED
02-16 19:41:23.349  4891  5330 I Unity   : CmdChangeGameState:Execute()
02-16 19:41:23.349  4891  5330 I Unity   : XcelerateGames.IOC.SignalSequencer:Execute(AbstractCommand, Boolean)
02-16 19:41:23.349  4891  5330 I Unity   : XcelerateGames.IOC.CommandBinder:OnSignal(AbstractSignal)
02-16 19:41:23.349  4891  5330 I Unity   : XcelerateGames.IOC.Signal`2:Dispatch(T, U)
02-16 19:41:23.349  4891  5330 I Unity   : JungleeGames.Rummy.UiTable:OnUpdateTableInfo(SM_UPDATE_TABLE)
02-16 19:41:23.349  4891  5330 I Unity   : XcelerateGames.IOC.Signal`1:Dispatch(T)
02-16 19:41:23.349  4891  5330 I Unity   : JungleeGames.Rummy.MessageProcessor:OnMessage(String, Int64)
02-16 19:41:23.349  4891  5330 I Unity   : XcelerateGames.IOC.Signal`2:Dispatch(T, U)
02-16 19:41:23.349  4891  5330 I Unity   : JungleeGames.Networking.SocketManager:Update()
02-16 19:41:23.349  4891  5330 I Unity   : 
02-16 19:41:23.353  4891  5330 I Unity   : Updating table details in socket data model
02-16 19:41:23.353  4891  5330 I Unity   : JungleeGames.Rummy.CmdUpdateTableData:Execute()
02-16 19:41:23.353  4891  5330 I Unity   : XcelerateGames.IOC.SignalSequencer:Execute(AbstractCommand, Boolean)
02-16 19:41:23.353  4891  5330 I Unity   : XcelerateGames.IOC.CommandBinder:OnSignal(AbstractSignal)
02-16 19:41:23.353  4891  5330 I Unity   : XcelerateGames.IOC.Signal`1:Dispatch(T)
02-16 19:41:23.353  4891  5330 I Unity   : JungleeGames.Rummy.MessageProcessor:OnMessage(String, Int64)
02-16 19:41:23.353  4891  5330 I Unity   : XcelerateGames.IOC.Signal`2:Dispatch(T, U)
02-16 19:41:23.353  4891  5330 I Unity   : JungleeGames.Networking.SocketManager:Update()
02-16 19:41:23.353  4891  5330 I Unity   : 
02-16 19:41:23.357  4891  5330 I Unity   : waiting for players to join on table ***********
02-16 19:41:23.357  4891  5330 I Unity   : JungleeGames.Networking.UiGameCountdown:OnWaitingPlayers(Int64)
02-16 19:41:23.357  4891  5330 I Unity   : XcelerateGames.IOC.Signal`1:Dispatch(T)
02-16 19:41:23.357  4891  5330 I Unity   : JungleeGames.Rummy.CmdUpdateTableData:Execute()
02-16 19:41:23.357  4891  5330 I Unity   : XcelerateGames.IOC.SignalSequencer:Execute(AbstractCommand, Boolean)
02-16 19:41:23.357  4891  5330 I Unity   : XcelerateGames.IOC.CommandBinder:OnSignal(AbstractSignal)
02-16 19:41:23.357  4891  5330 I Unity   : XcelerateGames.IOC.Signal`1:Dispatch(T)
02-16 19:41:23.357  4891  5330 I Unity   : JungleeGames.Rummy.MessageProcessor:OnMessage(String, Int64)
02-16 19:41:23.357  4891  5330 I Unity   : XcelerateGames.IOC.Signal`2:Dispatch(T, U)
02-16 19:41:23.357  4891  5330 I Unity   : JungleeGames.Networking.SocketManager:Update()
02-16 19:41:23.357  4891  5330 I Unity   : 
02-16 19:41:23.414  4891  5330 I Unity   : RequestUserRumbleList
02-16 19:41:23.414  4891  5330 I Unity   : JungleeGames.Rummy.RumbleController:RequestUserRumbleList()
02-16 19:41:23.414  4891  5330 I Unity   : 
02-16 19:41:23.417  4891  5330 I Unity   : UserRumblelListWebRequest
02-16 19:41:23.417  4891  5330 I Unity   : JungleeGames.Rummy.RumbleWebRequests:RequestUserRumblelList(RumbleGameVariant, Int32, Double, String, String, String)
02-16 19:41:23.417  4891  5330 I Unity   : 
02-16 19:41:23.421  4891  5330 I Unity   : challenger webrequest url is: *************************************************************************************************************************************************************************
02-16 19:41:23.421  4891  5330 I Unity   : JungleeGames.Rummy.<GetRequest>d__31:MoveNext()
02-16 19:41:23.421  4891  5330 I Unity   : UnityEngine.SetupCoroutine:InvokeMoveNext(IEnumerator, IntPtr)
02-16 19:41:23.421  4891  5330 I Unity   : JungleeGames.Rummy.RumbleWebRequests:RequestUserEligibleRumble()
02-16 19:41:23.421  4891  5330 I Unity   : JungleeGames.Rummy.RumbleWebRequests:RequestUserRumblelList(RumbleGameVariant, Int32, Double, String, String, String)
02-16 19:41:23.421  4891  5330 I Unity   : 
02-16 19:41:23.458  4891  5330 I Unity   : IsGameInprogress: False  Player:86240959 Isplaying:False
02-16 19:41:23.458  4891  5330 I Unity   : JungleeGames.Rummy.UiTable:OnAddPlayerIntoTheTable(SM_UPDATE_PLAYER)
02-16 19:41:23.458  4891  5330 I Unity   : JungleeGames.Rummy.UiTablePoints:OnAddPlayerIntoTheTable(SM_UPDATE_PLAYER)
02-16 19:41:23.458  4891  5330 I Unity   : XcelerateGames.IOC.Signal`1:Dispatch(T)
02-16 19:41:23.458  4891  5330 I Unity   : JungleeGames.Rummy.MessageProcessor:OnMessage(String, Int64)
02-16 19:41:23.458  4891  5330 I Unity   : XcelerateGames.IOC.Signal`2:Dispatch(T, U)
02-16 19:41:23.458  4891  5330 I Unity   : JungleeGames.Networking.SocketManager:Update()
02-16 19:41:23.458  4891  5330 I Unity   : 
02-16 19:41:23.504  4891  5330 I Unity   : IsGameInprogress: False  Player:91081580 Isplaying:False
02-16 19:41:23.504  4891  5330 I Unity   : JungleeGames.Rummy.UiTable:OnAddPlayerIntoTheTable(SM_UPDATE_PLAYER)
02-16 19:41:23.504  4891  5330 I Unity   : JungleeGames.Rummy.UiTablePoints:OnAddPlayerIntoTheTable(SM_UPDATE_PLAYER)
02-16 19:41:23.504  4891  5330 I Unity   : JungleeGames.Rummy.UiTable:OnUpdatePlayers(SM_UPDATE_PLAYER_COMBINED)
02-16 19:41:23.504  4891  5330 I Unity   : XcelerateGames.IOC.Signal`1:Dispatch(T)
02-16 19:41:23.504  4891  5330 I Unity   : JungleeGames.Rummy.MessageProcessor:OnMessage(String, Int64)
02-16 19:41:23.504  4891  5330 I Unity   : XcelerateGames.IOC.Signal`2:Dispatch(T, U)
02-16 19:41:23.504  4891  5330 I Unity   : JungleeGames.Networking.SocketManager:Update()
02-16 19:41:23.504  4891  5330 I Unity   : 
02-16 19:41:23.536  4891  5330 I Unity   : COIN?minDeposit=0&vipType=NONVIP&loyalityType=NA&seat=2&gameVarient=POINT&entryFee=800 :
02-16 19:41:23.536  4891  5330 I Unity   :  Received:  {"status":"SUCCESS","statusCode":200,"message":"success","data":null,"count":0}
02-16 19:41:23.536  4891  5330 I Unity   : JungleeGames.Rummy.<GetRequest>d__31:MoveNext()
02-16 19:41:23.536  4891  5330 I Unity   : UnityEngine.SetupCoroutine:InvokeMoveNext(IEnumerator, IntPtr)
02-16 19:41:23.536  4891  5330 I Unity   : 
02-16 19:41:23.609  4891  5330 I Unity   : 7:41:23 PM : SendMessageToFlutter: GameTableState "{"type":"GameTableState","data":"{\"tableId\":\"***********\",\"gameState\":\"GAME_START_TIMER\"}"}"
02-16 19:41:23.609  4891  5330 I Unity   : XcelerateGames.FlutterWidget.UnityMessageManager:SendMessageToFlutter(FlutterMessage)
02-16 19:41:23.609  4891  5330 I Unity   : XcelerateGames.IOC.Signal`1:Dispatch(T)
02-16 19:41:23.609  4891  5330 I Unity   : JungleeGames.Rummy.CmdSendGameStateToFlutter:SendStateToFlutter()
02-16 19:41:23.609  4891  5330 I Unity   : JungleeGames.Rummy.CmdSendGameStateToFlutter:Execute()
02-16 19:41:23.609  4891  5330 I Unity   : XcelerateGames.IOC.SignalSequencer:Execute(AbstractCommand, Boolean)
02-16 19:41:23.609  4891  5330 I Unity   : XcelerateGames.IOC.CommandBinder:OnSignal(AbstractSignal)
02-16 19:41:23.609  4891  5330 I Unity   : XcelerateGames.IOC.Signal`2:Dispatch(T, U)
02-16 19:41:23.609  4891  5330 I Unity   : CmdGameLogGameState:Execute()
02-16 19:41:23.609  4891  5330 I Unity   : XcelerateGames.IOC.SignalSequencer:Execute(AbstractCommand, Boolean)
02-16 19:41:23.609  4891  5330 I Unity   : XcelerateGames.IOC.CommandBinder:OnSignal(AbstractSignal)
02-16 19:41:23.609  4891  5330 I Unity   : XcelerateGames.IOC.Signal`2:Dispatch(T, U)
02-16 19:41:23.609  4891  5330 I Unity   : JungleeGames.Rummy.UiTable:OnGameStart(SM_GAME_START)
02-16 19:41:23.609  4891  5330 I Unity   : XcelerateGames.IOC.Signal`1:Dispatch(T)
02-16 19:41:23.609  4891  5330 I Unity   : JungleeGames.Rummy.MessageProcessor:OnMessage(String, Int64)
02-16 19:41:23.609  4891  5330 I Unity   : XcelerateGames.IOC.Signal`2:Dispatch(T, U)
02-16 19:41:23.609  4891  5330 I Unity   : JungleeGames.Networking.SocketManager:Update()
02-16 19:41:23.609  4891  5330 I Unity   : 
02-16 19:41:23.610  4891  5330 D UnityListener: total listeners are 1
02-16 19:41:23.621  4891  5330 I Unity   : [7:41:23 PM] [***********] Sending request to server {"_id":"p260","f1":"PlayerJoinedGameTable","f2":"Player anus217695 has joined gable table when game state is GAME_START_TIMER","f3":"2024-02-16 19:41:23.611","socketid":0}
02-16 19:41:23.621  4891  5330 I Unity   : JungleeGames.Networking.CmdClientRequestToServer:Execute()
02-16 19:41:23.621  4891  5330 I Unity   : XcelerateGames.IOC.SignalSequencer:Execute(AbstractCommand, Boolean)
02-16 19:41:23.621  4891  5330 I Unity   : XcelerateGames.IOC.CommandBinder:OnSignal(AbstractSignal)
02-16 19:41:23.621  4891  5330 I Unity   : XcelerateGames.IOC.Signal`3:Dispatch(T, U, V)
02-16 19:41:23.621  4891  5330 I Unity   : JungleeGames.Rummy.CmdSendAnalyticsEvent:Execute()
02-16 19:41:23.621  4891  5330 I Unity   : XcelerateGames.IOC.SignalSequencer:Execute(AbstractCommand, Boolean)
02-16 19:41:23.621  4891  5330 I Unity   : XcelerateGames.IOC.CommandBinder:OnSignal(AbstractSignal)
02-16 19:41:23.621  4891  5330 I Unity   : XcelerateGames.IOC.Signal`3:Dispatch(T, U, V)
02-16 19:41:23.621  4891  5330 I Unity   : JungleeGames.Rummy.UiTable:SendPlayerJoinedTableLog()
02-16 19:41:23.621  4891  5330 I Unity   : JungleeGames.Rummy.UiTable:OnGameStart(SM_GAME_START)
02-16 19:41:23.621  4891  5330 I Unity   : XcelerateGames.IOC.Signal`1:Dispatch(T)
02-16 19:41:23.621  4891  5330 I Unity   : JungleeGames.Rummy.MessageProcessor:OnMessage(String, Int64)
02-16 19:41:23.621  4891  5330 I Unity   : XcelerateGames.IOC.Signal`2:Dispatch(T, U)
02-16 19:41:23.621  4891  5330 I Unity   : JungleeGames.Networking.SocketManager:Update()
02-16 19:41:23.621  4891  5330 I Unity   : 
02-16 19:41:23.628  4891  5330 I Unity   : 7:41:23 PM : SendMessageToFlutter: GameTableState "{"type":"GameTableState","data":"{\"tableId\":\"***********\",\"gameState\":\"GAME_START_TIMER\"}"}"
02-16 19:41:23.628  4891  5330 I Unity   : XcelerateGames.FlutterWidget.UnityMessageManager:SendMessageToFlutter(FlutterMessage)
02-16 19:41:23.628  4891  5330 I Unity   : XcelerateGames.IOC.Signal`1:Dispatch(T)
02-16 19:41:23.628  4891  5330 I Unity   : JungleeGames.Rummy.CmdSendGameStateToFlutter:SendStateToFlutter()
