02-16 19:42:04.159  7096  7224 I flutter : [35mINFO :: Reciving a new message: {"userNameMinLength":4,"userNameMaxLength":12,"pwdMinLength":6,"pwdMaxLength":14,"isGeoRestrictedUser":false,"isCashGameGeoRestrictedUser":false,"isFreeGameGeoRestrictedUser":false,"facebookAppIdH5":"347517578913382","facebookAppIdWeb":"347517578913382","googleClientId":"1082641265580-tl3rvqcuf7qushdlrehvjahpbqp29atc","pwaa2hpopupandroid":true,"pwaa2hpopupios":true,"pwaa2hpopup_autologincount":2,"pwasendofflineafterclick":20,"isOpenNativeAppEnable":true,"accessGeoLocation":true,"mandatoryGeoPlatform":["apk","psrmg","ipa"],"isCashRestrictedFeatureInPsApp":true,"isOtpAutoCaptureEnable":true,"isMobileNumberHintEnable":true,"isAddPasswordNewConfig":true,"isEnabled":true,"statesNotAllowed":["Assam","Telangana","Nagaland","Sikkim","Andhra Pradesh","Meghalaya","Restricted State"],"disabledTill":"09 Jun 2023 06:40:00 GMT+05:30","appRolloutConfig":{"currentVersion":"2.2.55","latestVersion":"2.2.55","minVersion":"1.22.38","updateUrl":"***********************************************
02-16 19:42:04.161  7096  7224 I flutter : InAppUpdate :: Snackbar Shown Count: 0
02-16 19:42:04.259  7096  7224 I flutter : USERINFO :: {userId: 86240959, userName: anus217695, socialNetwork: JUNGLEERUMMY, adkey: , loginCount: 13, vip: 0, coins: 3200, coinsInPlay: 800, rupees: 0.0, rupeesInPlay: 0.0, rupeesInDeposit: 0.0, rupeesInWithdrawable: 0.0, gameCash: 0.0, isNewWalletConfigEnabledForCat: true, isNewWalletConfigEnabledGlobally: false, loyaltyInfo: {userid: 86240959, loyaltyPoints: 0, loyaltyPointSegment: 0, segmentTitle: NA, pointsToNextSegment: 2, nextLoyaltyPointSegment: 5, nextSegmentTitle: bronze, rollingWager: 0.0, expiryDate: 16 Apr, 2024, journeyRatio: 0.0, enabled: true, redemptionsDoneForTheDay: 0, redemptionsCountLimit: 1, tournamentMultiplicationFactor: 1.0}, rupeesPendingWithdrawal: 0.0, totalDeposits: 0.0, avatarId: 12, cashGames: 0, practiceGames: 187, email: ************************************, emailVerified: false, mobilePhone: , mobileVerified: false, panType: PAN, subscription: {email: true, sms: true}, lobbyPreferencetype: NEW_LOBBY, themeId: -1, themeView: false, adCashBonus: 0.0, adCashBonusType: -1, k
02-16 19:42:04.308  7096  7096 D FlutterUnityController: Attaching unity to view
02-16 19:42:04.313  7096  7494 I flutter : [35mJUNGLEE WORKER :: Timer Isolate[0m
02-16 19:42:04.319  7096  7096 D FlutterUnityController: onCreate
02-16 19:42:04.319  7096  7096 D FlutterUnityController: onResume
02-16 19:42:04.400  7096  7224 I flutter : _platformCallHandler call profileDidInitialize __if89fcf5ffd274b9a8eb437ef16c8a0d0
02-16 19:42:04.402  7096  7224 I flutter : Lobby Event Added ::  successful_lobby_seen
02-16 19:42:04.447  7096  7495 I flutter : [35mJUNGLEE WORKER :: Timer Started[0m
02-16 19:42:04.705  7096  7224 I flutter : tournament collection start :: 993 _TournamentCollection 0
02-16 19:42:04.732  7096  7224 I flutter : tournament collection start :: 429 syncFiltersUpdated 0
02-16 19:42:04.740  7096  7224 I flutter : tournament collection end :: 429 syncFiltersUpdated 23
02-16 19:42:04.740  7096  7224 I flutter : tournament collection end :: 993 _TournamentCollection 23
02-16 19:42:04.882  7096  7096 I CustomUnityPlayer: onAttachedToWindow
02-16 19:42:05.032  7096  7224 I flutter : tournament collection start :: 118 syncWithRegisteredPlayersCount 23
02-16 19:42:05.035  7096  7224 I flutter : tournament collection end :: 118 syncWithRegisteredPlayersCount 23
02-16 19:42:05.598  7096  7224 I flutter : _platformCallHandler call inboxDidInitialize null
02-16 19:42:06.019  7096  7224 I flutter : tournament collection start :: 921 syncWithRegisteredPlayersCount 23
02-16 19:42:06.022  7096  7224 I flutter : tournament collection end :: 921 syncWithRegisteredPlayersCount 23
02-16 19:42:06.274  7096  7493 I Unity   : MemoryManager: Using 'Dynamic Heap' Allocator.
02-16 19:42:06.316  7096  7493 I Unity   : SystemInfo CPU = ARM64 FP ASIMD AES, Cores = 8, Memory = 3809mb
02-16 19:42:06.316  7096  7493 I Unity   : SystemInfo ARM big.LITTLE configuration: 4 big (mask: 0xf), 4 little (mask: 0xf0)
02-16 19:42:06.316  7096  7493 I Unity   : ApplicationInfo com.jungleerummy.playcashgameonline version 5.1.59
02-16 19:42:06.316  7096  7493 I Unity   : Built from '2022.3/release' branch, Version '2022.3.5f1 (9674261d40ee)', Build type 'Release', Scripting Backend 'il2cpp', CPU 'arm64-v8a', Stripping 'Enabled'
02-16 19:42:06.902  7096  7493 I Unity   : Company Name: Junglee Games
02-16 19:42:06.902  7096  7493 I Unity   : Product Name: rummy-unity-client-Droid
02-16 19:42:06.994  7096  7493 D Unity   :  GL_EXT_debug_marker GL_ANDROID_extension_pack_es31a GL_EXT_blend_minmax GL_EXT_buffer_storage GL_EXT_clear_texture GL_EXT_clip_control GL_EXT_color_buffer_float GL_EXT_color_buffer_half_float GL_EXT_conservative_depth GL_EXT_copy_image GL_EXT_discard_framebuffer GL_EXT_draw_buffers GL_EXT_draw_buffers_indexed GL_EXT_draw_elements_base_vertex GL_EXT_EGL_image_array GL_EXT_external_buffer GL_EXT_float_blend GL_EXT_geometry_point_size GL_EXT_geometry_shader GL_EXT_gpu_shader5 GL_EXT_memory_object GL_EXT_memory_object_fd GL_EXT_multi_draw_arrays GL_EXT_multisampled_render_to_texture GL_EXT_multisampled_render_to_texture2 GL_EXT_occlusion_query_boolean GL_EXT_polygon_offset_clamp GL_EXT_primitive_bounding_box GL_EXT_pvrtc_sRGB GL_EXT_read_format_bgra GL_EXT_robustness GL_EXT_separate_shader_objects GL_EXT_shader_framebuffer_fetch GL_EXT_shader_group_vote GL_EXT_shader_implicit_conversions GL_EXT_shader_io_blocks GL_EXT_shader_non_constant_global_initializers GL_EXT_shader_pixel_local_storage GL_EXT_shader_pixel_
02-16 19:42:06.994  7096  7493 D Unity   : local_storage2 GL_EXT_shader_texture_lod GL_EXT_sparse_texture GL_EXT_sRGB_write_control GL_EXT_tessellation_point_size GL_EXT_tessellation_shader GL_EXT_texture_border_clamp GL_EXT_texture_buffer GL_EXT_texture_cube_map_array GL_EXT_texture_format_BGRA8888 GL_EXT_texture_format_sRGB_override GL_EXT_texture_rg GL_EXT_texture_shadow_lod GL_EXT_texture_sRGB_decode GL_EXT_texture_sRGB_R8 GL_EXT_texture_sRGB_RG8 GL_EXT_YUV_target GL_IMG_framebuffer_downsample GL_IMG_multisampled_render_to_texture GL_IMG_program_binary GL_IMG_read_format GL_IMG_shader_binary GL_IMG_texture_compression_pvrtc GL_IMG_texture_compression_pvrtc2 GL_IMG_texture_format_BGRA8888 GL_IMG_texture_npot GL_KHR_blend_equation_advanced GL_KHR_blend_equation_advanced_coherent GL_KHR_debug GL_KHR_robustness GL_KHR_texture_compression_astc_ldr GL_OES_compressed_ETC1_RGB8_texture GL_OES_depth24 GL_OES_depth_texture GL_OES_draw_buffers_indexed GL_OES_draw_elements_base_vertex GL_OES_EGL_image GL_OES_EGL_image_external GL_OES_EGL_image_external_essl3
02-16 19:42:06.994  7096  7493 D Unity   :  GL_OES_EGL_sync GL_OES_element_index_uint GL_OES_fragment_precision_high GL_OES_geometry_point_size GL_OES_geometry_shader GL_OES_get_program_binary GL_OES_gpu_shader5 GL_OES_mapbuffer GL_OES_packed_depth_stencil GL_OES_required_internalformat GL_OES_rgb8_rgba8 GL_OES_sample_shading GL_OES_sample_variables GL_OES_shader_image_atomic GL_OES_shader_io_blocks GL_OES_shader_multisample_interpolation GL_OES_standard_derivatives GL_OES_surfaceless_context GL_OES_tessellation_point_size GL_OES_tessellation_shader GL_OES_texture_border_clamp GL_OES_texture_buffer GL_OES_texture_cube_map_array GL_OES_texture_float GL_OES_texture_half_float GL_OES_texture_npot GL_OES_texture_stencil8 GL_OES_texture_storage_multisample_2d_array GL_OES_vertex_array_object GL_OES_vertex_half_float
02-16 19:42:07.073  7096  7224 I flutter : tournament collection start :: 152 syncWithRegisteredPlayersCount 23
02-16 19:42:07.077  7096  7224 I flutter : tournament collection end :: 152 syncWithRegisteredPlayersCount 23
02-16 19:42:07.583  7096  7678 W Unity   : The referenced script on this Behaviour (Game Object 'PoccoManager') is missing!
02-16 19:42:07.642  7096  7493 I Unity   : Logging to file : /storage/emulated/0/Android/data/com.jungleerummy.playcashgameonline/files/DeviceLog.txt
02-16 19:42:07.642  7096  7493 I Unity   : XcelerateGames.LogConsole:CreateLogFile()
02-16 19:42:07.642  7096  7493 I Unity   : 
02-16 19:42:07.841  7096  7224 I flutter : tournament collection start :: 862 syncWithUpdates 23
02-16 19:42:07.847  7096  7224 I flutter : tournament collection end :: 862 syncWithUpdates 23
02-16 19:42:07.852  7096  7224 I flutter : tournament collection start :: 523 syncWithRejoinUpdates 23
02-16 19:42:07.854  7096  7224 I flutter : tournament collection start :: 377 syncFiltersUpdated 23
02-16 19:42:07.866  7096  7224 I flutter : tournament collection end :: 377 syncFiltersUpdated 23
02-16 19:42:07.866  7096  7224 I flutter : tournament collection end :: 523 syncWithRejoinUpdates 23
02-16 19:42:08.145  7096  7224 I flutter : tournament collection start :: 464 syncWithRegisteredPlayersCount 23
02-16 19:42:08.148  7096  7224 I flutter : tournament collection end :: 464 syncWithRegisteredPlayersCount 23
02-16 19:42:08.517  7096  7493 I Unity   : Flags:LIVE_BUILD,USE_WEBSOCKET_SHARP,IN_MEMORY_LOGS,ENABLE_DEBUG_LOGS,USING_FLUTTER,PS_CASH_APP,USE_FLUTTER_TO_MAIL_LOGS,
02-16 19:42:08.517  7096  7493 I Unity   : XcelerateGames.Startup:Awake()
02-16 19:42:08.517  7096  7493 I Unity   : JungleeGames.Rummy.StartupRummy:Awake()
02-16 19:42:08.517  7096  7493 I Unity   : 
02-16 19:42:08.890  7096  7493 I Unity   : ApiLevel: 31
02-16 19:42:08.890  7096  7493 I Unity   : XcelerateGames.Vibration:Initialize(String)
02-16 19:42:08.890  7096  7493 I Unity   : XcelerateGames.Startup:InitFramework()
02-16 19:42:08.890  7096  7493 I Unity   : 
02-16 19:42:08.922  7096  7493 I Unity   : LTS: Waiting for cache to get ready : 18 : 19:42:08.921
02-16 19:42:08.922  7096  7493 I Unity   : XcelerateGames.<WaitForCache>d__17:MoveNext()
02-16 19:42:08.922  7096  7493 I Unity   : UnityEngine.SetupCoroutine:InvokeMoveNext(IEnumerator, IntPtr)
02-16 19:42:08.922  7096  7493 I Unity   : 
02-16 19:42:09.108  7096  7224 I flutter : tournament collection start :: 38 syncWithRegisteredPlayersCount 23
02-16 19:42:09.111  7096  7224 I flutter : tournament collection end :: 38 syncWithRegisteredPlayersCount 23
02-16 19:42:09.117  7096  7493 D UnityListener: total listeners are 1
02-16 19:42:09.197  7096  7493 I Unity   : LTS: Cache ready... : 19 : 19:42:09.195
02-16 19:42:09.197  7096  7493 I Unity   : XcelerateGames.<WaitForCache>d__17:MoveNext()
02-16 19:42:09.197  7096  7493 I Unity   : UnityEngine.SetupCoroutine:InvokeMoveNext(IEnumerator, IntPtr)
02-16 19:42:09.197  7096  7493 I Unity   : 
02-16 19:42:09.197  7096  7493 D UnityListener: total listeners are 1
02-16 19:42:09.199  7096  7493 D UnityListener: total listeners are 1
02-16 19:42:09.201  7096  7493 D UnityListener: total listeners are 1
02-16 19:42:09.249  7096  7493 D UnityListener: total listeners are 1
02-16 19:42:09.250  7096  7493 D UnityListener: total listeners are 1
02-16 19:42:09.314  7096  7493 D UnityListener: total listeners are 1
02-16 19:42:09.336  7096  7493 D UnityListener: total listeners are 1
02-16 19:42:09.366  7096  7493 D UnityListener: total listeners are 1
02-16 19:42:09.368  7096  7493 D UnityListener: total listeners are 1
02-16 19:42:09.369  7096  7493 D UnityListener: total listeners are 1
02-16 19:42:09.387  7096  7493 D UnityListener: total listeners are 1
02-16 19:42:09.395  7096  7493 D UnityListener: total listeners are 1
02-16 19:42:10.208  7096  7224 I flutter : tournament collection start :: 603 syncWithRegisteredPlayersCount 23
02-16 19:42:10.214  7096  7224 I flutter : tournament collection end :: 603 syncWithRegisteredPlayersCount 23
02-16 19:42:10.235  7096  7493 D UnityListener: total listeners are 1
02-16 19:42:10.284  7096  7493 I Unity   : 7:42:10 PM : SendMessageToFlutter: FrameworkEvent "{"type":"FrameworkEvent","data":"unity_load_scene_completed rummy"}"
02-16 19:42:10.284  7096  7493 I Unity   : XcelerateGames.FlutterWidget.UnityMessageManager:SendMessageToFlutter(FlutterMessage)
02-16 19:42:10.284  7096  7493 I Unity   : XcelerateGames.IOC.Signal`1:Dispatch(T)
02-16 19:42:10.284  7096  7493 I Unity   : XcelerateGames.CmdSendFrameworkEvent:Execute()
02-16 19:42:10.284  7096  7493 I Unity   : XcelerateGames.IOC.SignalSequencer:Execute(AbstractCommand, Boolean)
02-16 19:42:10.284  7096  7493 I Unity   : XcelerateGames.IOC.CommandBinder:OnSignal(AbstractSignal)
02-16 19:42:10.284  7096  7493 I Unity   : XcelerateGames.IOC.Signal`1:Dispatch(T)
02-16 19:42:10.284  7096  7493 I Unity   : XcelerateGames.AssetLoading.ResourceManager:OnSceneLoaded(Scene, LoadSceneMode)
02-16 19:42:10.284  7096  7493 I Unity   : 
02-16 19:42:10.285  7096  7493 D UnityListener: total listeners are 1
02-16 19:42:10.327  7096  7493 I Unity   : Showing transition layer
02-16 19:42:10.327  7096  7493 I Unity   : JungleeGames.Rummy.UiTransitionScreen:Start()
02-16 19:42:10.327  7096  7493 I Unity   : 
02-16 19:42:10.330  7096  7493 I Unity   : Showing transition layer
02-16 19:42:10.352  7096  7493 I Unity   : Show loading cursor:True
02-16 19:42:10.352  7096  7493 I Unity   : XcelerateGames.UiLoadingCursor:Show(Boolean)
02-16 19:42:10.352  7096  7493 I Unity   : XcelerateGames.CmdLoadAssetFromBundle:Execute()
02-16 19:42:10.352  7096  7493 I Unity   : XcelerateGames.IOC.SignalSequencer:Execute(AbstractCommand, Boolean)
02-16 19:42:10.352  7096  7493 I Unity   : XcelerateGames.IOC.CommandBinder:OnSignal(AbstractSignal)
02-16 19:42:10.352  7096  7493 I Unity   : XcelerateGames.IOC.Signal`5:Dispatch(T, U, V, W, X)
02-16 19:42:10.352  7096  7493 I Unity   : JungleeGames.Rummy.<Start>d__18:MoveNext()
02-16 19:42:10.352  7096  7493 I Unity   : UnityEngine.SetupCoroutine:InvokeMoveNext(IEnumerator, IntPtr)
02-16 19:42:10.352  7096  7493 I Unity   : 
02-16 19:42:10.424  7096  7493 I Unity   : Show loading cursor:False
02-16 19:42:10.424  7096  7493 I Unity   : XcelerateGames.UiLoadingCursor:Show(Boolean)
02-16 19:42:10.424  7096  7493 I Unity   : XcelerateGames.CmdLoadAssetFromBundle:OnBundleLoaded(ResourceEvent, String, Object, Object)
02-16 19:42:10.424  7096  7493 I Unity   : XcelerateGames.AssetLoading.Resource:SendEvent(ResourceEvent, AssetInfo, Object, Boolean)
02-16 19:42:10.424  7096  7493 I Unity   : XcelerateGames.AssetLoading.Resource:OnResourceLoaded(UnityWebRequest, Single, Boolean)
02-16 19:42:10.424  7096  7493 I Unity   : XcelerateGames.AssetLoading.<LoadAssetBundle>d__5:MoveNext()
02-16 19:42:10.424  7096  7493 I Unity   : UnityEngine.SetupCoroutine:InvokeMoveNext(IEnumerator, IntPtr)
02-16 19:42:10.424  7096  7493 I Unity   : 
02-16 19:42:11.148  7096  7224 I flutter : tournament collection start :: 968 syncWithRegisteredPlayersCount 23
02-16 19:42:11.150  7096  7224 I flutter : tournament collection end :: 968 syncWithRegisteredPlayersCount 23
02-16 19:42:11.369  7096  7493 I Unity   : 7:42:11 PM : SendMessageToFlutter: UnityReady "{"type":"UnityReady"}"
02-16 19:42:11.369  7096  7493 I Unity   : XcelerateGames.FlutterWidget.UnityMessageManager:SendMessageToFlutter(FlutterMessage)
02-16 19:42:11.369  7096  7493 I Unity   : XcelerateGames.IOC.Signal`1:Dispatch(T)
02-16 19:42:11.369  7096  7493 I Unity   : JungleeGames.Rummy.CmdLoadStartUpUI:OnAssetLoaded(ResourceEvent, String, Object, Object)
02-16 19:42:11.369  7096  7493 I Unity   : XcelerateGames.AssetLoading.Resource:SendEvent(ResourceEvent, AssetInfo, Object, Boolean)
02-16 19:42:11.369  7096  7493 I Unity   : XcelerateGames.AssetLoading.Resource:OnResourceLoaded(UnityWebRequest, Single, Boolean)
02-16 19:42:11.369  7096  7493 I Unity   : XcelerateGames.AssetLoading.<LoadAssetBundle>d__5:MoveNext()
02-16 19:42:11.369  7096  7493 I Unity   : UnityEngine.SetupCoroutine:InvokeMoveNext(IEnumerator, IntPtr)
02-16 19:42:11.369  7096  7493 I Unity   : 
02-16 19:42:11.369  7096  7493 D UnityListener: total listeners are 1
02-16 19:42:11.495  7096  7493 I Unity   : 7:42:11 PM : MessageFromFlutter: "{"type":"LocaleText","data":"{\"no_network_message\":\"Please check your network connection.\",\"no_network_title\":\"No Network\",\"group_type_impure_sequence\":\"Sequence\",\"group_type_pure_sequence\":\"Pure Sequence\",\"group_type_set\":\"Set\",\"group_type_invalid\":\"Invalid\",\"group_and_declare_message\":\"Please group your cards and Declare.\",\"group_and_declare_message_with_userId\":\"Player {0} has made a valid Declaration. Please group your cards and Declare.\",\"invalid_declaration_message\":\"You made an invalid declaration\",\"know_more_button_text\":\"Know More\",\"click_here_button_text\":\"Click Here\",\"declare_button_text\":\"DECLARE\",\"player_dropped\":\"Dropped\",\"player_dropped_on_wrong_declare\":\"Wrong\\nDeclare\",\"player_lost\":\"Lost\",\"player_missed_turn_count\":\"Missed {0}/{1} consecutive turn(s) before being dropped from the game\",\"waiting_for_others\":\"Waiting for more players to join to start the game.\",\"waiting_for_others_dealrummy
02-16 19:42:11.511  7096  7096 D FlutterUnityController: this controller disposed
02-16 19:42:11.556  7096  7096 I CustomUnityPlayer: onDetachedFromWindow
02-16 19:42:12.189  7096  7224 I flutter : tournament collection start :: 309 syncWithRegisteredPlayersCount 23
02-16 19:42:12.193  7096  7224 I flutter : tournament collection end :: 309 syncWithRegisteredPlayersCount 23
02-16 19:42:12.417  7096  7224 I flutter : Lobby Event Added ::  practice_tab_clicked
02-16 19:42:13.261  7096  7224 I flutter : tournament collection start :: 745 syncWithRegisteredPlayersCount 23
02-16 19:42:13.263  7096  7224 I flutter : tournament collection end :: 745 syncWithRegisteredPlayersCount 23
02-16 19:42:13.399  7096  7224 I flutter : Lobby Event Added ::  select_players_clicked
02-16 19:42:14.144  7096  7224 I flutter : Lobby Event Added ::  lobby_play_now_clicked
02-16 19:42:14.145  7096  7224 I flutter : Lobby Event Added ::  lobby_game_settings
02-16 19:42:14.235  7096  7224 I flutter : tournament collection start :: 947 syncWithRegisteredPlayersCount 23
02-16 19:42:14.237  7096  7224 I flutter : tournament collection end :: 947 syncWithRegisteredPlayersCount 23
02-16 19:42:14.264  7096  7224 I flutter : Lobby Event Added ::  game_table_pushed_to_route
02-16 19:42:14.509  7096  7096 D FlutterUnityController: Attaching unity to view
02-16 19:42:14.519  7096  7096 D FlutterUnityController: onCreate
02-16 19:42:14.519  7096  7096 D FlutterUnityController: onResume
02-16 19:42:14.569  7096  7096 I CustomUnityPlayer: onAttachedToWindow
02-16 19:42:14.693  7096  7493 I Unity   : 7:42:14 PM : MessageFromFlutter: "{"type":"IsUnityReady"}"
02-16 19:42:14.693  7096  7493 I Unity   : XcelerateGames.FlutterWidget.UnityMessageManager:onMessage(String)
02-16 19:42:14.693  7096  7493 I Unity   : 
02-16 19:42:14.704  7096  7493 I Unity   : 7:42:14 PM : SendMessageToFlutter: UnityReady "{"type":"UnityReady"}"
02-16 19:42:14.704  7096  7493 I Unity   : XcelerateGames.FlutterWidget.UnityMessageManager:SendMessageToFlutter(FlutterMessage)
02-16 19:42:14.704  7096  7493 I Unity   : XcelerateGames.IOC.Signal`1:Dispatch(T)
02-16 19:42:14.704  7096  7493 I Unity   : JungleeGames.Rummy.CmdOnFlutterMessage:Execute()
02-16 19:42:14.704  7096  7493 I Unity   : XcelerateGames.IOC.SignalSequencer:Execute(AbstractCommand, Boolean)
02-16 19:42:14.704  7096  7493 I Unity   : XcelerateGames.IOC.CommandBinder:OnSignal(AbstractSignal)
02-16 19:42:14.704  7096  7493 I Unity   : XcelerateGames.IOC.Signal`1:Dispatch(T)
02-16 19:42:14.704  7096  7493 I Unity   : XcelerateGames.FlutterWidget.UnityMessageManager:onMessage(String)
02-16 19:42:14.704  7096  7493 I Unity   : 
02-16 19:42:14.705  7096  7493 D UnityListener: total listeners are 1
02-16 19:42:14.718  7096  7224 I flutter : Lobby Event Added ::  unity_ready_received_on_game
02-16 19:42:14.760  7096  7493 I Unity   : 7:42:14 PM : MessageFromFlutter: "{"type":"Init","data":"{\"playerId\":86240959,\"userName\":\"anus217695\",\"email\":\"************************************\",\"authToken\":\"eyJhbGciOiJIUzI1NiJ9.eyJzdWIiOiI4NjI0MDk1OSIsImV4cCI6MTcwODM1MTkyNH0.XPiCUagrlS6apf9-gc9tFzPYbJwU61D5eifRsVWfEHA\",\"***********************\",\"************************\",\"userDeviceType\":\"psrmg\",\"apkVersion\":\"5.1.59\",\"osVersion\":\"Android 12\",\"isMultiTableEnabled\":false,\"maxTableLimit\":1,\"isRichDesign\":true,\"avatarId\":12,\"minDeposit\":0.0,\"vipCategory\":0,\"loyalty\":\"NA\",\"rumbleBaseUrl\":\"********************************************************************************************************************************************************************************************************************************************************************************************************************************************************************************************************************************************
02-16 19:42:14.766  7096  7493 I Unity   : Setting full screen from Game Table currently isfullscreen False change to isfullscreen True
02-16 19:42:14.766  7096  7493 I Unity   : JungleeGames.Rummy.RummyGameUtilities:ToggleFullScreen(Boolean)
02-16 19:42:14.766  7096  7493 I Unity   : JungleeGames.Rummy.CmdOnFlutterMessage:Execute()
02-16 19:42:14.766  7096  7493 I Unity   : XcelerateGames.IOC.SignalSequencer:Execute(AbstractCommand, Boolean)
02-16 19:42:14.766  7096  7493 I Unity   : XcelerateGames.IOC.CommandBinder:OnSignal(AbstractSignal)
02-16 19:42:14.766  7096  7493 I Unity   : XcelerateGames.IOC.Signal`1:Dispatch(T)
02-16 19:42:14.766  7096  7493 I Unity   : XcelerateGames.FlutterWidget.UnityMessageManager:onMessage(String)
02-16 19:42:14.766  7096  7493 I Unity   : 
02-16 19:42:14.797  7096  7493 I Unity   : Changing orientation from Game Table current Orientation Portrait change to LandscapeLeft, deviceOrientation: FaceUp
02-16 19:42:14.797  7096  7493 I Unity   : JungleeGames.Rummy.RummyGameUtilities:SetGameOrientation(ScreenOrientation)
02-16 19:42:14.797  7096  7493 I Unity   : JungleeGames.Rummy.CmdOnFlutterMessage:Execute()
02-16 19:42:14.797  7096  7493 I Unity   : XcelerateGames.IOC.SignalSequencer:Execute(AbstractCommand, Boolean)
02-16 19:42:14.797  7096  7493 I Unity   : XcelerateGames.IOC.CommandBinder:OnSignal(AbstractSignal)
02-16 19:42:14.797  7096  7493 I Unity   : XcelerateGames.IOC.Signal`1:Dispatch(T)
02-16 19:42:14.797  7096  7493 I Unity   : XcelerateGames.FlutterWidget.UnityMessageManager:onMessage(String)
02-16 19:42:14.797  7096  7493 I Unity   : 
02-16 19:42:14.800  7096  7493 I Unity   : User Id: 86240959
02-16 19:42:14.800  7096  7493 I Unity   : JungleeGames.Rummy.CmdOnFlutterMessage:Execute()
02-16 19:42:14.800  7096  7493 I Unity   : XcelerateGames.IOC.SignalSequencer:Execute(AbstractCommand, Boolean)
02-16 19:42:14.800  7096  7493 I Unity   : XcelerateGames.IOC.CommandBinder:OnSignal(AbstractSignal)
02-16 19:42:14.800  7096  7493 I Unity   : XcelerateGames.IOC.Signal`1:Dispatch(T)
02-16 19:42:14.800  7096  7493 I Unity   : XcelerateGames.FlutterWidget.UnityMessageManager:onMessage(String)
02-16 19:42:14.800  7096  7493 I Unity   : 
02-16 19:42:14.804  7096  7493 I Unity   : 7:42:14 PM : MessageFromFlutter: "{"type":"ScoreBoard","data":"{\"enabled\":false,\"match_1_Timeoffset\":\"1800\",\"match_2_Timeoffset\":\"600\",\"matchPriority\":\"1\",\"usercategories\":\"new,existing\",\"widdgetAutofoldTimeout\":\"8\",\"startDate\":\"\",\"type\":\"sm-cricket-scoreboard-msg\"}"}"
02-16 19:42:14.804  7096  7493 I Unity   : XcelerateGames.FlutterWidget.UnityMessageManager:onMessage(String)
02-16 19:42:14.804  7096  7493 I Unity   : 
02-16 19:42:14.817  7096  7493 I Unity   : 7:42:14 PM : MessageFromFlutter: "{"type":"RummyRumbleConfig","data":"{\"isEnabled\":true,\"autofold\":10,\"type\":\"sm-rummy-rumble-config\"}"}"
02-16 19:42:14.817  7096  7493 I Unity   : XcelerateGames.FlutterWidget.UnityMessageManager:onMessage(String)
02-16 19:42:14.817  7096  7493 I Unity   : 
02-16 19:42:14.828  7096  7493 I Unity   : 7:42:14 PM : MessageFromFlutter: "{"type":"GetRAPData","data":"{\"problemCategory\":[{\"id\":10,\"seqNumber\":1,\"category\":\"Game Related\",\"subIssues\":[\"Game Hang or loading or App Issue\",\"Disconnected while playing\",\"Winnings not Credited\",\"General Game Related Query\",\"Not Happy with Winning Ratio\",\"Bad Declare or Point Calculation\",\"Play With Friends\"],\"isGameType\":true},{\"id\":15,\"seqNumber\":6,\"category\":\"Tournament Related\",\"subIssues\":[\"Winnings not credited\",\"Unable to join tournament\",\"Next Round not started\",\"Tournament details or Ticket related Query\"],\"isGameType\":true}]}"}"
02-16 19:42:14.828  7096  7493 I Unity   : XcelerateGames.FlutterWidget.UnityMessageManager:onMessage(String)
02-16 19:42:14.828  7096  7493 I Unity   : 
02-16 19:42:14.856  7096  7493 I Unity   : 7:42:14 PM : MessageFromFlutter: "{"type":"GameStart","data":"{\"tableInstanceId\":***********,\"isSpectator\":null,\"fromSwitch\":null,\"lastGameSelected\":null,\"isFTUE\":false,\"numPlayers\":2,\"serverURL\":\"wss://gsj.jungleerummy.com/\",\"gameIP\":\"************\",\"gameVariant\":0,\"isScoreIndicatorActive\":true,\"isCashGame\":false,\"isBackgroundTable\":false,\"isTournament\":false,\"tableConfigId\":6173,\"tournamentId\":0,\"joinedAfterTournament\":false,\"isPrivateTable\":false}"}"
02-16 19:42:14.856  7096  7493 I Unity   : XcelerateGames.FlutterWidget.UnityMessageManager:onMessage(String)
02-16 19:42:14.856  7096  7493 I Unity   : 
02-16 19:42:14.888  7096  7493 I Unity   : 7:42:14 PM : SendMessageToFlutter: GameTableState "{"type":"GameTableState","data":"{\"tableId\":\"***********\",\"gameState\":\"GAME_START_MESSAGE_RECIEVED\"}"}"
02-16 19:42:14.888  7096  7493 I Unity   : XcelerateGames.FlutterWidget.UnityMessageManager:SendMessageToFlutter(FlutterMessage)
02-16 19:42:14.888  7096  7493 I Unity   : XcelerateGames.IOC.Signal`1:Dispatch(T)
02-16 19:42:14.888  7096  7493 I Unity   : JungleeGames.Rummy.CmdSendGameStateToFlutter:SendStateToFlutter()
02-16 19:42:14.888  7096  7493 I Unity   : JungleeGames.Rummy.CmdSendGameStateToFlutter:Execute()
02-16 19:42:14.888  7096  7493 I Unity   : XcelerateGames.IOC.SignalSequencer:Execute(AbstractCommand, Boolean)
02-16 19:42:14.888  7096  7493 I Unity   : XcelerateGames.IOC.CommandBinder:OnSignal(AbstractSignal)
02-16 19:42:14.888  7096  7493 I Unity   : XcelerateGames.IOC.Signal`2:Dispatch(T, U)
02-16 19:42:14.888  7096  7493 I Unity   : JungleeGames.Rummy.CmdOnFlutterMessage:Execute()
02-16 19:42:14.888  7096  7493 I Unity   : XcelerateGames.IOC.SignalSequencer:Execute(AbstractCommand, Boolean)
02-16 19:42:14.888  7096  7493 I Unity   : XcelerateGames.IOC.CommandBinder:OnSignal(AbstractSignal)
02-16 19:42:14.888  7096  7493 I Unity   : XcelerateGames.IOC.Signal`1:Dispatch(T)
02-16 19:42:14.888  7096  7493 I Unity   : XcelerateGames.FlutterWidget.UnityMessageManager:onMessage(String)
02-16 19:42:14.888  7096  7493 I Unity   : 
02-16 19:42:14.889  7096  7493 D UnityListener: total listeners are 1
02-16 19:42:14.904  7096  7493 I Unity   : CmdLoadCards:Execute : ***********
02-16 19:42:14.904  7096  7493 I Unity   : JungleeGames.Rummy.CmdLoadCards:Execute()
02-16 19:42:14.904  7096  7493 I Unity   : XcelerateGames.IOC.SignalSequencer:Execute(AbstractCommand, Boolean)
02-16 19:42:14.904  7096  7493 I Unity   : XcelerateGames.IOC.CommandBinder:OnSignal(AbstractSignal)
02-16 19:42:14.904  7096  7493 I Unity   : XcelerateGames.IOC.Signal`3:Dispatch(T, U, V)
02-16 19:42:14.904  7096  7493 I Unity   : JungleeGames.Rummy.CmdOnFlutterMessage:Execute()
02-16 19:42:14.904  7096  7493 I Unity   : XcelerateGames.IOC.SignalSequencer:Execute(AbstractCommand, Boolean)
02-16 19:42:14.904  7096  7493 I Unity   : XcelerateGames.IOC.CommandBinder:OnSignal(AbstractSignal)
02-16 19:42:14.904  7096  7493 I Unity   : XcelerateGames.IOC.Signal`1:Dispatch(T)
02-16 19:42:14.904  7096  7493 I Unity   : XcelerateGames.FlutterWidget.UnityMessageManager:onMessage(String)
02-16 19:42:14.904  7096  7493 I Unity   : 
02-16 19:42:14.910  7096  7493 I Unity   : 7:42:14 PM : SendMessageToFlutter: GetAvatarList "{"type":"GetAvatarList"}"
02-16 19:42:14.910  7096  7493 I Unity   : XcelerateGames.FlutterWidget.UnityMessageManager:SendMessageToFlutter(FlutterMessage)
02-16 19:42:14.910  7096  7493 I Unity   : XcelerateGames.IOC.Signal`1:Dispatch(T)
02-16 19:42:14.910  7096  7493 I Unity   : JungleeGames.Rummy.CmdOnFlutterMessage:Execute()
02-16 19:42:14.910  7096  7493 I Unity   : XcelerateGames.IOC.SignalSequencer:Execute(AbstractCommand, Boolean)
02-16 19:42:14.910  7096  7493 I Unity   : XcelerateGames.IOC.CommandBinder:OnSignal(AbstractSignal)
02-16 19:42:14.910  7096  7493 I Unity   : XcelerateGames.IOC.Signal`1:Dispatch(T)
02-16 19:42:14.910  7096  7493 I Unity   : XcelerateGames.FlutterWidget.UnityMessageManager:onMessage(String)
02-16 19:42:14.910  7096  7493 I Unity   : 
02-16 19:42:14.910  7096  7493 D UnityListener: total listeners are 1
02-16 19:42:15.192  7096  7096 I CustomUnityPlayer: ORIENTATION CHANGED
02-16 19:42:15.281  7096  7224 I flutter : tournament collection start :: 246 syncWithRegisteredPlayersCount 23
02-16 19:42:15.297  7096  7224 I flutter : tournament collection end :: 246 syncWithRegisteredPlayersCount 23
02-16 19:42:15.412  7096  7096 E flutter : [ERROR:flutter/shell/platform/android/android_egl_surface.cc(133)] Could not make the context current
02-16 19:42:15.412  7096  7096 E flutter : [ERROR:flutter/shell/platform/android/android_egl_surface.cc(52)] EGL Error: EGL_BAD_MATCH (12297)
02-16 19:42:15.412  7096  7096 E flutter : [ERROR:flutter/shell/gpu/gpu_surface_gl_skia.cc(98)] Could not make the context current to destroy the GrDirectContext resources.
02-16 19:42:15.504  7096  7493 I Unity   : Leaderboared created with instance id : -8246
02-16 19:42:15.504  7096  7493 I Unity   : JungleeGames.Rummy.CmdOnFlutterMessage:<LoadLeaderBoardWidget>b__31_0(GameObject)
02-16 19:42:15.504  7096  7493 I Unity   : XcelerateGames.CmdLoadAssetFromBundle:OnBundleLoaded(ResourceEvent, String, Object, Object)
02-16 19:42:15.504  7096  7493 I Unity   : XcelerateGames.AssetLoading.Resource:SendEvent(ResourceEvent, AssetInfo, Object, Boolean)
02-16 19:42:15.504  7096  7493 I Unity   : XcelerateGames.AssetLoading.Resource:OnResourceLoaded(UnityWebRequest, Single, Boolean)
02-16 19:42:15.504  7096  7493 I Unity   : XcelerateGames.AssetLoading.<LoadAssetBundle>d__5:MoveNext()
02-16 19:42:15.504  7096  7493 I Unity   : UnityEngine.SetupCoroutine:InvokeMoveNext(IEnumerator, IntPtr)
02-16 19:42:15.504  7096  7493 I Unity   : 
02-16 19:42:15.512  7096  7493 I Unity   : 7:42:15 PM : SendMessageToFlutter: GetRumbleLBListMsg "{"type":"GetRumbleLBListMsg"}"
02-16 19:42:15.512  7096  7493 I Unity   : XcelerateGames.FlutterWidget.UnityMessageManager:SendMessageToFlutter(FlutterMessage)
02-16 19:42:15.512  7096  7493 I Unity   : XcelerateGames.IOC.Signal`1:Dispatch(T)
02-16 19:42:15.512  7096  7493 I Unity   : XcelerateGames.IOC.Signal:Dispatch()
02-16 19:42:15.512  7096  7493 I Unity   : JungleeGames.Rummy.<FetchRumbleLBList>d__62:MoveNext()
02-16 19:42:15.512  7096  7493 I Unity   : UnityEngine.SetupCoroutine:InvokeMoveNext(IEnumerator, IntPtr)
02-16 19:42:15.512  7096  7493 I Unity   : JungleeGames.Rummy.CmdOnFlutterMessage:<LoadLeaderBoardWidget>b__31_0(GameObject)
02-16 19:42:15.512  7096  7493 I Unity   : XcelerateGames.CmdLoadAssetFromBundle:OnBundleLoaded(ResourceEvent, String, Object, Object)
02-16 19:42:15.512  7096  7493 I Unity   : XcelerateGames.AssetLoading.Resource:SendEvent(ResourceEvent, AssetInfo, Object, Boolean)
02-16 19:42:15.512  7096  7493 I Unity   : XcelerateGames.AssetLoading.Resource:OnResourceLoaded(UnityWebRequest, Single, Boolean)
02-16 19:42:15.512  7096  7493 I Unity   : XcelerateGames.AssetLoading.<LoadAssetBundle>d__5:MoveNext()
02-16 19:42:15.512  7096  7493 I Unity   : UnityEngine.SetupCoroutine:InvokeMoveNext(IEnumerator, IntPtr)
02-16 19:42:15.512  7096  7493 I Unity   : 
02-16 19:42:15.512  7096  7493 D UnityListener: total listeners are 1
02-16 19:42:15.656  7096  7493 I Unity   : CmdLoadCards:OnCardsLoaded : ***********
02-16 19:42:15.656  7096  7493 I Unity   : JungleeGames.Rummy.CmdLoadCards:OnCardsAtlasLoaded(ResourceEvent, String, Object, Object)
02-16 19:42:15.656  7096  7493 I Unity   : XcelerateGames.AssetLoading.Resource:SendEvent(ResourceEvent, AssetInfo, Object, Boolean)
02-16 19:42:15.656  7096  7493 I Unity   : XcelerateGames.AssetLoading.Resource:OnResourceLoaded(UnityWebRequest, Single, Boolean)
02-16 19:42:15.656  7096  7493 I Unity   : XcelerateGames.AssetLoading.<LoadAssetBundle>d__5:MoveNext()
02-16 19:42:15.656  7096  7493 I Unity   : UnityEngine.SetupCoroutine:InvokeMoveNext(IEnumerator, IntPtr)
02-16 19:42:15.656  7096  7493 I Unity   : 
02-16 19:42:16.069  7096  7493 I Unity   : Loaded SpriteAtlas with 59 sprites & created 1 cards.
02-16 19:42:16.069  7096  7493 I Unity   : JungleeGames.Rummy.CmdLoadCards:OnCardsAtlasLoaded(ResourceEvent, String, Object, Object)
02-16 19:42:16.069  7096  7493 I Unity   : XcelerateGames.AssetLoading.Resource:SendEvent(ResourceEvent, AssetInfo, Object, Boolean)
02-16 19:42:16.069  7096  7493 I Unity   : XcelerateGames.AssetLoading.Resource:OnResourceLoaded(UnityWebRequest, Single, Boolean)
02-16 19:42:16.069  7096  7493 I Unity   : XcelerateGames.AssetLoading.<LoadAssetBundle>d__5:MoveNext()
02-16 19:42:16.069  7096  7493 I Unity   : UnityEngine.SetupCoroutine:InvokeMoveNext(IEnumerator, IntPtr)
02-16 19:42:16.069  7096  7493 I Unity   : 
02-16 19:42:16.073  7096  7493 I Unity   : CmdCreateTable:Execute : ***********, tablepoints
02-16 19:42:16.073  7096  7493 I Unity   : JungleeGames.Rummy.CmdCreateTable:Execute()
02-16 19:42:16.073  7096  7493 I Unity   : XcelerateGames.IOC.SignalSequencer:Execute(AbstractCommand, Boolean)
02-16 19:42:16.073  7096  7493 I Unity   : XcelerateGames.IOC.SignalSequencer:ExecuteNext()
02-16 19:42:16.073  7096  7493 I Unity   : JungleeGames.Rummy.CmdLoadCards:OnCardsAtlasLoaded(ResourceEvent, String, Object, Object)
02-16 19:42:16.073  7096  7493 I Unity   : XcelerateGames.AssetLoading.Resource:SendEvent(ResourceEvent, AssetInfo, Object, Boolean)
02-16 19:42:16.073  7096  7493 I Unity   : XcelerateGames.AssetLoading.Resource:OnResourceLoaded(UnityWebRequest, Single, Boolean)
02-16 19:42:16.073  7096  7493 I Unity   : XcelerateGames.AssetLoading.<LoadAssetBundle>d__5:MoveNext()
02-16 19:42:16.073  7096  7493 I Unity   : UnityEngine.SetupCoroutine:InvokeMoveNext(IEnumerator, IntPtr)
02-16 19:42:16.073  7096  7493 I Unity   : 
02-16 19:42:16.083  7096  7493 I Unity   : 7:42:16 PM : MessageFromFlutter: "{"type":"AvatarList","data":"{\"avatars\":[\"1.png\",\"2.png\",\"3.png\",\"4.png\",\"5.png\",\"6.png\",\"7.png\",\"8.png\",\"9.png\",\"11.png\",\"12.png\",\"13.png\",\"14.png\",\"15.png\",\"16.png\",\"17.png\",\"18.png\",\"19.png\",\"21.png\",\"22.png\",\"23.png\",\"24.png\",\"25.png\",\"26.png\",\"27.png\",\"28.png\",\"29.png\",\"32.png\",\"33.png\",\"34.png\",\"35.png\",\"36.png\",\"37.png\",\"38.png\",\"41.png\",\"42.png\",\"43.png\",\"44.png\",\"45.png\",\"46.png\",\"47.png\",\"48.png\",\"51.png\",\"52.png\",\"53.png\",\"54.png\",\"56.png\",\"57.png\",\"58.png\",\"62.png\",\"63.png\"],\"baseURL\":\"*************************************************************************
02-16 19:42:16.083  7096  7493 I Unity   : XcelerateGames.FlutterWidget.UnityMessageManager:onMessage(String)
02-16 19:42:16.083  7096  7493 I Unity   : 
02-16 19:42:16.089  7096  7493 I Unity   : 7:42:16 PM : MessageFromFlutter: "{"type":"SetRumbleLBListMsg","data":"{\"leaderboards\":[{\"leaderboardName\":\"Daily Leaderboard-16\",\"leaderboardId\":4361,\"startDate\":\"2024-02-16 00:01:00.0\",\"endDate\":\"2024-02-16 23:59:00.0\",\"scheduleType\":\"DAILY\",\"optIn\":true,\"entryFee\":0.0,\"prizePool\":20000}],\"type\":\"sm-rumble-leaderboard-list-msg\"}"}"
02-16 19:42:16.089  7096  7493 I Unity   : XcelerateGames.FlutterWidget.UnityMessageManager:onMessage(String)
02-16 19:42:16.089  7096  7493 I Unity   : 
02-16 19:42:16.126  7096  7493 I Unity   : 7:42:16 PM : SendMessageToFlutter: GetRumbleLBResponseMsg "{"type":"GetRumbleLBResponseMsg","data":"{\"leaderboardId\":4361}"}"
02-16 19:42:16.126  7096  7493 I Unity   : XcelerateGames.FlutterWidget.UnityMessageManager:SendMessageToFlutter(FlutterMessage)
02-16 19:42:16.126  7096  7493 I Unity   : XcelerateGames.IOC.Signal`1:Dispatch(T)
02-16 19:42:16.126  7096  7493 I Unity   : XcelerateGames.IOC.Signal`1:Dispatch(T)
02-16 19:42:16.126  7096  7493 I Unity   : JungleeGames.Rummy.UiLeaderBoardManager:OnLBListMessage(SM_RUMBLE_LEADERBOARD_LIST_MESSAGE)
02-16 19:42:16.126  7096  7493 I Unity   : XcelerateGames.IOC.Signal`1:Dispatch(T)
02-16 19:42:16.126  7096  7493 I Unity   : JungleeGames.Rummy.CmdOnFlutterMessage:Execute()
02-16 19:42:16.126  7096  7493 I Unity   : XcelerateGames.IOC.SignalSequencer:Execute(AbstractCommand, Boolean)
02-16 19:42:16.126  7096  7493 I Unity   : XcelerateGames.IOC.CommandBinder:OnSignal(AbstractSignal)
02-16 19:42:16.126  7096  7493 I Unity   : XcelerateGames.IOC.Signal`1:Dispatch(T)
02-16 19:42:16.126  7096  7493 I Unity   : XcelerateGames.FlutterWidget.UnityMessageManager:onMessage(String)
02-16 19:42:16.126  7096  7493 I Unity   : 
02-16 19:42:16.126  7096  7493 D UnityListener: total listeners are 1
02-16 19:42:16.260  7096  7493 W Unity   : The referenced script (Coffee.UIExtensions.UIParticle) on this Behaviour is missing!
02-16 19:42:16.260  7096  7493 W Unity   : XcelerateGames.AssetLoading.Resource:OnResourceLoaded(UnityWebRequest, Single, Boolean)
02-16 19:42:16.260  7096  7493 W Unity   : XcelerateGames.AssetLoading.<LoadAssetBundle>d__5:MoveNext()
02-16 19:42:16.260  7096  7493 W Unity   : UnityEngine.SetupCoroutine:InvokeMoveNext(IEnumerator, IntPtr)
02-16 19:42:16.260  7096  7493 W Unity   : 
02-16 19:42:16.260  7096  7493 W Unity   : [ line -1324664904]
02-16 19:42:16.260  7096  7493 W Unity   : 
02-16 19:42:16.263  7096  7493 W Unity   : The referenced script on this Behaviour (Game Object '') is missing!
02-16 19:42:16.263  7096  7493 W Unity   : XcelerateGames.AssetLoading.Resource:OnResourceLoaded(UnityWebRequest, Single, Boolean)
02-16 19:42:16.263  7096  7493 W Unity   : XcelerateGames.AssetLoading.<LoadAssetBundle>d__5:MoveNext()
02-16 19:42:16.263  7096  7493 W Unity   : UnityEngine.SetupCoroutine:InvokeMoveNext(IEnumerator, IntPtr)
02-16 19:42:16.263  7096  7493 W Unity   : 
02-16 19:42:16.263  7096  7493 W Unity   : [ line -1324665112]
02-16 19:42:16.263  7096  7493 W Unity   : 
02-16 19:42:16.267  7096  7224 I flutter : tournament collection start :: 50 syncWithRegisteredPlayersCount 23
02-16 19:42:16.269  7096  7224 I flutter : tournament collection end :: 50 syncWithRegisteredPlayersCount 23
02-16 19:42:16.527  7096  7493 I Unity   : 7:42:16 PM : SendMessageToFlutter: GameTableState "{"type":"GameTableState","data":"{\"tableId\":\"***********\",\"gameState\":\"TABLE_LOADED\"}"}"
02-16 19:42:16.527  7096  7493 I Unity   : XcelerateGames.FlutterWidget.UnityMessageManager:SendMessageToFlutter(FlutterMessage)
02-16 19:42:16.527  7096  7493 I Unity   : XcelerateGames.IOC.Signal`1:Dispatch(T)
02-16 19:42:16.527  7096  7493 I Unity   : JungleeGames.Rummy.CmdSendGameStateToFlutter:SendStateToFlutter()
02-16 19:42:16.527  7096  7493 I Unity   : JungleeGames.Rummy.CmdSendGameStateToFlutter:Execute()
02-16 19:42:16.527  7096  7493 I Unity   : XcelerateGames.IOC.SignalSequencer:Execute(AbstractCommand, Boolean)
02-16 19:42:16.527  7096  7493 I Unity   : XcelerateGames.IOC.CommandBinder:OnSignal(AbstractSignal)
02-16 19:42:16.527  7096  7493 I Unity   : XcelerateGames.IOC.Signal`2:Dispatch(T, U)
02-16 19:42:16.527  7096  7493 I Unity   : JungleeGames.Rummy.CmdCreateTable:OnAssetBundleLoaded(ResourceEvent, String, Object, Object)
02-16 19:42:16.527  7096  7493 I Unity   : XcelerateGames.AssetLoading.Resource:SendEvent(ResourceEvent, AssetInfo, Object, Boolean)
02-16 19:42:16.527  7096  7493 I Unity   : XcelerateGames.AssetLoading.Resource:OnResourceLoaded(UnityWebRequest, Single, Boolean)
02-16 19:42:16.527  7096  7493 I Unity   : XcelerateGames.AssetLoading.<LoadAssetBundle>d__5:MoveNext()
02-16 19:42:16.527  7096  7493 I Unity   : UnityEngine.SetupCoroutine:InvokeMoveNext(IEnumerator, IntPtr)
02-16 19:42:16.527  7096  7493 I Unity   : 
02-16 19:42:16.527  7096  7493 D UnityListener: total listeners are 1
02-16 19:42:16.533  7096  7493 I Unity   : 7:42:16 PM : SendMessageToFlutter: ClickStream "{"type":"ClickStream","data":"{\"key\":\"table_loaded\",\"source\":\"game_table_load\",\"journey\":\"game_table\",\"metadata\":{\"userId\":86240959,\"timeStamp\":\"2024-02-16T19:42:16.527757+05:30\",\"tableid\":***********}}"}"
02-16 19:42:16.533  7096  7493 I Unity   : XcelerateGames.FlutterWidget.UnityMessageManager:SendMessageToFlutter(FlutterMessage)
02-16 19:42:16.533  7096  7493 I Unity   : XcelerateGames.IOC.Signal`1:Dispatch(T)
02-16 19:42:16.533  7096  7493 I Unity   : JungleeGames.Rummy.CmdSendClickStreamEvent:SendClickStreamData()
02-16 19:42:16.533  7096  7493 I Unity   : JungleeGames.Rummy.CmdSendClickStreamEvent:Execute()
02-16 19:42:16.533  7096  7493 I Unity   : XcelerateGames.IOC.SignalSequencer:Execute(AbstractCommand, Boolean)
02-16 19:42:16.533  7096  7493 I Unity   : XcelerateGames.IOC.CommandBinder:OnSignal(AbstractSignal)
02-16 19:42:16.533  7096  7493 I Unity   : XcelerateGames.IOC.Signal`3:Dispatch(T, U, V)
02-16 19:42:16.533  7096  7493 I Unity   : JungleeGames.Rummy.CmdCreateTable:SendTableloaded()
02-16 19:42:16.533  7096  7493 I Unity   : JungleeGames.Rummy.CmdCreateTable:OnAssetBundleLoaded(ResourceEvent, String, Object, Object)
02-16 19:42:16.533  7096  7493 I Unity   : XcelerateGames.AssetLoading.Resource:SendEvent(ResourceEvent, AssetInfo, Object, Boolean)
02-16 19:42:16.533  7096  7493 I Unity   : XcelerateGames.AssetLoading.Resource:OnResourceLoaded(UnityWebRequest, Single, Boolean)
02-16 19:42:16.533  7096  7493 I Unity   : Xcelera
02-16 19:42:16.533  7096  7493 D UnityListener: total listeners are 1
02-16 19:42:16.554  7096  7493 W Unity   : The referenced script on this Behaviour (Game Object '<null>') is missing!
02-16 19:42:16.554  7096  7493 W Unity   : UnityEngine.Object:Internal_InstantiateSingle(Object, Vector3, Quaternion)
02-16 19:42:16.554  7096  7493 W Unity   : UnityEngine.Object:Instantiate(Object, Vector3, Quaternion)
02-16 19:42:16.554  7096  7493 W Unity   : UnityEngine.Object:Instantiate(T, Vector3, Quaternion, Transform)
02-16 19:42:16.554  7096  7493 W Unity   : XcelerateGames.Utilities:AddChild(Transform, GameObject)
02-16 19:42:16.554  7096  7493 W Unity   : XcelerateGames.Utilities:Instantiate(Object, String, Transform)
02-16 19:42:16.554  7096  7493 W Unity   : JungleeGames.Rummy.CmdCreateTable:OnAssetBundleLoaded(ResourceEvent, String, Object, Object)
02-16 19:42:16.554  7096  7493 W Unity   : XcelerateGames.AssetLoading.Resource:SendEvent(ResourceEvent, AssetInfo, Object, Boolean)
02-16 19:42:16.554  7096  7493 W Unity   : XcelerateGames.AssetLoading.Resource:OnResourceLoaded(UnityWebRequest, Single, Boolean)
02-16 19:42:16.554  7096  7493 W Unity   : XcelerateGames.AssetLoading.<LoadAssetBundle>d__5:MoveNext()
02-16 19:42:16.554  7096  7493 W Unity   : UnityEngine.SetupCoroutine:InvokeMoveNext(IEnumerator, IntPtr)
02-16 19:42:16.554  7096  7493 W Unity   : 
02-16 19:42:16.554  7096  7493 W Unity   : [ line -1324666504]
02-16 19:42:16.554  7096  7493 W Unity   : 
02-16 19:42:16.564  7096  7493 W Unity   : The referenced script (Coffee.UIExtensions.UIParticle) on this Behaviour is missing!
02-16 19:42:16.564  7096  7493 W Unity   : UnityEngine.Object:Internal_InstantiateSingle(Object, Vector3, Quaternion)
02-16 19:42:16.564  7096  7493 W Unity   : UnityEngine.Object:Instantiate(Object, Vector3, Quaternion)
02-16 19:42:16.564  7096  7493 W Unity   : UnityEngine.Object:Instantiate(T, Vector3, Quaternion, Transform)
02-16 19:42:16.564  7096  7493 W Unity   : XcelerateGames.Utilities:AddChild(Transform, GameObject)
02-16 19:42:16.564  7096  7493 W Unity   : XcelerateGames.Utilities:Instantiate(Object, String, Transform)
02-16 19:42:16.564  7096  7493 W Unity   : JungleeGames.Rummy.CmdCreateTable:OnAssetBundleLoaded(ResourceEvent, String, Object, Object)
02-16 19:42:16.564  7096  7493 W Unity   : XcelerateGames.AssetLoading.Resource:SendEvent(ResourceEvent, AssetInfo, Object, Boolean)
02-16 19:42:16.564  7096  7493 W Unity   : XcelerateGames.AssetLoading.Resource:OnResourceLoaded(UnityWebRequest, Single, Boolean)
02-16 19:42:16.564  7096  7493 W Unity   : XcelerateGames.AssetLoading.<LoadAssetBundle>d__5:MoveNext()
02-16 19:42:16.564  7096  7493 W Unity   : UnityEngine.SetupCoroutine:InvokeMoveNext(IEnumerator, IntPtr)
02-16 19:42:16.564  7096  7493 W Unity   : 
02-16 19:42:16.564  7096  7493 W Unity   : [ line -1324665384]
02-16 19:42:16.564  7096  7493 W Unity   : 
02-16 19:42:16.566  7096  7493 W Unity   : The referenced script on this Behaviour (Game Object 'UIParticle') is missing!
02-16 19:42:16.566  7096  7493 W Unity   : UnityEngine.Object:Internal_InstantiateSingle(Object, Vector3, Quaternion)
02-16 19:42:16.566  7096  7493 W Unity   : UnityEngine.Object:Instantiate(Object, Vector3, Quaternion)
02-16 19:42:16.566  7096  7493 W Unity   : UnityEngine.Object:Instantiate(T, Vector3, Quaternion, Transform)
02-16 19:42:16.566  7096  7493 W Unity   : XcelerateGames.Utilities:AddChild(Transform, GameObject)
02-16 19:42:16.566  7096  7493 W Unity   : XcelerateGames.Utilities:Instantiate(Object, String, Transform)
02-16 19:42:16.566  7096  7493 W Unity   : JungleeGames.Rummy.CmdCreateTable:OnAssetBundleLoaded(ResourceEvent, String, Object, Object)
02-16 19:42:16.566  7096  7493 W Unity   : XcelerateGames.AssetLoading.Resource:SendEvent(ResourceEvent, AssetInfo, Object, Boolean)
02-16 19:42:16.566  7096  7493 W Unity   : XcelerateGames.AssetLoading.Resource:OnResourceLoaded(UnityWebRequest, Single, Boolean)
02-16 19:42:16.566  7096  7493 W Unity   : XcelerateGames.AssetLoading.<LoadAssetBundle>d__5:MoveNext()
02-16 19:42:16.566  7096  7493 W Unity   : UnityEngine.SetupCoroutine:InvokeMoveNext(IEnumerator, IntPtr)
02-16 19:42:16.566  7096  7493 W Unity   : 
02-16 19:42:16.566  7096  7493 W Unity   : [ line -1324665000]
02-16 19:42:16.566  7096  7493 W Unity   : 
02-16 19:42:16.617  7096  7493 I Unity   : table created 1
02-16 19:42:16.617  7096  7493 I Unity   : JungleeGames.Rummy.UiTable:Awake()
02-16 19:42:16.617  7096  7493 I Unity   : JungleeGames.Rummy.UiTablePoints:Awake()
02-16 19:42:16.617  7096  7493 I Unity   : UnityEngine.Object:Internal_InstantiateSingle(Object, Vector3, Quaternion)
02-16 19:42:16.617  7096  7493 I Unity   : UnityEngine.Object:Instantiate(Object, Vector3, Quaternion)
02-16 19:42:16.617  7096  7493 I Unity   : UnityEngine.Object:Instantiate(T, Vector3, Quaternion, Transform)
02-16 19:42:16.617  7096  7493 I Unity   : XcelerateGames.Utilities:AddChild(Transform, GameObject)
02-16 19:42:16.617  7096  7493 I Unity   : XcelerateGames.Utilities:Instantiate(Object, String, Transform)
02-16 19:42:16.617  7096  7493 I Unity   : JungleeGames.Rummy.CmdCreateTable:OnAssetBundleLoaded(ResourceEvent, String, Object, Object)
02-16 19:42:16.617  7096  7493 I Unity   : XcelerateGames.AssetLoading.Resource:SendEvent(ResourceEvent, AssetInfo, Object, Boolean)
02-16 19:42:16.617  7096  7493 I Unity   : XcelerateGames.AssetLoading.Resource:OnResourceLoaded(UnityWebRequest, Single, Boolean)
02-16 19:42:16.617  7096  7493 I Unity   : XcelerateGames.AssetLoading.<LoadAssetBundle>d__5:MoveNext()
02-16 19:42:16.617  7096  7493 I Unity   : UnityEngine.SetupCoroutine:InvokeMoveNext(IEnumerator, IntPtr)
02-16 19:42:16.617  7096  7493 I Unity   : 
02-16 19:42:16.657  7096  7493 I Unity   : CmdCreateTable:OnAssetBundleLoaded : ***********, tablepoints.rnd/PfUiTablePoints, PfUiTablePoints-***********
02-16 19:42:16.657  7096  7493 I Unity   : JungleeGames.Rummy.CmdCreateTable:OnAssetBundleLoaded(ResourceEvent, String, Object, Object)
02-16 19:42:16.657  7096  7493 I Unity   : XcelerateGames.AssetLoading.Resource:SendEvent(ResourceEvent, AssetInfo, Object, Boolean)
02-16 19:42:16.657  7096  7493 I Unity   : XcelerateGames.AssetLoading.Resource:OnResourceLoaded(UnityWebRequest, Single, Boolean)
02-16 19:42:16.657  7096  7493 I Unity   : XcelerateGames.AssetLoading.<LoadAssetBundle>d__5:MoveNext()
02-16 19:42:16.657  7096  7493 I Unity   : UnityEngine.SetupCoroutine:InvokeMoveNext(IEnumerator, IntPtr)
02-16 19:42:16.657  7096  7493 I Unity   : 
02-16 19:42:16.685  7096  7493 I Unity   : Set View on lb insance id -8246
02-16 19:42:16.685  7096  7493 I Unity   : JungleeGames.Rummy.UiLeaderBoardManager:SetView()
02-16 19:42:16.685  7096  7493 I Unity   : XcelerateGames.IOC.Signal`2:Dispatch(T, U)
02-16 19:42:16.685  7096  7493 I Unity   : JungleeGames.Rummy.CmdTableLoaded:Execute()
02-16 19:42:16.685  7096  7493 I Unity   : XcelerateGames.IOC.SignalSequencer:Execute(AbstractCommand, Boolean)
02-16 19:42:16.685  7096  7493 I Unity   : XcelerateGames.IOC.CommandBinder:OnSignal(AbstractSignal)
02-16 19:42:16.685  7096  7493 I Unity   : XcelerateGames.IOC.Signal`1:Dispatch(T)
02-16 19:42:16.685  7096  7493 I Unity   : JungleeGames.Rummy.UiTable:Init(Int64, Int32, List`1)
02-16 19:42:16.685  7096  7493 I Unity   : JungleeGames.Rummy.CmdCreateTable:OnAssetBundleLoaded(ResourceEvent, String, Object, Object)
02-16 19:42:16.685  7096  7493 I Unity   : XcelerateGames.AssetLoading.Resource:SendEvent(ResourceEvent, AssetInfo, Object, Boolean)
02-16 19:42:16.685  7096  7493 I Unity   : XcelerateGames.AssetLoading.Resource:OnResourceLoaded(UnityWebRequest, Single, Boolean)
02-16 19:42:16.685  7096  7493 I Unity   : XcelerateGames.AssetLoading.<LoadAssetBundle>d__5:MoveNext()
02-16 19:42:16.685  7096  7493 I Unity   : UnityEngine.SetupCoroutine:InvokeMoveNext(IEnumerator, IntPtr)
02-16 19:42:16.685  7096  7493 I Unity   : 
02-16 19:42:16.693  7096  7493 I Unity   : Connectivity Monitor Status :  Online
