02-16 19:42:51.706  8554  8554 D FlutterUnityController: onCreate
02-16 19:42:51.706  8554  8554 D FlutterUnityController: onResume
02-16 19:42:51.754  8554  8554 I CustomUnityPlayer: onAttachedToWindow
02-16 19:42:51.890  8554  8669 I flutter : tournament collection start :: 592 syncWithRegisteredPlayersCount 23
02-16 19:42:51.897  8554  8669 I flutter : tournament collection end :: 592 syncWithRegisteredPlayersCount 23
02-16 19:42:51.920  8554  8952 I Unity   : 7:42:51 PM : MessageFromFlutter: "{"type":"IsUnityReady"}"
02-16 19:42:51.920  8554  8952 I Unity   : XcelerateGames.FlutterWidget.UnityMessageManager:onMessage(String)
02-16 19:42:51.920  8554  8952 I Unity   : 
02-16 19:42:51.931  8554  8952 I Unity   : 7:42:51 PM : SendMessageToFlutter: UnityReady "{"type":"UnityReady"}"
02-16 19:42:51.931  8554  8952 I Unity   : XcelerateGames.FlutterWidget.UnityMessageManager:SendMessageToFlutter(FlutterMessage)
02-16 19:42:51.931  8554  8952 I Unity   : XcelerateGames.IOC.Signal`1:Dispatch(T)
02-16 19:42:51.931  8554  8952 I Unity   : JungleeGames.Rummy.CmdOnFlutterMessage:Execute()
02-16 19:42:51.931  8554  8952 I Unity   : XcelerateGames.IOC.SignalSequencer:Execute(AbstractCommand, Boolean)
02-16 19:42:51.931  8554  8952 I Unity   : XcelerateGames.IOC.CommandBinder:OnSignal(AbstractSignal)
02-16 19:42:51.931  8554  8952 I Unity   : XcelerateGames.IOC.Signal`1:Dispatch(T)
02-16 19:42:51.931  8554  8952 I Unity   : XcelerateGames.FlutterWidget.UnityMessageManager:onMessage(String)
02-16 19:42:51.931  8554  8952 I Unity   : 
02-16 19:42:51.932  8554  8952 D UnityListener: total listeners are 1
02-16 19:42:51.962  8554  8669 I flutter : Lobby Event Added ::  unity_ready_received_on_game
02-16 19:42:51.992  8554  8952 I Unity   : 7:42:51 PM : MessageFromFlutter: "{"type":"Init","data":"{\"playerId\":86240959,\"userName\":\"anus217695\",\"email\":\"************************************\",\"authToken\":\"eyJhbGciOiJIUzI1NiJ9.eyJzdWIiOiI4NjI0MDk1OSIsImV4cCI6MTcwODM1MTk2MX0.kXiTW4R2dm9vtBXK9uHMEYQGrw5bAtFAIIloVblnMNg\",\"***********************\",\"************************\",\"userDeviceType\":\"psrmg\",\"apkVersion\":\"5.1.59\",\"osVersion\":\"Android 12\",\"isMultiTableEnabled\":false,\"maxTableLimit\":1,\"isRichDesign\":true,\"avatarId\":12,\"minDeposit\":0.0,\"vipCategory\":0,\"loyalty\":\"NA\",\"rumbleBaseUrl\":\"********************************************************************************************************************************************************************************************************************************************************************************************************************************************************************************************************************************************
02-16 19:42:51.997  8554  8952 I Unity   : Setting full screen from Game Table currently isfullscreen False change to isfullscreen True
02-16 19:42:51.997  8554  8952 I Unity   : JungleeGames.Rummy.RummyGameUtilities:ToggleFullScreen(Boolean)
02-16 19:42:51.997  8554  8952 I Unity   : JungleeGames.Rummy.CmdOnFlutterMessage:Execute()
02-16 19:42:51.997  8554  8952 I Unity   : XcelerateGames.IOC.SignalSequencer:Execute(AbstractCommand, Boolean)
02-16 19:42:51.997  8554  8952 I Unity   : XcelerateGames.IOC.CommandBinder:OnSignal(AbstractSignal)
02-16 19:42:51.997  8554  8952 I Unity   : XcelerateGames.IOC.Signal`1:Dispatch(T)
02-16 19:42:51.997  8554  8952 I Unity   : XcelerateGames.FlutterWidget.UnityMessageManager:onMessage(String)
02-16 19:42:51.997  8554  8952 I Unity   : 
02-16 19:42:52.049  8554  8952 I Unity   : Changing orientation from Game Table current Orientation Portrait change to LandscapeLeft, deviceOrientation: FaceUp
02-16 19:42:52.049  8554  8952 I Unity   : JungleeGames.Rummy.RummyGameUtilities:SetGameOrientation(ScreenOrientation)
02-16 19:42:52.049  8554  8952 I Unity   : JungleeGames.Rummy.CmdOnFlutterMessage:Execute()
02-16 19:42:52.049  8554  8952 I Unity   : XcelerateGames.IOC.SignalSequencer:Execute(AbstractCommand, Boolean)
02-16 19:42:52.049  8554  8952 I Unity   : XcelerateGames.IOC.CommandBinder:OnSignal(AbstractSignal)
02-16 19:42:52.049  8554  8952 I Unity   : XcelerateGames.IOC.Signal`1:Dispatch(T)
02-16 19:42:52.049  8554  8952 I Unity   : XcelerateGames.FlutterWidget.UnityMessageManager:onMessage(String)
02-16 19:42:52.049  8554  8952 I Unity   : 
02-16 19:42:52.053  8554  8952 I Unity   : User Id: 86240959
02-16 19:42:52.053  8554  8952 I Unity   : JungleeGames.Rummy.CmdOnFlutterMessage:Execute()
02-16 19:42:52.053  8554  8952 I Unity   : XcelerateGames.IOC.SignalSequencer:Execute(AbstractCommand, Boolean)
02-16 19:42:52.053  8554  8952 I Unity   : XcelerateGames.IOC.CommandBinder:OnSignal(AbstractSignal)
02-16 19:42:52.053  8554  8952 I Unity   : XcelerateGames.IOC.Signal`1:Dispatch(T)
02-16 19:42:52.053  8554  8952 I Unity   : XcelerateGames.FlutterWidget.UnityMessageManager:onMessage(String)
02-16 19:42:52.053  8554  8952 I Unity   : 
02-16 19:42:52.057  8554  8952 I Unity   : 7:42:52 PM : MessageFromFlutter: "{"type":"ScoreBoard","data":"{\"enabled\":false,\"match_1_Timeoffset\":\"1800\",\"match_2_Timeoffset\":\"600\",\"matchPriority\":\"1\",\"usercategories\":\"new,existing\",\"widdgetAutofoldTimeout\":\"8\",\"startDate\":\"\",\"type\":\"sm-cricket-scoreboard-msg\"}"}"
02-16 19:42:52.057  8554  8952 I Unity   : XcelerateGames.FlutterWidget.UnityMessageManager:onMessage(String)
02-16 19:42:52.057  8554  8952 I Unity   : 
02-16 19:42:52.072  8554  8952 I Unity   : 7:42:52 PM : MessageFromFlutter: "{"type":"RummyRumbleConfig","data":"{\"isEnabled\":true,\"autofold\":10,\"type\":\"sm-rummy-rumble-config\"}"}"
02-16 19:42:52.072  8554  8952 I Unity   : XcelerateGames.FlutterWidget.UnityMessageManager:onMessage(String)
02-16 19:42:52.072  8554  8952 I Unity   : 
02-16 19:42:52.285  8554  8554 I CustomUnityPlayer: ORIENTATION CHANGED
02-16 19:42:52.316  8554  8669 I flutter : tournament collection start :: 895 syncWithRejoinUpdates 23
02-16 19:42:52.317  8554  8669 I flutter : tournament collection start :: 692 syncFiltersUpdated 23
02-16 19:42:52.334  8554  8669 I flutter : tournament collection end :: 692 syncFiltersUpdated 23
02-16 19:42:52.334  8554  8669 I flutter : tournament collection end :: 895 syncWithRejoinUpdates 23
02-16 19:42:52.472  8554  8554 E flutter : [ERROR:flutter/shell/platform/android/android_egl_surface.cc(133)] Could not make the context current
02-16 19:42:52.473  8554  8554 E flutter : [ERROR:flutter/shell/platform/android/android_egl_surface.cc(52)] EGL Error: EGL_BAD_MATCH (12297)
02-16 19:42:52.473  8554  8554 E flutter : [ERROR:flutter/shell/gpu/gpu_surface_gl_skia.cc(98)] Could not make the context current to destroy the GrDirectContext resources.
02-16 19:42:52.482  8554  8669 I flutter : tournament collection start :: 74 syncWithUpdates 23
02-16 19:42:52.485  8554  8669 I flutter : tournament collection end :: 74 syncWithUpdates 23
02-16 19:42:52.494  8554  8952 I Unity   : Leaderboared created with instance id : -8246
02-16 19:42:52.494  8554  8952 I Unity   : JungleeGames.Rummy.CmdOnFlutterMessage:<LoadLeaderBoardWidget>b__31_0(GameObject)
02-16 19:42:52.494  8554  8952 I Unity   : XcelerateGames.CmdLoadAssetFromBundle:OnBundleLoaded(ResourceEvent, String, Object, Object)
02-16 19:42:52.494  8554  8952 I Unity   : XcelerateGames.AssetLoading.Resource:SendEvent(ResourceEvent, AssetInfo, Object, Boolean)
02-16 19:42:52.494  8554  8952 I Unity   : XcelerateGames.AssetLoading.Resource:OnResourceLoaded(UnityWebRequest, Single, Boolean)
02-16 19:42:52.494  8554  8952 I Unity   : XcelerateGames.AssetLoading.<LoadAssetBundle>d__5:MoveNext()
02-16 19:42:52.494  8554  8952 I Unity   : UnityEngine.SetupCoroutine:InvokeMoveNext(IEnumerator, IntPtr)
02-16 19:42:52.494  8554  8952 I Unity   : 
02-16 19:42:52.501  8554  8952 I Unity   : 7:42:52 PM : SendMessageToFlutter: GetRumbleLBListMsg "{"type":"GetRumbleLBListMsg"}"
02-16 19:42:52.501  8554  8952 I Unity   : XcelerateGames.FlutterWidget.UnityMessageManager:SendMessageToFlutter(FlutterMessage)
02-16 19:42:52.501  8554  8952 I Unity   : XcelerateGames.IOC.Signal`1:Dispatch(T)
02-16 19:42:52.501  8554  8952 I Unity   : XcelerateGames.IOC.Signal:Dispatch()
02-16 19:42:52.501  8554  8952 I Unity   : JungleeGames.Rummy.<FetchRumbleLBList>d__62:MoveNext()
02-16 19:42:52.501  8554  8952 I Unity   : UnityEngine.SetupCoroutine:InvokeMoveNext(IEnumerator, IntPtr)
02-16 19:42:52.501  8554  8952 I Unity   : JungleeGames.Rummy.CmdOnFlutterMessage:<LoadLeaderBoardWidget>b__31_0(GameObject)
02-16 19:42:52.501  8554  8952 I Unity   : XcelerateGames.CmdLoadAssetFromBundle:OnBundleLoaded(ResourceEvent, String, Object, Object)
02-16 19:42:52.501  8554  8952 I Unity   : XcelerateGames.AssetLoading.Resource:SendEvent(ResourceEvent, AssetInfo, Object, Boolean)
02-16 19:42:52.501  8554  8952 I Unity   : XcelerateGames.AssetLoading.Resource:OnResourceLoaded(UnityWebRequest, Single, Boolean)
02-16 19:42:52.501  8554  8952 I Unity   : XcelerateGames.AssetLoading.<LoadAssetBundle>d__5:MoveNext()
02-16 19:42:52.501  8554  8952 I Unity   : UnityEngine.SetupCoroutine:InvokeMoveNext(IEnumerator, IntPtr)
02-16 19:42:52.501  8554  8952 I Unity   : 
02-16 19:42:52.501  8554  8952 D UnityListener: total listeners are 1
02-16 19:42:52.538  8554  8952 I Unity   : 7:42:52 PM : MessageFromFlutter: "{"type":"GetRAPData","data":"{\"problemCategory\":[{\"id\":10,\"seqNumber\":1,\"category\":\"Game Related\",\"subIssues\":[\"Game Hang or loading or App Issue\",\"Disconnected while playing\",\"Winnings not Credited\",\"General Game Related Query\",\"Not Happy with Winning Ratio\",\"Bad Declare or Point Calculation\",\"Play With Friends\"],\"isGameType\":true},{\"id\":15,\"seqNumber\":6,\"category\":\"Tournament Related\",\"subIssues\":[\"Winnings not credited\",\"Unable to join tournament\",\"Next Round not started\",\"Tournament details or Ticket related Query\"],\"isGameType\":true}]}"}"
02-16 19:42:52.538  8554  8952 I Unity   : XcelerateGames.FlutterWidget.UnityMessageManager:onMessage(String)
02-16 19:42:52.538  8554  8952 I Unity   : 
02-16 19:42:52.578  8554  8952 I Unity   : 7:42:52 PM : MessageFromFlutter: "{"type":"GameStart","data":"{\"tableInstanceId\":***********,\"isSpectator\":null,\"fromSwitch\":null,\"lastGameSelected\":null,\"isFTUE\":false,\"numPlayers\":2,\"serverURL\":\"wss://gsj.jungleerummy.com/\",\"gameIP\":\"************\",\"gameVariant\":0,\"isScoreIndicatorActive\":true,\"isCashGame\":false,\"isBackgroundTable\":false,\"isTournament\":false,\"tableConfigId\":6173,\"tournamentId\":0,\"joinedAfterTournament\":false,\"isPrivateTable\":false}"}"
02-16 19:42:52.578  8554  8952 I Unity   : XcelerateGames.FlutterWidget.UnityMessageManager:onMessage(String)
02-16 19:42:52.578  8554  8952 I Unity   : 
02-16 19:42:52.602  8554  8952 I Unity   : 7:42:52 PM : SendMessageToFlutter: GameTableState "{"type":"GameTableState","data":"{\"tableId\":\"***********\",\"gameState\":\"GAME_START_MESSAGE_RECIEVED\"}"}"
02-16 19:42:52.602  8554  8952 I Unity   : XcelerateGames.FlutterWidget.UnityMessageManager:SendMessageToFlutter(FlutterMessage)
02-16 19:42:52.602  8554  8952 I Unity   : XcelerateGames.IOC.Signal`1:Dispatch(T)
02-16 19:42:52.602  8554  8952 I Unity   : JungleeGames.Rummy.CmdSendGameStateToFlutter:SendStateToFlutter()
02-16 19:42:52.602  8554  8952 I Unity   : JungleeGames.Rummy.CmdSendGameStateToFlutter:Execute()
02-16 19:42:52.602  8554  8952 I Unity   : XcelerateGames.IOC.SignalSequencer:Execute(AbstractCommand, Boolean)
02-16 19:42:52.602  8554  8952 I Unity   : XcelerateGames.IOC.CommandBinder:OnSignal(AbstractSignal)
02-16 19:42:52.602  8554  8952 I Unity   : XcelerateGames.IOC.Signal`2:Dispatch(T, U)
02-16 19:42:52.602  8554  8952 I Unity   : JungleeGames.Rummy.CmdOnFlutterMessage:Execute()
02-16 19:42:52.602  8554  8952 I Unity   : XcelerateGames.IOC.SignalSequencer:Execute(AbstractCommand, Boolean)
02-16 19:42:52.602  8554  8952 I Unity   : XcelerateGames.IOC.CommandBinder:OnSignal(AbstractSignal)
02-16 19:42:52.602  8554  8952 I Unity   : XcelerateGames.IOC.Signal`1:Dispatch(T)
02-16 19:42:52.602  8554  8952 I Unity   : XcelerateGames.FlutterWidget.UnityMessageManager:onMessage(String)
02-16 19:42:52.602  8554  8952 I Unity   : 
02-16 19:42:52.602  8554  8952 D UnityListener: total listeners are 1
02-16 19:42:52.617  8554  8952 I Unity   : CmdLoadCards:Execute : ***********
02-16 19:42:52.617  8554  8952 I Unity   : JungleeGames.Rummy.CmdLoadCards:Execute()
02-16 19:42:52.617  8554  8952 I Unity   : XcelerateGames.IOC.SignalSequencer:Execute(AbstractCommand, Boolean)
02-16 19:42:52.617  8554  8952 I Unity   : XcelerateGames.IOC.CommandBinder:OnSignal(AbstractSignal)
02-16 19:42:52.617  8554  8952 I Unity   : XcelerateGames.IOC.Signal`3:Dispatch(T, U, V)
02-16 19:42:52.617  8554  8952 I Unity   : JungleeGames.Rummy.CmdOnFlutterMessage:Execute()
02-16 19:42:52.617  8554  8952 I Unity   : XcelerateGames.IOC.SignalSequencer:Execute(AbstractCommand, Boolean)
02-16 19:42:52.617  8554  8952 I Unity   : XcelerateGames.IOC.CommandBinder:OnSignal(AbstractSignal)
02-16 19:42:52.617  8554  8952 I Unity   : XcelerateGames.IOC.Signal`1:Dispatch(T)
02-16 19:42:52.617  8554  8952 I Unity   : XcelerateGames.FlutterWidget.UnityMessageManager:onMessage(String)
02-16 19:42:52.617  8554  8952 I Unity   : 
02-16 19:42:52.622  8554  8952 I Unity   : 7:42:52 PM : SendMessageToFlutter: GetAvatarList "{"type":"GetAvatarList"}"
02-16 19:42:52.622  8554  8952 I Unity   : XcelerateGames.FlutterWidget.UnityMessageManager:SendMessageToFlutter(FlutterMessage)
02-16 19:42:52.622  8554  8952 I Unity   : XcelerateGames.IOC.Signal`1:Dispatch(T)
02-16 19:42:52.622  8554  8952 I Unity   : JungleeGames.Rummy.CmdOnFlutterMessage:Execute()
02-16 19:42:52.622  8554  8952 I Unity   : XcelerateGames.IOC.SignalSequencer:Execute(AbstractCommand, Boolean)
02-16 19:42:52.622  8554  8952 I Unity   : XcelerateGames.IOC.CommandBinder:OnSignal(AbstractSignal)
02-16 19:42:52.622  8554  8952 I Unity   : XcelerateGames.IOC.Signal`1:Dispatch(T)
02-16 19:42:52.622  8554  8952 I Unity   : XcelerateGames.FlutterWidget.UnityMessageManager:onMessage(String)
02-16 19:42:52.622  8554  8952 I Unity   : 
02-16 19:42:52.622  8554  8952 D UnityListener: total listeners are 1
02-16 19:42:52.801  8554  8952 I Unity   : CmdLoadCards:OnCardsLoaded : ***********
02-16 19:42:52.801  8554  8952 I Unity   : JungleeGames.Rummy.CmdLoadCards:OnCardsAtlasLoaded(ResourceEvent, String, Object, Object)
02-16 19:42:52.801  8554  8952 I Unity   : XcelerateGames.AssetLoading.Resource:SendEvent(ResourceEvent, AssetInfo, Object, Boolean)
02-16 19:42:52.801  8554  8952 I Unity   : XcelerateGames.AssetLoading.Resource:OnResourceLoaded(UnityWebRequest, Single, Boolean)
02-16 19:42:52.801  8554  8952 I Unity   : XcelerateGames.AssetLoading.<LoadAssetBundle>d__5:MoveNext()
02-16 19:42:52.801  8554  8952 I Unity   : UnityEngine.SetupCoroutine:InvokeMoveNext(IEnumerator, IntPtr)
02-16 19:42:52.801  8554  8952 I Unity   : 
02-16 19:42:53.005  8554  8669 I flutter : tournament collection start :: 807 syncWithRegisteredPlayersCount 23
02-16 19:42:53.006  8554  8669 I flutter : tournament collection end :: 807 syncWithRegisteredPlayersCount 23
02-16 19:42:53.184  8554  8952 I Unity   : Loaded SpriteAtlas with 59 sprites & created 1 cards.
02-16 19:42:53.184  8554  8952 I Unity   : JungleeGames.Rummy.CmdLoadCards:OnCardsAtlasLoaded(ResourceEvent, String, Object, Object)
02-16 19:42:53.184  8554  8952 I Unity   : XcelerateGames.AssetLoading.Resource:SendEvent(ResourceEvent, AssetInfo, Object, Boolean)
02-16 19:42:53.184  8554  8952 I Unity   : XcelerateGames.AssetLoading.Resource:OnResourceLoaded(UnityWebRequest, Single, Boolean)
02-16 19:42:53.184  8554  8952 I Unity   : XcelerateGames.AssetLoading.<LoadAssetBundle>d__5:MoveNext()
02-16 19:42:53.184  8554  8952 I Unity   : UnityEngine.SetupCoroutine:InvokeMoveNext(IEnumerator, IntPtr)
02-16 19:42:53.184  8554  8952 I Unity   : 
02-16 19:42:53.189  8554  8952 I Unity   : CmdCreateTable:Execute : ***********, tablepoints
02-16 19:42:53.189  8554  8952 I Unity   : JungleeGames.Rummy.CmdCreateTable:Execute()
02-16 19:42:53.189  8554  8952 I Unity   : XcelerateGames.IOC.SignalSequencer:Execute(AbstractCommand, Boolean)
02-16 19:42:53.189  8554  8952 I Unity   : XcelerateGames.IOC.SignalSequencer:ExecuteNext()
02-16 19:42:53.189  8554  8952 I Unity   : JungleeGames.Rummy.CmdLoadCards:OnCardsAtlasLoaded(ResourceEvent, String, Object, Object)
02-16 19:42:53.189  8554  8952 I Unity   : XcelerateGames.AssetLoading.Resource:SendEvent(ResourceEvent, AssetInfo, Object, Boolean)
02-16 19:42:53.189  8554  8952 I Unity   : XcelerateGames.AssetLoading.Resource:OnResourceLoaded(UnityWebRequest, Single, Boolean)
02-16 19:42:53.189  8554  8952 I Unity   : XcelerateGames.AssetLoading.<LoadAssetBundle>d__5:MoveNext()
02-16 19:42:53.189  8554  8952 I Unity   : UnityEngine.SetupCoroutine:InvokeMoveNext(IEnumerator, IntPtr)
02-16 19:42:53.189  8554  8952 I Unity   : 
02-16 19:42:53.208  8554  8952 I Unity   : 7:42:53 PM : MessageFromFlutter: "{"type":"SetRumbleLBListMsg","data":"{\"leaderboards\":[{\"leaderboardName\":\"Daily Leaderboard-16\",\"leaderboardId\":4361,\"startDate\":\"2024-02-16 00:01:00.0\",\"endDate\":\"2024-02-16 23:59:00.0\",\"scheduleType\":\"DAILY\",\"optIn\":true,\"entryFee\":0.0,\"prizePool\":20000}],\"type\":\"sm-rumble-leaderboard-list-msg\"}"}"
02-16 19:42:53.208  8554  8952 I Unity   : XcelerateGames.FlutterWidget.UnityMessageManager:onMessage(String)
02-16 19:42:53.208  8554  8952 I Unity   : 
02-16 19:42:53.239  8554  8952 I Unity   : 7:42:53 PM : SendMessageToFlutter: GetRumbleLBResponseMsg "{"type":"GetRumbleLBResponseMsg","data":"{\"leaderboardId\":4361}"}"
02-16 19:42:53.239  8554  8952 I Unity   : XcelerateGames.FlutterWidget.UnityMessageManager:SendMessageToFlutter(FlutterMessage)
02-16 19:42:53.239  8554  8952 I Unity   : XcelerateGames.IOC.Signal`1:Dispatch(T)
02-16 19:42:53.239  8554  8952 I Unity   : XcelerateGames.IOC.Signal`1:Dispatch(T)
02-16 19:42:53.239  8554  8952 I Unity   : JungleeGames.Rummy.UiLeaderBoardManager:OnLBListMessage(SM_RUMBLE_LEADERBOARD_LIST_MESSAGE)
02-16 19:42:53.239  8554  8952 I Unity   : XcelerateGames.IOC.Signal`1:Dispatch(T)
02-16 19:42:53.239  8554  8952 I Unity   : JungleeGames.Rummy.CmdOnFlutterMessage:Execute()
02-16 19:42:53.239  8554  8952 I Unity   : XcelerateGames.IOC.SignalSequencer:Execute(AbstractCommand, Boolean)
02-16 19:42:53.239  8554  8952 I Unity   : XcelerateGames.IOC.CommandBinder:OnSignal(AbstractSignal)
02-16 19:42:53.239  8554  8952 I Unity   : XcelerateGames.IOC.Signal`1:Dispatch(T)
02-16 19:42:53.239  8554  8952 I Unity   : XcelerateGames.FlutterWidget.UnityMessageManager:onMessage(String)
02-16 19:42:53.239  8554  8952 I Unity   : 
02-16 19:42:53.239  8554  8952 D UnityListener: total listeners are 1
02-16 19:42:53.242  8554  8952 I Unity   : 7:42:53 PM : MessageFromFlutter: "{"type":"AvatarList","data":"{\"avatars\":[\"1.png\",\"2.png\",\"3.png\",\"4.png\",\"5.png\",\"6.png\",\"7.png\",\"8.png\",\"9.png\",\"11.png\",\"12.png\",\"13.png\",\"14.png\",\"15.png\",\"16.png\",\"17.png\",\"18.png\",\"19.png\",\"21.png\",\"22.png\",\"23.png\",\"24.png\",\"25.png\",\"26.png\",\"27.png\",\"28.png\",\"29.png\",\"32.png\",\"33.png\",\"34.png\",\"35.png\",\"36.png\",\"37.png\",\"38.png\",\"41.png\",\"42.png\",\"43.png\",\"44.png\",\"45.png\",\"46.png\",\"47.png\",\"48.png\",\"51.png\",\"52.png\",\"53.png\",\"54.png\",\"56.png\",\"57.png\",\"58.png\",\"62.png\",\"63.png\"],\"baseURL\":\"*************************************************************************
02-16 19:42:53.242  8554  8952 I Unity   : XcelerateGames.FlutterWidget.UnityMessageManager:onMessage(String)
02-16 19:42:53.242  8554  8952 I Unity   : 
02-16 19:42:53.412  8554  8952 W Unity   : The referenced script (Coffee.UIExtensions.UIParticle) on this Behaviour is missing!
02-16 19:42:53.412  8554  8952 W Unity   : XcelerateGames.AssetLoading.Resource:OnResourceLoaded(UnityWebRequest, Single, Boolean)
02-16 19:42:53.412  8554  8952 W Unity   : XcelerateGames.AssetLoading.<LoadAssetBundle>d__5:MoveNext()
02-16 19:42:53.412  8554  8952 W Unity   : UnityEngine.SetupCoroutine:InvokeMoveNext(IEnumerator, IntPtr)
02-16 19:42:53.412  8554  8952 W Unity   : 
02-16 19:42:53.412  8554  8952 W Unity   : [ line -1210992712]
02-16 19:42:53.412  8554  8952 W Unity   : 
02-16 19:42:53.414  8554  8952 W Unity   : The referenced script on this Behaviour (Game Object '') is missing!
02-16 19:42:53.414  8554  8952 W Unity   : XcelerateGames.AssetLoading.Resource:OnResourceLoaded(UnityWebRequest, Single, Boolean)
02-16 19:42:53.414  8554  8952 W Unity   : XcelerateGames.AssetLoading.<LoadAssetBundle>d__5:MoveNext()
02-16 19:42:53.414  8554  8952 W Unity   : UnityEngine.SetupCoroutine:InvokeMoveNext(IEnumerator, IntPtr)
02-16 19:42:53.414  8554  8952 W Unity   : 
02-16 19:42:53.414  8554  8952 W Unity   : [ line -1210992920]
02-16 19:42:53.414  8554  8952 W Unity   : 
02-16 19:42:53.726  8554  8952 I Unity   : 7:42:53 PM : SendMessageToFlutter: GameTableState "{"type":"GameTableState","data":"{\"tableId\":\"***********\",\"gameState\":\"TABLE_LOADED\"}"}"
02-16 19:42:53.726  8554  8952 I Unity   : XcelerateGames.FlutterWidget.UnityMessageManager:SendMessageToFlutter(FlutterMessage)
02-16 19:42:53.726  8554  8952 I Unity   : XcelerateGames.IOC.Signal`1:Dispatch(T)
02-16 19:42:53.726  8554  8952 I Unity   : JungleeGames.Rummy.CmdSendGameStateToFlutter:SendStateToFlutter()
02-16 19:42:53.726  8554  8952 I Unity   : JungleeGames.Rummy.CmdSendGameStateToFlutter:Execute()
02-16 19:42:53.726  8554  8952 I Unity   : XcelerateGames.IOC.SignalSequencer:Execute(AbstractCommand, Boolean)
02-16 19:42:53.726  8554  8952 I Unity   : XcelerateGames.IOC.CommandBinder:OnSignal(AbstractSignal)
02-16 19:42:53.726  8554  8952 I Unity   : XcelerateGames.IOC.Signal`2:Dispatch(T, U)
02-16 19:42:53.726  8554  8952 I Unity   : JungleeGames.Rummy.CmdCreateTable:OnAssetBundleLoaded(ResourceEvent, String, Object, Object)
02-16 19:42:53.726  8554  8952 I Unity   : XcelerateGames.AssetLoading.Resource:SendEvent(ResourceEvent, AssetInfo, Object, Boolean)
02-16 19:42:53.726  8554  8952 I Unity   : XcelerateGames.AssetLoading.Resource:OnResourceLoaded(UnityWebRequest, Single, Boolean)
02-16 19:42:53.726  8554  8952 I Unity   : XcelerateGames.AssetLoading.<LoadAssetBundle>d__5:MoveNext()
02-16 19:42:53.726  8554  8952 I Unity   : UnityEngine.SetupCoroutine:InvokeMoveNext(IEnumerator, IntPtr)
02-16 19:42:53.726  8554  8952 I Unity   : 
02-16 19:42:53.727  8554  8952 D UnityListener: total listeners are 1
02-16 19:42:53.734  8554  8952 I Unity   : 7:42:53 PM : SendMessageToFlutter: ClickStream "{"type":"ClickStream","data":"{\"key\":\"table_loaded\",\"source\":\"game_table_load\",\"journey\":\"game_table\",\"metadata\":{\"userId\":86240959,\"timeStamp\":\"2024-02-16T19:42:53.727406+05:30\",\"tableid\":***********}}"}"
02-16 19:42:53.734  8554  8952 I Unity   : XcelerateGames.FlutterWidget.UnityMessageManager:SendMessageToFlutter(FlutterMessage)
02-16 19:42:53.734  8554  8952 I Unity   : XcelerateGames.IOC.Signal`1:Dispatch(T)
02-16 19:42:53.734  8554  8952 I Unity   : JungleeGames.Rummy.CmdSendClickStreamEvent:SendClickStreamData()
02-16 19:42:53.734  8554  8952 I Unity   : JungleeGames.Rummy.CmdSendClickStreamEvent:Execute()
02-16 19:42:53.734  8554  8952 I Unity   : XcelerateGames.IOC.SignalSequencer:Execute(AbstractCommand, Boolean)
02-16 19:42:53.734  8554  8952 I Unity   : XcelerateGames.IOC.CommandBinder:OnSignal(AbstractSignal)
02-16 19:42:53.734  8554  8952 I Unity   : XcelerateGames.IOC.Signal`3:Dispatch(T, U, V)
02-16 19:42:53.734  8554  8952 I Unity   : JungleeGames.Rummy.CmdCreateTable:SendTableloaded()
02-16 19:42:53.734  8554  8952 I Unity   : JungleeGames.Rummy.CmdCreateTable:OnAssetBundleLoaded(ResourceEvent, String, Object, Object)
02-16 19:42:53.734  8554  8952 I Unity   : XcelerateGames.AssetLoading.Resource:SendEvent(ResourceEvent, AssetInfo, Object, Boolean)
02-16 19:42:53.734  8554  8952 I Unity   : XcelerateGames.AssetLoading.Resource:OnResourceLoaded(UnityWebRequest, Single, Boolean)
02-16 19:42:53.734  8554  8952 I Unity   : Xcelera
02-16 19:42:53.734  8554  8952 D UnityListener: total listeners are 1
02-16 19:42:53.749  8554  8952 W Unity   : The referenced script on this Behaviour (Game Object '<null>') is missing!
02-16 19:42:53.749  8554  8952 W Unity   : UnityEngine.Object:Internal_InstantiateSingle(Object, Vector3, Quaternion)
02-16 19:42:53.749  8554  8952 W Unity   : UnityEngine.Object:Instantiate(Object, Vector3, Quaternion)
02-16 19:42:53.749  8554  8952 W Unity   : UnityEngine.Object:Instantiate(T, Vector3, Quaternion, Transform)
02-16 19:42:53.749  8554  8952 W Unity   : XcelerateGames.Utilities:AddChild(Transform, GameObject)
02-16 19:42:53.749  8554  8952 W Unity   : XcelerateGames.Utilities:Instantiate(Object, String, Transform)
02-16 19:42:53.749  8554  8952 W Unity   : JungleeGames.Rummy.CmdCreateTable:OnAssetBundleLoaded(ResourceEvent, String, Object, Object)
02-16 19:42:53.749  8554  8952 W Unity   : XcelerateGames.AssetLoading.Resource:SendEvent(ResourceEvent, AssetInfo, Object, Boolean)
02-16 19:42:53.749  8554  8952 W Unity   : XcelerateGames.AssetLoading.Resource:OnResourceLoaded(UnityWebRequest, Single, Boolean)
02-16 19:42:53.749  8554  8952 W Unity   : XcelerateGames.AssetLoading.<LoadAssetBundle>d__5:MoveNext()
02-16 19:42:53.749  8554  8952 W Unity   : UnityEngine.SetupCoroutine:InvokeMoveNext(IEnumerator, IntPtr)
02-16 19:42:53.749  8554  8952 W Unity   : 
02-16 19:42:53.749  8554  8952 W Unity   : [ line -1210994312]
02-16 19:42:53.749  8554  8952 W Unity   : 
02-16 19:42:53.760  8554  8952 W Unity   : The referenced script (Coffee.UIExtensions.UIParticle) on this Behaviour is missing!
02-16 19:42:53.760  8554  8952 W Unity   : UnityEngine.Object:Internal_InstantiateSingle(Object, Vector3, Quaternion)
02-16 19:42:53.760  8554  8952 W Unity   : UnityEngine.Object:Instantiate(Object, Vector3, Quaternion)
02-16 19:42:53.760  8554  8952 W Unity   : UnityEngine.Object:Instantiate(T, Vector3, Quaternion, Transform)
02-16 19:42:53.760  8554  8952 W Unity   : XcelerateGames.Utilities:AddChild(Transform, GameObject)
02-16 19:42:53.760  8554  8952 W Unity   : XcelerateGames.Utilities:Instantiate(Object, String, Transform)
02-16 19:42:53.760  8554  8952 W Unity   : JungleeGames.Rummy.CmdCreateTable:OnAssetBundleLoaded(ResourceEvent, String, Object, Object)
02-16 19:42:53.760  8554  8952 W Unity   : XcelerateGames.AssetLoading.Resource:SendEvent(ResourceEvent, AssetInfo, Object, Boolean)
02-16 19:42:53.760  8554  8952 W Unity   : XcelerateGames.AssetLoading.Resource:OnResourceLoaded(UnityWebRequest, Single, Boolean)
02-16 19:42:53.760  8554  8952 W Unity   : XcelerateGames.AssetLoading.<LoadAssetBundle>d__5:MoveNext()
02-16 19:42:53.760  8554  8952 W Unity   : UnityEngine.SetupCoroutine:InvokeMoveNext(IEnumerator, IntPtr)
02-16 19:42:53.760  8554  8952 W Unity   : 
02-16 19:42:53.760  8554  8952 W Unity   : [ line -1210993192]
02-16 19:42:53.760  8554  8952 W Unity   : 
02-16 19:42:53.763  8554  8952 W Unity   : The referenced script on this Behaviour (Game Object 'UIParticle') is missing!
02-16 19:42:53.763  8554  8952 W Unity   : UnityEngine.Object:Internal_InstantiateSingle(Object, Vector3, Quaternion)
02-16 19:42:53.763  8554  8952 W Unity   : UnityEngine.Object:Instantiate(Object, Vector3, Quaternion)
02-16 19:42:53.763  8554  8952 W Unity   : UnityEngine.Object:Instantiate(T, Vector3, Quaternion, Transform)
02-16 19:42:53.763  8554  8952 W Unity   : XcelerateGames.Utilities:AddChild(Transform, GameObject)
02-16 19:42:53.763  8554  8952 W Unity   : XcelerateGames.Utilities:Instantiate(Object, String, Transform)
02-16 19:42:53.763  8554  8952 W Unity   : JungleeGames.Rummy.CmdCreateTable:OnAssetBundleLoaded(ResourceEvent, String, Object, Object)
02-16 19:42:53.763  8554  8952 W Unity   : XcelerateGames.AssetLoading.Resource:SendEvent(ResourceEvent, AssetInfo, Object, Boolean)
02-16 19:42:53.763  8554  8952 W Unity   : XcelerateGames.AssetLoading.Resource:OnResourceLoaded(UnityWebRequest, Single, Boolean)
02-16 19:42:53.763  8554  8952 W Unity   : XcelerateGames.AssetLoading.<LoadAssetBundle>d__5:MoveNext()
02-16 19:42:53.763  8554  8952 W Unity   : UnityEngine.SetupCoroutine:InvokeMoveNext(IEnumerator, IntPtr)
02-16 19:42:53.763  8554  8952 W Unity   : 
02-16 19:42:53.763  8554  8952 W Unity   : [ line -1210992808]
02-16 19:42:53.763  8554  8952 W Unity   : 
02-16 19:42:53.819  8554  8952 I Unity   : table created 1
02-16 19:42:53.819  8554  8952 I Unity   : JungleeGames.Rummy.UiTable:Awake()
02-16 19:42:53.819  8554  8952 I Unity   : JungleeGames.Rummy.UiTablePoints:Awake()
02-16 19:42:53.819  8554  8952 I Unity   : UnityEngine.Object:Internal_InstantiateSingle(Object, Vector3, Quaternion)
02-16 19:42:53.819  8554  8952 I Unity   : UnityEngine.Object:Instantiate(Object, Vector3, Quaternion)
02-16 19:42:53.819  8554  8952 I Unity   : UnityEngine.Object:Instantiate(T, Vector3, Quaternion, Transform)
02-16 19:42:53.819  8554  8952 I Unity   : XcelerateGames.Utilities:AddChild(Transform, GameObject)
02-16 19:42:53.819  8554  8952 I Unity   : XcelerateGames.Utilities:Instantiate(Object, String, Transform)
02-16 19:42:53.819  8554  8952 I Unity   : JungleeGames.Rummy.CmdCreateTable:OnAssetBundleLoaded(ResourceEvent, String, Object, Object)
02-16 19:42:53.819  8554  8952 I Unity   : XcelerateGames.AssetLoading.Resource:SendEvent(ResourceEvent, AssetInfo, Object, Boolean)
02-16 19:42:53.819  8554  8952 I Unity   : XcelerateGames.AssetLoading.Resource:OnResourceLoaded(UnityWebRequest, Single, Boolean)
02-16 19:42:53.819  8554  8952 I Unity   : XcelerateGames.AssetLoading.<LoadAssetBundle>d__5:MoveNext()
02-16 19:42:53.819  8554  8952 I Unity   : UnityEngine.SetupCoroutine:InvokeMoveNext(IEnumerator, IntPtr)
02-16 19:42:53.819  8554  8952 I Unity   : 
02-16 19:42:53.883  8554  8952 I Unity   : CmdCreateTable:OnAssetBundleLoaded : ***********, tablepoints.rnd/PfUiTablePoints, PfUiTablePoints-***********
02-16 19:42:53.883  8554  8952 I Unity   : JungleeGames.Rummy.CmdCreateTable:OnAssetBundleLoaded(ResourceEvent, String, Object, Object)
02-16 19:42:53.883  8554  8952 I Unity   : XcelerateGames.AssetLoading.Resource:SendEvent(ResourceEvent, AssetInfo, Object, Boolean)
02-16 19:42:53.883  8554  8952 I Unity   : XcelerateGames.AssetLoading.Resource:OnResourceLoaded(UnityWebRequest, Single, Boolean)
02-16 19:42:53.883  8554  8952 I Unity   : XcelerateGames.AssetLoading.<LoadAssetBundle>d__5:MoveNext()
02-16 19:42:53.883  8554  8952 I Unity   : UnityEngine.SetupCoroutine:InvokeMoveNext(IEnumerator, IntPtr)
02-16 19:42:53.883  8554  8952 I Unity   : 
02-16 19:42:53.918  8554  8952 I Unity   : Set View on lb insance id -8246
02-16 19:42:53.918  8554  8952 I Unity   : JungleeGames.Rummy.UiLeaderBoardManager:SetView()
02-16 19:42:53.918  8554  8952 I Unity   : XcelerateGames.IOC.Signal`2:Dispatch(T, U)
02-16 19:42:53.918  8554  8952 I Unity   : JungleeGames.Rummy.CmdTableLoaded:Execute()
02-16 19:42:53.918  8554  8952 I Unity   : XcelerateGames.IOC.SignalSequencer:Execute(AbstractCommand, Boolean)
02-16 19:42:53.918  8554  8952 I Unity   : XcelerateGames.IOC.CommandBinder:OnSignal(AbstractSignal)
02-16 19:42:53.918  8554  8952 I Unity   : XcelerateGames.IOC.Signal`1:Dispatch(T)
02-16 19:42:53.918  8554  8952 I Unity   : JungleeGames.Rummy.UiTable:Init(Int64, Int32, List`1)
02-16 19:42:53.918  8554  8952 I Unity   : JungleeGames.Rummy.CmdCreateTable:OnAssetBundleLoaded(ResourceEvent, String, Object, Object)
02-16 19:42:53.918  8554  8952 I Unity   : XcelerateGames.AssetLoading.Resource:SendEvent(ResourceEvent, AssetInfo, Object, Boolean)
02-16 19:42:53.918  8554  8952 I Unity   : XcelerateGames.AssetLoading.Resource:OnResourceLoaded(UnityWebRequest, Single, Boolean)
02-16 19:42:53.918  8554  8952 I Unity   : XcelerateGames.AssetLoading.<LoadAssetBundle>d__5:MoveNext()
02-16 19:42:53.918  8554  8952 I Unity   : UnityEngine.SetupCoroutine:InvokeMoveNext(IEnumerator, IntPtr)
02-16 19:42:53.918  8554  8952 I Unity   : 
02-16 19:42:53.928  8554  8952 I Unity   : Connectivity Monitor Status :  Online
02-16 19:42:53.928  8554  8952 I Unity   : JungleeGames.Networking.SocketManager:OnNetworkStateChange(Status)
02-16 19:42:53.928  8554  8952 I Unity   : UnityEngine.GameObject:AddComponent()
02-16 19:42:53.928  8554  8952 I Unity   : JungleeGames.Rummy.CmdTableLoaded:AddSocket(Int64)
02-16 19:42:53.928  8554  8952 I Unity   : JungleeGames.Rummy.CmdTableLoaded:Execute()
02-16 19:42:53.928  8554  8952 I Unity   : XcelerateGames.IOC.SignalSequencer:Execute(AbstractCommand, Boolean)
02-16 19:42:53.928  8554  8952 I Unity   : XcelerateGames.IOC.CommandBinder:OnSignal(AbstractSignal)
02-16 19:42:53.928  8554  8952 I Unity   : XcelerateGames.IOC.Signal`1:Dispatch(T)
02-16 19:42:53.928  8554  8952 I Unity   : JungleeGames.Rummy.UiTable:Init(Int64, Int32, List`1)
02-16 19:42:53.928  8554  8952 I Unity   : JungleeGames.Rummy.CmdCreateTable:OnAssetBundleLoaded(ResourceEvent, String, Object, Object)
02-16 19:42:53.928  8554  8952 I Unity   : XcelerateGames.AssetLoading.Resource:SendEvent(ResourceEvent, AssetInfo, Object, Boolean)
02-16 19:42:53.928  8554  8952 I Unity   : XcelerateGames.AssetLoading.Resource:OnResourceLoaded(UnityWebRequest, Single, Boolean)
02-16 19:42:53.928  8554  8952 I Unity   : XcelerateGames.AssetLoading.<LoadAssetBundle>d__5:MoveNext()
02-16 19:42:53.928  8554  8952 I Unity   : UnityEngine.SetupCoroutine:InvokeMoveNext(IEnumerator, IntPtr)
02-16 19:42:53.928  8554  8952 I Unity   : 
02-16 19:42:53.944  8554  8952 I Unity   : CmdConnectionHandler _GameStateEnum: NONE
02-16 19:42:53.944  8554  8952 I Unity   : JungleeGames.Networking.CmdConnectionHandler:Execute()
02-16 19:42:53.944  8554  8952 I Unity   : XcelerateGames.IOC.SignalSequencer:Execute(AbstractCommand, Boolean)
02-16 19:42:53.944  8554  8952 I Unity   : XcelerateGames.IOC.CommandBinder:OnSignal(AbstractSignal)
02-16 19:42:53.944  8554  8952 I Unity   : XcelerateGames.IOC.Signal`3:Dispatch(T, U, V)
02-16 19:42:53.944  8554  8952 I Unity   : JungleeGames.Rummy.CmdTableLoaded:AddSocket(Int64)
02-16 19:42:53.944  8554  8952 I Unity   : JungleeGames.Rummy.CmdTableLoaded:Execute()
02-16 19:42:53.944  8554  8952 I Unity   : XcelerateGames.IOC.SignalSequencer:Execute(AbstractCommand, Boolean)
02-16 19:42:53.944  8554  8952 I Unity   : XcelerateGames.IOC.CommandBinder:OnSignal(AbstractSignal)
02-16 19:42:53.944  8554  8952 I Unity   : XcelerateGames.IOC.Signal`1:Dispatch(T)
02-16 19:42:53.944  8554  8952 I Unity   : JungleeGames.Rummy.UiTable:Init(Int64, Int32, List`1)
02-16 19:42:53.944  8554  8952 I Unity   : JungleeGames.Rummy.CmdCreateTable:OnAssetBundleLoaded(ResourceEvent, String, Object, Object)
02-16 19:42:53.944  8554  8952 I Unity   : XcelerateGames.AssetLoading.Resource:SendEvent(ResourceEvent, AssetInfo, Object, Boolean)
02-16 19:42:53.944  8554  8952 I Unity   : XcelerateGames.AssetLoading.Resource:OnResourceLoaded(UnityWebRequest, Single, Boolean)
02-16 19:42:53.944  8554  8952 I Unity   : XcelerateGames.AssetLoading.<LoadAssetBundle>d__5:MoveNext()
02-16 19:42:53.944  8554  8952 I Unity   : UnityEngine.SetupCoroutine:InvokeMoveNext(IEnumerator, IntPtr)
02-16 19:42:53.944  8554  8952 I Unity   : 
02-16 19:42:53.951  8554  8952 I Unity   : Initiating socket connections at url: wss://gsj.jungleerummy.com/************, table Id: *********** at time: 19:42:53.944, on *****************************************, Network reachable via: ReachableViaLocalAreaNetwork
02-16 19:42:53.951  8554  8952 I Unity   : JungleeGames.Networking.CmdConnectionHandler:Execute()
02-16 19:42:53.951  8554  8952 I Unity   : XcelerateGames.IOC.SignalSequencer:Execute(AbstractCommand, Boolean)
02-16 19:42:53.951  8554  8952 I Unity   : XcelerateGames.IOC.CommandBinder:OnSignal(AbstractSignal)
02-16 19:42:53.951  8554  8952 I Unity   : XcelerateGames.IOC.Signal`3:Dispatch(T, U, V)
02-16 19:42:53.951  8554  8952 I Unity   : JungleeGames.Rummy.CmdTableLoaded:AddSocket(Int64)
02-16 19:42:53.951  8554  8952 I Unity   : JungleeGames.Rummy.CmdTableLoaded:Execute()
02-16 19:42:53.951  8554  8952 I Unity   : XcelerateGames.IOC.SignalSequencer:Execute(AbstractCommand, Boolean)
02-16 19:42:53.951  8554  8952 I Unity   : XcelerateGames.IOC.CommandBinder:OnSignal(AbstractSignal)
02-16 19:42:53.951  8554  8952 I Unity   : XcelerateGames.IOC.Signal`1:Dispatch(T)
02-16 19:42:53.951  8554  8952 I Unity   : JungleeGames.Rummy.UiTable:Init(Int64, Int32, List`1)
02-16 19:42:53.951  8554  8952 I Unity   : JungleeGames.Rummy.CmdCreateTable:OnAssetBundleLoaded(ResourceEvent, String, Object, Object)
02-16 19:42:53.951  8554  8952 I Unity   : XcelerateGames.AssetLoading.Resource:SendEvent(ResourceEvent, AssetInfo, Object, Boolean)
02-16 19:42:53.951  8554  8952 I Unity   : XcelerateGames.AssetLoading.Resource:OnResourceLoaded(UnityWebRequest, Sin
02-16 19:42:53.975  8554  8952 I Unity   : CmdConnectionHanlder wss://gsj.jungleerummy.com/************: *********** => Executed!  7:42:53 PM
02-16 19:42:53.975  8554  8952 I Unity   : JungleeGames.Networking.CmdConnectionHandler:Execute()
02-16 19:42:53.975  8554  8952 I Unity   : XcelerateGames.IOC.SignalSequencer:Execute(AbstractCommand, Boolean)
02-16 19:42:53.975  8554  8952 I Unity   : XcelerateGames.IOC.CommandBinder:OnSignal(AbstractSignal)
02-16 19:42:53.975  8554  8952 I Unity   : XcelerateGames.IOC.Signal`3:Dispatch(T, U, V)
02-16 19:42:53.975  8554  8952 I Unity   : JungleeGames.Rummy.CmdTableLoaded:AddSocket(Int64)
02-16 19:42:53.975  8554  8952 I Unity   : JungleeGames.Rummy.CmdTableLoaded:Execute()
02-16 19:42:53.975  8554  8952 I Unity   : XcelerateGames.IOC.SignalSequencer:Execute(AbstractCommand, Boolean)
02-16 19:42:53.975  8554  8952 I Unity   : XcelerateGames.IOC.CommandBinder:OnSignal(AbstractSignal)
02-16 19:42:53.975  8554  8952 I Unity   : XcelerateGames.IOC.Signal`1:Dispatch(T)
02-16 19:42:53.975  8554  8952 I Unity   : JungleeGames.Rummy.UiTable:Init(Int64, Int32, List`1)
02-16 19:42:53.975  8554  8952 I Unity   : JungleeGames.Rummy.CmdCreateTable:OnAssetBundleLoaded(ResourceEvent, String, Object, Object)
02-16 19:42:53.975  8554  8952 I Unity   : XcelerateGames.AssetLoading.Resource:SendEvent(ResourceEvent, AssetInfo, Object, Boolean)
02-16 19:42:53.975  8554  8952 I Unity   : XcelerateGames.AssetLoading.Resource:OnResourceLoaded(UnityWebRequest, Single, Boolean)
02-16 19:42:53.975  8554  8952 I Unity   : XcelerateGames.AssetLoading.<LoadAssetBundle>d__5:MoveNext()
02-16 19:42:53.975  8554  8952 I Unity   : UnityEngine.SetupCoroutine:InvokeMoveNext(IEnume
02-16 19:42:53.989  8554  8952 I Unity   : 7:42:53 PM : SendMessageToFlutter: GameTableState "{"type":"GameTableState","data":"{\"tableId\":\"***********\",\"gameState\":\"WAITING_TO_JOIN_GAME\"}"}"
02-16 19:42:53.989  8554  8952 I Unity   : XcelerateGames.FlutterWidget.UnityMessageManager:SendMessageToFlutter(FlutterMessage)
02-16 19:42:53.989  8554  8952 I Unity   : XcelerateGames.IOC.Signal`1:Dispatch(T)
02-16 19:42:53.989  8554  8952 I Unity   : JungleeGames.Rummy.CmdSendGameStateToFlutter:SendStateToFlutter()
02-16 19:42:53.989  8554  8952 I Unity   : JungleeGames.Rummy.CmdSendGameStateToFlutter:Execute()
02-16 19:42:53.989  8554  8952 I Unity   : XcelerateGames.IOC.SignalSequencer:Execute(AbstractCommand, Boolean)
02-16 19:42:53.989  8554  8952 I Unity   : XcelerateGames.IOC.CommandBinder:OnSignal(AbstractSignal)
02-16 19:42:53.989  8554  8952 I Unity   : XcelerateGames.IOC.Signal`2:Dispatch(T, U)
02-16 19:42:53.989  8554  8952 I Unity   : JungleeGames.Rummy.CmdTableLoaded:AddSocket(Int64)
02-16 19:42:53.989  8554  8952 I Unity   : JungleeGames.Rummy.CmdTableLoaded:Execute()
02-16 19:42:53.989  8554  8952 I Unity   : XcelerateGames.IOC.SignalSequencer:Execute(AbstractCommand, Boolean)
02-16 19:42:53.989  8554  8952 I Unity   : XcelerateGames.IOC.CommandBinder:OnSignal(AbstractSignal)
02-16 19:42:53.989  8554  8952 I Unity   : XcelerateGames.IOC.Signal`1:Dispatch(T)
02-16 19:42:53.989  8554  8952 I Unity   : JungleeGames.Rummy.UiTable:Init(Int64, Int32, List`1)
02-16 19:42:53.989  8554  8952 I Unity   : JungleeGames.Rummy.CmdCreateTable:OnAssetBundleLoaded(ResourceEvent, String, Object, Object)
02-16 19:42:53.989  8554  8952 I Unity   : XcelerateGames.AssetLoading.Resource:Send
02-16 19:42:53.989  8554  8952 D UnityListener: total listeners are 1
02-16 19:42:54.003  8554  8952 I Unity   : Can show score indicator True
02-16 19:42:54.003  8554  8952 I Unity   : JungleeGames.Rummy.UiTable:Init(Int64, Int32, List`1)
02-16 19:42:54.003  8554  8952 I Unity   : JungleeGames.Rummy.CmdCreateTable:OnAssetBundleLoaded(ResourceEvent, String, Object, Object)
02-16 19:42:54.003  8554  8952 I Unity   : XcelerateGames.AssetLoading.Resource:SendEvent(ResourceEvent, AssetInfo, Object, Boolean)
02-16 19:42:54.003  8554  8952 I Unity   : XcelerateGames.AssetLoading.Resource:OnResourceLoaded(UnityWebRequest, Single, Boolean)
02-16 19:42:54.003  8554  8952 I Unity   : XcelerateGames.AssetLoading.<LoadAssetBundle>d__5:MoveNext()
02-16 19:42:54.003  8554  8952 I Unity   : UnityEngine.SetupCoroutine:InvokeMoveNext(IEnumerator, IntPtr)
02-16 19:42:54.003  8554  8952 I Unity   : 
02-16 19:42:54.015  8554  8669 I flutter : tournament collection start :: 999 syncWithRegisteredPlayersCount 23
02-16 19:42:54.021  8554  8669 I flutter : tournament collection end :: 999 syncWithRegisteredPlayersCount 23
02-16 19:42:54.028  8554  8952 I Unity   : 7:42:54 PM : MessageFromFlutter: "{"type":"SetRumbleLBResponseMsg","data":"{\"individualResult\":{\"userId\":86240959,\"rank\":-1,\"playerName\":\"anus217695\",\"points\":0,\"prizes\":0.0},\"results\":[{\"userId\":1143871,\"rank\":1,\"playerName\":\"JOKER496\",\"points\":79120,\"prizes\":5000.0},{\"userId\":4283585,\"rank\":2,\"playerName\":\"starsaif\",\"points\":48306,\"prizes\":4000.0},{\"userId\":3630623,\"rank\":3,\"playerName\":\"Jijuuuu\",\"points\":32862,\"prizes\":3000.0},{\"userId\":24244635,\"rank\":4,\"playerName\":\"satheeshbnpp\",\"points\":28354,\"prizes\":2000.0},{\"userId\":20921615,\"rank\":5,\"playerName\":\"Rohit-Virat\",\"points\":21940,\"prizes\":1500.0}],\"prizePool\":20000,\"startDate\":\"2024-02-16 00:01:00.0\",\"endDate\":\"2024-02-16 23:59:00.0\",\"scheduleType\":\"DAILY\",\"optIn\":true,\"entryFee\":0.0,\"leaderboardId\":4361,\"leaderboardName\":\"Daily Leaderboard-16\",\"minAmount\":500.0,\"type\":\"sm-rumble-leaderboard-response-msg\"}"}"
02-16 19:42:54.028  8554  8952 I Unity   : XcelerateGames.FlutterWidget.UnityMessag
02-16 19:42:54.099  8554  8952 I Unity   : Hiding transition layer
02-16 19:42:54.099  8554  8952 I Unity   : JungleeGames.Rummy.UiTransitionScreen:Hide()
02-16 19:42:54.099  8554  8952 I Unity   : JungleeGames.Rummy.<CheckOrientation>d__10:MoveNext()
02-16 19:42:54.099  8554  8952 I Unity   : UnityEngine.SetupCoroutine:InvokeMoveNext(IEnumerator, IntPtr)
02-16 19:42:54.099  8554  8952 I Unity   : 
02-16 19:42:54.300  8554  9204 I Unity   : SocketOpen => System.EventArgs
02-16 19:42:54.300  8554  9204 I Unity   : WebSocketSharp.WebSocket:open()
02-16 19:42:54.300  8554  9204 I Unity   : System.Threading.ThreadPoolWorkQueue:Dispatch()
02-16 19:42:54.300  8554  9204 I Unity   : 
02-16 19:42:54.646  8554  8952 I Unity   : Game state change on table id *********** is INITIALIZED
02-16 19:42:54.646  8554  8952 I Unity   : CmdChangeGameState:Execute()
02-16 19:42:54.646  8554  8952 I Unity   : XcelerateGames.IOC.SignalSequencer:Execute(AbstractCommand, Boolean)
02-16 19:42:54.646  8554  8952 I Unity   : XcelerateGames.IOC.CommandBinder:OnSignal(AbstractSignal)
02-16 19:42:54.646  8554  8952 I Unity   : XcelerateGames.IOC.Signal`2:Dispatch(T, U)
02-16 19:42:54.646  8554  8952 I Unity   : JungleeGames.Rummy.UiTable:OnSocketInit(SM_INIT)
02-16 19:42:54.646  8554  8952 I Unity   : XcelerateGames.IOC.Signal`1:Dispatch(T)
02-16 19:42:54.646  8554  8952 I Unity   : JungleeGames.Rummy.MessageProcessor:ProcessInit(String, Int64)
02-16 19:42:54.646  8554  8952 I Unity   : JungleeGames.Rummy.MessageProcessor:OnMessage(String, Int64)
02-16 19:42:54.646  8554  8952 I Unity   : XcelerateGames.IOC.Signal`2:Dispatch(T, U)
02-16 19:42:54.646  8554  8952 I Unity   : JungleeGames.Networking.SocketManager:Update()
02-16 19:42:54.646  8554  8952 I Unity   : 
02-16 19:42:54.652  8554  8952 I Unity   : 7:42:54 PM : SendMessageToFlutter: GameTableState "{"type":"GameTableState","data":"{\"tableId\":\"***********\",\"gameState\":\"JOINED_GAME\"}"}"
02-16 19:42:54.652  8554  8952 I Unity   : XcelerateGames.FlutterWidget.UnityMessageManager:SendMessageToFlutter(FlutterMessage)
02-16 19:42:54.652  8554  8952 I Unity   : XcelerateGames.IOC.Signal`1:Dispatch(T)
02-16 19:42:54.652  8554  8952 I Unity   : JungleeGames.Rummy.CmdSendGameStateToFlutter:SendStateToFlutter()
02-16 19:42:54.652  8554  8952 I Unity   : JungleeGames.Rummy.CmdSendGameStateToFlutter:Execute()
02-16 19:42:54.652  8554  8952 I Unity   : XcelerateGames.IOC.SignalSequencer:Execute(AbstractCommand, Boolean)
02-16 19:42:54.652  8554  8952 I Unity   : XcelerateGames.IOC.CommandBinder:OnSignal(AbstractSignal)
02-16 19:42:54.652  8554  8952 I Unity   : XcelerateGames.IOC.Signal`2:Dispatch(T, U)
02-16 19:42:54.652  8554  8952 I Unity   : JungleeGames.Networking.SocketManager:OnSocketInit(SM_INIT)
02-16 19:42:54.652  8554  8952 I Unity   : XcelerateGames.IOC.Signal`1:Dispatch(T)
02-16 19:42:54.652  8554  8952 I Unity   : JungleeGames.Rummy.MessageProcessor:ProcessInit(String, Int64)
02-16 19:42:54.652  8554  8952 I Unity   : JungleeGames.Rummy.MessageProcessor:OnMessage(String, Int64)
02-16 19:42:54.652  8554  8952 I Unity   : XcelerateGames.IOC.Signal`2:Dispatch(T, U)
02-16 19:42:54.652  8554  8952 I Unity   : JungleeGames.Networking.SocketManager:Update()
02-16 19:42:54.652  8554  8952 I Unity   : 
02-16 19:42:54.653  8554  8952 D UnityListener: total listeners are 1
02-16 19:42:54.673  8554  8952 I Unity   : [7:42:54 PM] [***********] Sending request to server {"_id":"p194","f1":***********,"f2":"0","f3":"psrmg","f4":false,"f5":"vivo Y16","f6":"5.1.59","f8":"Android","f9":"Android 12","f12":false,"f13":"28.4949663","f14":"77.0871913","f15":false,"f16":false,"f17":"anus217695","pid":86240959,"at":"eyJhbGciOiJIUzI1NiJ9.eyJzdWIiOiI4NjI0MDk1OSIsImV4cCI6MTcwODM1MTk2MX0.kXiTW4R2dm9vtBXK9uHMEYQGrw5bAtFAIIloVblnMNg","socketid":0}
02-16 19:42:54.673  8554  8952 I Unity   : JungleeGames.Networking.CmdClientRequestToServer:Execute()
02-16 19:42:54.673  8554  8952 I Unity   : XcelerateGames.IOC.SignalSequencer:Execute(AbstractCommand, Boolean)
02-16 19:42:54.673  8554  8952 I Unity   : XcelerateGames.IOC.CommandBinder:OnSignal(AbstractSignal)
02-16 19:42:54.673  8554  8952 I Unity   : XcelerateGames.IOC.Signal`3:Dispatch(T, U, V)
02-16 19:42:54.673  8554  8952 I Unity   : XcelerateGames.IOC.Signal`1:Dispatch(T)
02-16 19:42:54.673  8554  8952 I Unity   : JungleeGames.Rummy.MessageProcessor:ProcessInit(String, Int64)
02-16 19:42:54.673  8554  8952 I Unity   : JungleeGames.Rummy.MessageProcessor:OnMessage(String, Int64)
02-16 19:42:54.673  8554  8952 I Unity   : XcelerateGames.IOC.Signal`2:Dispatch(T, U)
02-16 19:42:54.673  8554  8952 I Unity   : JungleeGames.Networking.SocketManager:Update()
02-16 19:42:54.673  8554  8952 I Unity   : 
02-16 19:42:54.679  8554  8952 I Unity   : hiding all notification on table13476580071
02-16 19:42:54.679  8554  8952 I Unity   : JungleeGames.Rummy.RummyNotificationController:OnSigHideAllNotificationofTable(Int64)
02-16 19:42:54.679  8554  8952 I Unity   : XcelerateGames.IOC.Signal`1:Dispatch(T)
02-16 19:42:54.679  8554  8952 I Unity   : JungleeGames.Rummy.RummyServerConnectionMonitor:OnSocketConnect(SM_INIT)
02-16 19:42:54.679  8554  8952 I Unity   : XcelerateGames.IOC.Signal`1:Dispatch(T)
02-16 19:42:54.679  8554  8952 I Unity   : JungleeGames.Rummy.MessageProcessor:ProcessInit(String, Int64)
02-16 19:42:54.679  8554  8952 I Unity   : JungleeGames.Rummy.MessageProcessor:OnMessage(String, Int64)
02-16 19:42:54.679  8554  8952 I Unity   : XcelerateGames.IOC.Signal`2:Dispatch(T, U)
02-16 19:42:54.679  8554  8952 I Unity   : JungleeGames.Networking.SocketManager:Update()
02-16 19:42:54.679  8554  8952 I Unity   : 
02-16 19:42:54.682  8554  8952 I Unity   : Is Socket Connected?: True
02-16 19:42:54.682  8554  8952 I Unity   : XcelerateGames.Socket.ServerConnectionMonitor:OnSocketConnect(Boolean, WebSocketStatus)
02-16 19:42:54.682  8554  8952 I Unity   : XcelerateGames.IOC.Signal`1:Dispatch(T)
02-16 19:42:54.682  8554  8952 I Unity   : JungleeGames.Rummy.MessageProcessor:ProcessInit(String, Int64)
02-16 19:42:54.682  8554  8952 I Unity   : JungleeGames.Rummy.MessageProcessor:OnMessage(String, Int64)
02-16 19:42:54.682  8554  8952 I Unity   : XcelerateGames.IOC.Signal`2:Dispatch(T, U)
02-16 19:42:54.682  8554  8952 I Unity   : JungleeGames.Networking.SocketManager:Update()
02-16 19:42:54.682  8554  8952 I Unity   : 
02-16 19:42:54.737  8554  8952 I Unity   : Game state change on table id *********** is INITIALIZED
02-16 19:42:54.737  8554  8952 I Unity   : CmdChangeGameState:Execute()
02-16 19:42:54.737  8554  8952 I Unity   : XcelerateGames.IOC.SignalSequencer:Execute(AbstractCommand, Boolean)
02-16 19:42:54.737  8554  8952 I Unity   : XcelerateGames.IOC.CommandBinder:OnSignal(AbstractSignal)
02-16 19:42:54.737  8554  8952 I Unity   : XcelerateGames.IOC.Signal`2:Dispatch(T, U)
02-16 19:42:54.737  8554  8952 I Unity   : JungleeGames.Rummy.UiTable:OnUpdateTableInfo(SM_UPDATE_TABLE)
02-16 19:42:54.737  8554  8952 I Unity   : XcelerateGames.IOC.Signal`1:Dispatch(T)
02-16 19:42:54.737  8554  8952 I Unity   : JungleeGames.Rummy.MessageProcessor:OnMessage(String, Int64)
02-16 19:42:54.737  8554  8952 I Unity   : XcelerateGames.IOC.Signal`2:Dispatch(T, U)
